C:/BHI360/STM32-HAL-BHI360-F446RE/STM32-HAL-BHI360/Core/Src/main.c:95:5:main	112	static
C:/BHI360/STM32-HAL-BHI360-F446RE/STM32-HAL-BHI360/Core/Src/main.c:218:6:SystemClock_Config	88	static
C:/BHI360/STM32-HAL-BHI360-F446RE/STM32-HAL-BHI360/Core/Src/main.c:265:13:MX_I2C1_Init	8	static
C:/BHI360/STM32-HAL-BHI360-F446RE/STM32-HAL-BHI360/Core/Src/main.c:299:13:MX_TIM2_Init	32	static
C:/BHI360/STM32-HAL-BHI360-F446RE/STM32-HAL-BHI360/Core/Src/main.c:344:13:MX_USART2_UART_Init	8	static
C:/BHI360/STM32-HAL-BHI360-F446RE/STM32-HAL-BHI360/Core/Src/main.c:377:13:MX_GPIO_Init	40	static
C:/BHI360/STM32-HAL-BHI360-F446RE/STM32-HAL-BHI360/Core/Src/main.c:404:8:bhy2_i2c_read	40	static
C:/BHI360/STM32-HAL-BHI360-F446RE/STM32-HAL-BHI360/Core/Src/main.c:418:8:bhy2_i2c_write	40	static
C:/BHI360/STM32-HAL-BHI360-F446RE/STM32-HAL-BHI360/Core/Src/main.c:432:6:bhy2_delay_us	16	static
C:/BHI360/STM32-HAL-BHI360-F446RE/STM32-HAL-BHI360/Core/Src/main.c:438:6:HAL_TIM_PeriodElapsedCallback	24	static
C:/BHI360/STM32-HAL-BHI360-F446RE/STM32-HAL-BHI360/Core/Src/main.c:451:10:micros	16	static
C:/BHI360/STM32-HAL-BHI360-F446RE/STM32-HAL-BHI360/Core/Src/main.c:457:6:micros_delay	24	static
C:/BHI360/STM32-HAL-BHI360-F446RE/STM32-HAL-BHI360/Core/Src/main.c:477:6:UART2_printf	272	static
C:/BHI360/STM32-HAL-BHI360-F446RE/STM32-HAL-BHI360/Core/Src/main.c:494:6:Error_Handler	4	static,ignoring_inline_asm
