../bosch/bhi3.c:54:8:bhi3_physical_sensor_control_set_config	32	dynamic
../bosch/bhi3.c:95:8:bhi3_physical_sensor_control_get_config	56	dynamic
../bosch/bhi3.c:138:8:bhi3_wrist_gesture_detect_parse_data	0	static
../bosch/bhi3.c:157:8:bhi3_set_acc_foc	16	static
../bosch/bhi3.c:181:8:bhi3_get_acc_foc	16	static
../bosch/bhi3.c:206:8:bhi3_set_acc_power_mode	16	static
../bosch/bhi3.c:230:8:bhi3_get_acc_power_mode	16	static
../bosch/bhi3.c:254:8:bhi3_set_gyro_foc	16	static
../bosch/bhi3.c:278:8:bhi3_get_gyro_foc	16	static
../bosch/bhi3.c:303:8:bhi3_set_gyro_ois	16	static
../bosch/bhi3.c:327:8:bhi3_get_gyro_ois	16	static
../bosch/bhi3.c:351:8:bhi3_set_gyro_fast_startup	16	static
../bosch/bhi3.c:375:8:bhi3_get_gyro_fast_startup	16	static
../bosch/bhi3.c:399:8:bhi3_set_gyro_crt	16	static
../bosch/bhi3.c:425:8:bhi3_get_gyro_crt	16	static
../bosch/bhi3.c:450:8:bhi3_set_gyro_power_mode	16	static
../bosch/bhi3.c:474:8:bhi3_get_gyro_power_mode	16	static
../bosch/bhi3.c:498:8:bhi3_set_gyro_timer_auto_trim	16	static
../bosch/bhi3.c:522:8:bhi3_get_gyro_timer_auto_trim	16	static
../bosch/bhi3.c:546:8:bhi3_set_wrist_wear_wakeup_config	16	static
../bosch/bhi3.c:570:8:bhi3_get_wrist_wear_wakeup_config	16	static
../bosch/bhi3.c:594:8:bhi3_set_anymotion_config	16	static
../bosch/bhi3.c:618:8:bhi3_get_anymotion_config	16	static
../bosch/bhi3.c:642:8:bhi3_set_nomotion_config	16	static
../bosch/bhi3.c:666:8:bhi3_get_nomotion_config	16	static
../bosch/bhi3.c:690:8:bhi3_set_wrist_gesture_detect_config	16	static
../bosch/bhi3.c:714:8:bhi3_get_wrist_gesture_detect_config	16	static
