Archive member included to satisfy reference by file (symbol)

/home/omar/st/stm32cubeide_1.9.0/plugins/com.st.stm32cube.ide.mcu.externaltools.gnu-tools-for-stm32.10.3-2021.10.linux64_1.0.0.202111181127/tools/bin/../lib/gcc/arm-none-eabi/10.3.1/../../../../arm-none-eabi/lib/thumb/v7e-m+fp/hard/libc_nano.a(lib_a-errno.o)
                              ./Application/User/Core/syscalls.o (__errno)
/home/omar/st/stm32cubeide_1.9.0/plugins/com.st.stm32cube.ide.mcu.externaltools.gnu-tools-for-stm32.10.3-2021.10.linux64_1.0.0.202111181127/tools/bin/../lib/gcc/arm-none-eabi/10.3.1/../../../../arm-none-eabi/lib/thumb/v7e-m+fp/hard/libc_nano.a(lib_a-exit.o)
                              /home/omar/st/stm32cubeide_1.9.0/plugins/com.st.stm32cube.ide.mcu.externaltools.gnu-tools-for-stm32.10.3-2021.10.linux64_1.0.0.202111181127/tools/bin/../lib/gcc/arm-none-eabi/10.3.1/../../../../arm-none-eabi/lib/thumb/v7e-m+fp/hard/crt0.o (exit)
/home/omar/st/stm32cubeide_1.9.0/plugins/com.st.stm32cube.ide.mcu.externaltools.gnu-tools-for-stm32.10.3-2021.10.linux64_1.0.0.202111181127/tools/bin/../lib/gcc/arm-none-eabi/10.3.1/../../../../arm-none-eabi/lib/thumb/v7e-m+fp/hard/libc_nano.a(lib_a-impure.o)
                              /home/omar/st/stm32cubeide_1.9.0/plugins/com.st.stm32cube.ide.mcu.externaltools.gnu-tools-for-stm32.10.3-2021.10.linux64_1.0.0.202111181127/tools/bin/../lib/gcc/arm-none-eabi/10.3.1/../../../../arm-none-eabi/lib/thumb/v7e-m+fp/hard/libc_nano.a(lib_a-exit.o) (_global_impure_ptr)
/home/omar/st/stm32cubeide_1.9.0/plugins/com.st.stm32cube.ide.mcu.externaltools.gnu-tools-for-stm32.10.3-2021.10.linux64_1.0.0.202111181127/tools/bin/../lib/gcc/arm-none-eabi/10.3.1/../../../../arm-none-eabi/lib/thumb/v7e-m+fp/hard/libc_nano.a(lib_a-init.o)
                              /home/omar/st/stm32cubeide_1.9.0/plugins/com.st.stm32cube.ide.mcu.externaltools.gnu-tools-for-stm32.10.3-2021.10.linux64_1.0.0.202111181127/tools/bin/../lib/gcc/arm-none-eabi/10.3.1/../../../../arm-none-eabi/lib/thumb/v7e-m+fp/hard/crt0.o (__libc_init_array)
/home/omar/st/stm32cubeide_1.9.0/plugins/com.st.stm32cube.ide.mcu.externaltools.gnu-tools-for-stm32.10.3-2021.10.linux64_1.0.0.202111181127/tools/bin/../lib/gcc/arm-none-eabi/10.3.1/../../../../arm-none-eabi/lib/thumb/v7e-m+fp/hard/libc_nano.a(lib_a-memcpy-stub.o)
                              ./Application/User/Core/bhy2.o (memcpy)
/home/omar/st/stm32cubeide_1.9.0/plugins/com.st.stm32cube.ide.mcu.externaltools.gnu-tools-for-stm32.10.3-2021.10.linux64_1.0.0.202111181127/tools/bin/../lib/gcc/arm-none-eabi/10.3.1/../../../../arm-none-eabi/lib/thumb/v7e-m+fp/hard/libc_nano.a(lib_a-memset.o)
                              /home/omar/st/stm32cubeide_1.9.0/plugins/com.st.stm32cube.ide.mcu.externaltools.gnu-tools-for-stm32.10.3-2021.10.linux64_1.0.0.202111181127/tools/bin/../lib/gcc/arm-none-eabi/10.3.1/../../../../arm-none-eabi/lib/thumb/v7e-m+fp/hard/crt0.o (memset)
/home/omar/st/stm32cubeide_1.9.0/plugins/com.st.stm32cube.ide.mcu.externaltools.gnu-tools-for-stm32.10.3-2021.10.linux64_1.0.0.202111181127/tools/bin/../lib/gcc/arm-none-eabi/10.3.1/../../../../arm-none-eabi/lib/thumb/v7e-m+fp/hard/libc_nano.a(lib_a-nano-vfprintf_float.o)
                              (_printf_float)
/home/omar/st/stm32cubeide_1.9.0/plugins/com.st.stm32cube.ide.mcu.externaltools.gnu-tools-for-stm32.10.3-2021.10.linux64_1.0.0.202111181127/tools/bin/../lib/gcc/arm-none-eabi/10.3.1/../../../../arm-none-eabi/lib/thumb/v7e-m+fp/hard/libc_nano.a(lib_a-nano-vfprintf_i.o)
                              /home/omar/st/stm32cubeide_1.9.0/plugins/com.st.stm32cube.ide.mcu.externaltools.gnu-tools-for-stm32.10.3-2021.10.linux64_1.0.0.202111181127/tools/bin/../lib/gcc/arm-none-eabi/10.3.1/../../../../arm-none-eabi/lib/thumb/v7e-m+fp/hard/libc_nano.a(lib_a-nano-vfprintf_float.o) (_printf_common)
/home/omar/st/stm32cubeide_1.9.0/plugins/com.st.stm32cube.ide.mcu.externaltools.gnu-tools-for-stm32.10.3-2021.10.linux64_1.0.0.202111181127/tools/bin/../lib/gcc/arm-none-eabi/10.3.1/../../../../arm-none-eabi/lib/thumb/v7e-m+fp/hard/libc_nano.a(lib_a-nano-vfscanf_float.o)
                              (_scanf_float)
/home/omar/st/stm32cubeide_1.9.0/plugins/com.st.stm32cube.ide.mcu.externaltools.gnu-tools-for-stm32.10.3-2021.10.linux64_1.0.0.202111181127/tools/bin/../lib/gcc/arm-none-eabi/10.3.1/../../../../arm-none-eabi/lib/thumb/v7e-m+fp/hard/libc_nano.a(lib_a-sf_nan.o)
                              /home/omar/st/stm32cubeide_1.9.0/plugins/com.st.stm32cube.ide.mcu.externaltools.gnu-tools-for-stm32.10.3-2021.10.linux64_1.0.0.202111181127/tools/bin/../lib/gcc/arm-none-eabi/10.3.1/../../../../arm-none-eabi/lib/thumb/v7e-m+fp/hard/libc_nano.a(lib_a-nano-vfscanf_float.o) (nanf)
/home/omar/st/stm32cubeide_1.9.0/plugins/com.st.stm32cube.ide.mcu.externaltools.gnu-tools-for-stm32.10.3-2021.10.linux64_1.0.0.202111181127/tools/bin/../lib/gcc/arm-none-eabi/10.3.1/../../../../arm-none-eabi/lib/thumb/v7e-m+fp/hard/libc_nano.a(lib_a-sprintf.o)
[...]
Memory Configuration

Name             Origin             Length             Attributes
RAM              0x0000000020000000 0x0000000000020000 xrw
FLASH            0x0000000008000000 0x0000000000080000 xr
*default*        0x0000000000000000 0xffffffffffffffff

Linker script and memory map

LOAD /home/omar/st/stm32cubeide_1.9.0/plugins/com.st.stm32cube.ide.mcu.externaltools.gnu-tools-for-stm32.10.3-2021.10.linux64_1.0.0.202111181127/tools/bin/../lib/gcc/arm-none-eabi/10.3.1/thumb/v7e-m+fp/hard/crti.o
LOAD /home/omar/st/stm32cubeide_1.9.0/plugins/com.st.stm32cube.ide.mcu.externaltools.gnu-tools-for-stm32.10.3-2021.10.linux64_1.0.0.202111181127/tools/bin/../lib/gcc/arm-none-eabi/10.3.1/thumb/v7e-m+fp/hard/crtbegin.o
LOAD /home/omar/st/stm32cubeide_1.9.0/plugins/com.st.stm32cube.ide.mcu.externaltools.gnu-tools-for-stm32.10.3-2021.10.linux64_1.0.0.202111181127/tools/bin/../lib/gcc/arm-none-eabi/10.3.1/../../../../arm-none-eabi/lib/thumb/v7e-m+fp/hard/crt0.o
LOAD ./Application/User/Core/bhy2.o
LOAD ./Application/User/Core/bhy2_hif.o
LOAD ./Application/User/Core/bhy2_parse.o
LOAD ./Application/User/Core/bosch_imu.o
LOAD ./Application/User/Core/common.o
LOAD ./Application/User/Core/main.o
LOAD ./Application/User/Core/stm32f4xx_hal_msp.o
LOAD ./Application/User/Core/stm32f4xx_it.o
LOAD ./Application/User/Core/syscalls.o
LOAD ./Application/User/Core/sysmem.o
LOAD ./Application/User/Startup/startup_stm32f446retx.o
LOAD ./Drivers/CMSIS/system_stm32f4xx.o
LOAD ./Drivers/STM32F4xx_HAL_Driver/stm32f4xx_hal.o
LOAD ./Drivers/STM32F4xx_HAL_Driver/stm32f4xx_hal_cortex.o
LOAD ./Drivers/STM32F4xx_HAL_Driver/stm32f4xx_hal_dma.o
LOAD ./Drivers/STM32F4xx_HAL_Driver/stm32f4xx_hal_dma_ex.o
LOAD ./Drivers/STM32F4xx_HAL_Driver/stm32f4xx_hal_exti.o
LOAD ./Drivers/STM32F4xx_HAL_Driver/stm32f4xx_hal_flash.o
LOAD ./Drivers/STM32F4xx_HAL_Driver/stm32f4xx_hal_flash_ex.o
LOAD ./Drivers/STM32F4xx_HAL_Driver/stm32f4xx_hal_flash_ramfunc.o
LOAD ./Drivers/STM32F4xx_HAL_Driver/stm32f4xx_hal_gpio.o
LOAD ./Drivers/STM32F4xx_HAL_Driver/stm32f4xx_hal_i2c.o
LOAD ./Drivers/STM32F4xx_HAL_Driver/stm32f4xx_hal_i2c_ex.o
LOAD ./Drivers/STM32F4xx_HAL_Driver/stm32f4xx_hal_pwr.o
LOAD ./Drivers/STM32F4xx_HAL_Driver/stm32f4xx_hal_pwr_ex.o
LOAD ./Drivers/STM32F4xx_HAL_Driver/stm32f4xx_hal_rcc.o
LOAD ./Drivers/STM32F4xx_HAL_Driver/stm32f4xx_hal_rcc_ex.o
LOAD ./Drivers/STM32F4xx_HAL_Driver/stm32f4xx_hal_tim.o
LOAD ./Drivers/STM32F4xx_HAL_Driver/stm32f4xx_hal_tim_ex.o
LOAD ./Drivers/STM32F4xx_HAL_Driver/stm32f4xx_hal_uart.o
LOAD ./bosch/bhi3.o
LOAD ./bosch/bhi3_multi_tap.o
LOAD ./bosch/bhy2_bsec.o
LOAD ./bosch/bhy2_head_tracker.o
LOAD ./bosch/bhy2_klio.o
LOAD ./bosch/bhy2_swim.o
START GROUP
LOAD /home/omar/st/stm32cubeide_1.9.0/plugins/com.st.stm32cube.ide.mcu.externaltools.gnu-tools-for-stm32.10.3-2021.10.linux64_1.0.0.202111181127/tools/bin/../lib/gcc/arm-none-eabi/10.3.1/../../../../arm-none-eabi/lib/thumb/v7e-m+fp/hard/libc_nano.a
LOAD /home/omar/st/stm32cubeide_1.9.0/plugins/com.st.stm32cube.ide.mcu.externaltools.gnu-tools-for-stm32.10.3-2021.10.linux64_1.0.0.202111181127/tools/bin/../lib/gcc/arm-none-eabi/10.3.1/../../../../arm-none-eabi/lib/thumb/v7e-m+fp/hard/libm.a
END GROUP
START GROUP
LOAD /home/omar/st/stm32cubeide_1.9.0/plugins/com.st.stm32cube.ide.mcu.externaltools.gnu-tools-for-stm32.10.3-2021.10.linux64_1.0.0.202111181127/tools/bin/../lib/gcc/arm-none-eabi/10.3.1/thumb/v7e-m+fp/hard/libgcc.a
LOAD /home/omar/st/stm32cubeide_1.9.0/plugins/com.st.stm32cube.ide.mcu.externaltools.gnu-tools-for-stm32.10.3-2021.10.linux64_1.0.0.202111181127/tools/bin/../lib/gcc/arm-none-eabi/10.3.1/../../../../arm-none-eabi/lib/thumb/v7e-m+fp/hard/libc_nano.a
END GROUP
START GROUP
LOAD /home/omar/st/stm32cubeide_1.9.0/plugins/com.st.stm32cube.ide.mcu.externaltools.gnu-tools-for-stm32.10.3-2021.10.linux64_1.0.0.202111181127/tools/bin/../lib/gcc/arm-none-eabi/10.3.1/thumb/v7e-m+fp/hard/libgcc.a
LOAD /home/omar/st/stm32cubeide_1.9.0/plugins/com.st.stm32cube.ide.mcu.externaltools.gnu-tools-for-stm32.10.3-2021.10.linux64_1.0.0.202111181127/tools/bin/../lib/gcc/arm-none-eabi/10.3.1/../../../../arm-none-eabi/lib/thumb/v7e-m+fp/hard/libc_nano.a
LOAD /home/omar/st/stm32cubeide_1.9.0/plugins/com.st.stm32cube.ide.mcu.externaltools.gnu-tools-for-stm32.10.3-2021.10.linux64_1.0.0.202111181127/tools/bin/../lib/gcc/arm-none-eabi/10.3.1/../../../../arm-none-eabi/lib/thumb/v7e-m+fp/hard/libnosys.a
END GROUP
START GROUP
LOAD /home/omar/st/stm32cubeide_1.9.0/plugins/com.st.stm32cube.ide.mcu.externaltools.gnu-tools-for-stm32.10.3-2021.10.linux64_1.0.0.202111181127/tools/bin/../lib/gcc/arm-none-eabi/10.3.1/thumb/v7e-m+fp/hard/libgcc.a
LOAD /home/omar/st/stm32cubeide_1.9.0/plugins/com.st.stm32cube.ide.mcu.externaltools.gnu-tools-for-stm32.10.3-2021.10.linux64_1.0.0.202111181127/tools/bin/../lib/gcc/arm-none-eabi/10.3.1/../../../../arm-none-eabi/lib/thumb/v7e-m+fp/hard/libc_nano.a
LOAD /home/omar/st/stm32cubeide_1.9.0/plugins/com.st.stm32cube.ide.mcu.externaltools.gnu-tools-for-stm32.10.3-2021.10.linux64_1.0.0.202111181127/tools/bin/../lib/gcc/arm-none-eabi/10.3.1/../../../../arm-none-eabi/lib/thumb/v7e-m+fp/hard/libnosys.a
END GROUP
LOAD /home/omar/st/stm32cubeide_1.9.0/plugins/com.st.stm32cube.ide.mcu.externaltools.gnu-tools-for-stm32.10.3-2021.10.linux64_1.0.0.202111181127/tools/bin/../lib/gcc/arm-none-eabi/10.3.1/thumb/v7e-m+fp/hard/crtend.o
LOAD /home/omar/st/stm32cubeide_1.9.0/plugins/com.st.stm32cube.ide.mcu.externaltools.gnu-tools-for-stm32.10.3-2021.10.linux64_1.0.0.202111181127/tools/bin/../lib/gcc/arm-none-eabi/10.3.1/thumb/v7e-m+fp/hard/crtn.o
                0x0000000020020000                _estack = (ORIGIN (RAM) + LENGTH (RAM))
                0x0000000000000200                _Min_Heap_Size = 0x200
                0x0000000000000400                _Min_Stack_Size = 0x400

.isr_vector     0x0000000008000000      0x1c4
                0x0000000008000000                . = ALIGN (0x4)
 *(.isr_vector)
 .isr_vector    0x0000000008000000      0x1c4 ./Application/User/Startup/startup_stm32f446retx.o
                0x0000000008000000                g_pfnVectors
                0x00000000080001c4                . = ALIGN (0x4)

.text           0x00000000080001d0     0x9248
                0x00000000080001d0                . = ALIGN (0x4)
 *(.text)
 .text          0x00000000080001d0       0x40 /home/omar/st/stm32cubeide_1.9.0/plugins/com.st.stm32cube.ide.mcu.externaltools.gnu-tools-for-stm32.10.3-2021.10.linux64_1.0.0.202111181127/tools/bin/../lib/gcc/arm-none-eabi/10.3.1/thumb/v7e-m+fp/hard/crtbegin.o
 .text          0x0000000008000210       0x10 /home/omar/st/stm32cubeide_1.9.0/plugins/com.st.stm32cube.ide.mcu.externaltools.gnu-tools-for-stm32.10.3-2021.10.linux64_1.0.0.202111181127/tools/bin/../lib/gcc/arm-none-eabi/10.3.1/../../../../arm-none-eabi/lib/thumb/v7e-m+fp/hard/libc_nano.a(lib_a-strlen.o)
                0x0000000008000210                strlen
 .text          0x0000000008000220       0xa0 /home/omar/st/stm32cubeide_1.9.0/plugins/com.st.stm32cube.ide.mcu.externaltools.gnu-tools-for-stm32.10.3-2021.10.linux64_1.0.0.202111181127/tools/bin/../lib/gcc/arm-none-eabi/10.3.1/../../../../arm-none-eabi/lib/thumb/v7e-m+fp/hard/libc_nano.a(lib_a-memchr.o)
                0x0000000008000220                memchr
 .text          0x00000000080002c0      0x378 /home/omar/st/stm32cubeide_1.9.0/plugins/com.st.stm32cube.ide.mcu.externaltools.gnu-tools-for-stm32.10.3-2021.10.linux64_1.0.0.202111181127/tools/bin/../lib/gcc/arm-none-eabi/10.3.1/thumb/v7e-m+fp/hard/libgcc.a(_arm_addsubdf3.o)
                0x00000000080002c0                __aeabi_drsub
                0x00000000080002c8                __aeabi_dsub
                0x00000000080002c8                __subdf3
                0x00000000080002cc                __adddf3
                0x00000000080002cc                __aeabi_dadd
                0x0000000008000544                __aeabi_ui2d
                0x0000000008000544                __floatunsidf
                0x0000000008000564                __floatsidf
                0x0000000008000564                __aeabi_i2d
                0x0000000008000588                __extendsfdf2
                0x0000000008000588                __aeabi_f2d
                0x00000000080005cc                __aeabi_ul2d
                0x00000000080005cc                __floatundidf
                0x00000000080005dc                __floatdidf
                0x00000000080005dc                __aeabi_l2d
 .text          0x0000000008000638      0x424 /home/omar/st/stm32cubeide_1.9.0/plugins/com.st.stm32cube.ide.mcu.externaltools.gnu-tools-for-stm32.10.3-2021.10.linux64_1.0.0.202111181127/tools/bin/../lib/gcc/arm-none-eabi/10.3.1/thumb/v7e-m+fp/hard/libgcc.a(_arm_muldivdf3.o)
                0x0000000008000638                __aeabi_dmul
                0x0000000008000638                __muldf3
                0x000000000800088c                __aeabi_ddiv
                0x000000000800088c                __divdf3
 .text          0x0000000008000a5c      0x110 /home/omar/st/stm32cubeide_1.9.0/plugins/com.st.stm32cube.ide.mcu.externaltools.gnu-tools-for-stm32.10.3-2021.10.linux64_1.0.0.202111181127/tools/bin/../lib/gcc/arm-none-eabi/10.3.1/thumb/v7e-m+fp/hard/libgcc.a(_arm_cmpdf2.o)
                0x0000000008000a5c                __gtdf2
                0x0000000008000a5c                __gedf2
                0x0000000008000a64                __ltdf2
                0x0000000008000a64                __ledf2
                0x0000000008000a6c                __cmpdf2
                0x0000000008000a6c                __eqdf2
                0x0000000008000a6c                __nedf2
                0x0000000008000ae8                __aeabi_cdrcmple
                0x0000000008000af8                __aeabi_cdcmple
                0x0000000008000af8                __aeabi_cdcmpeq
                0x0000000008000b08                __aeabi_dcmpeq
                0x0000000008000b1c                __aeabi_dcmplt
                0x0000000008000b30                __aeabi_dcmple
                0x0000000008000b44                __aeabi_dcmpge
                0x0000000008000b58                __aeabi_dcmpgt
 .text          0x0000000008000b6c       0x2c /home/omar/st/stm32cubeide_1.9.0/plugins/com.st.stm32cube.ide.mcu.externaltools.gnu-tools-for-stm32.10.3-2021.10.linux64_1.0.0.202111181127/tools/bin/../lib/gcc/arm-none-eabi/10.3.1/thumb/v7e-m+fp/hard/libgcc.a(_arm_unorddf2.o)
                0x0000000008000b6c                __aeabi_dcmpun
                0x0000000008000b6c                __unorddf2
 .text          0x0000000008000b98       0x50 /home/omar/st/stm32cubeide_1.9.0/plugins/com.st.stm32cube.ide.mcu.externaltools.gnu-tools-for-stm32.10.3-2021.10.linux64_1.0.0.202111181127/tools/bin/../lib/gcc/arm-none-eabi/10.3.1/thumb/v7e-m+fp/hard/libgcc.a(_arm_fixdfsi.o)
                0x0000000008000b98                __fixdfsi
                0x0000000008000b98                __aeabi_d2iz
 .text          0x0000000008000be8       0x40 /home/omar/st/stm32cubeide_1.9.0/plugins/com.st.stm32cube.ide.mcu.externaltools.gnu-tools-for-stm32.10.3-2021.10.linux64_1.0.0.202111181127/tools/bin/../lib/gcc/arm-none-eabi/10.3.1/thumb/v7e-m+fp/hard/libgcc.a(_arm_fixunsdfsi.o)
                0x0000000008000be8                __fixunsdfsi
                0x0000000008000be8                __aeabi_d2uiz
 .text          0x0000000008000c28       0xa0 /home/omar/st/stm32cubeide_1.9.0/plugins/com.st.stm32cube.ide.mcu.externaltools.gnu-tools-for-stm32.10.3-2021.10.linux64_1.0.0.202111181127/tools/bin/../lib/gcc/arm-none-eabi/10.3.1/thumb/v7e-m+fp/hard/libgcc.a(_arm_truncdfsf2.o)
                0x0000000008000c28                __aeabi_d2f
                0x0000000008000c28                __truncdfsf2
 .text          0x0000000008000cc8       0x30 /home/omar/st/stm32cubeide_1.9.0/plugins/com.st.stm32cube.ide.mcu.externaltools.gnu-tools-for-stm32.10.3-2021.10.linux64_1.0.0.202111181127/tools/bin/../lib/gcc/arm-none-eabi/10.3.1/thumb/v7e-m+fp/hard/libgcc.a(_aeabi_uldivmod.o)
                0x0000000008000cc8                __aeabi_uldivmod
 .text          0x0000000008000cf8       0x30 /home/omar/st/stm32cubeide_1.9.0/plugins/com.st.stm32cube.ide.mcu.externaltools.gnu-tools-for-stm32.10.3-2021.10.linux64_1.0.0.202111181127/tools/bin/../lib/gcc/arm-none-eabi/10.3.1/thumb/v7e-m+fp/hard/libgcc.a(_fixdfdi.o)
                0x0000000008000cf8                __aeabi_d2lz
                0x0000000008000cf8                __fixdfdi
 .text          0x0000000008000d28       0x3c /home/omar/st/stm32cubeide_1.9.0/plugins/com.st.stm32cube.ide.mcu.externaltools.gnu-tools-for-stm32.10.3-2021.10.linux64_1.0.0.202111181127/tools/bin/../lib/gcc/arm-none-eabi/10.3.1/thumb/v7e-m+fp/hard/libgcc.a(_fixunsdfdi.o)
                0x0000000008000d28                __aeabi_d2ulz
                0x0000000008000d28                __fixunsdfdi
 .text          0x0000000008000d64      0x2d0 /home/omar/st/stm32cubeide_1.9.0/plugins/com.st.stm32cube.ide.mcu.externaltools.gnu-tools-for-stm32.10.3-2021.10.linux64_1.0.0.202111181127/tools/bin/../lib/gcc/arm-none-eabi/10.3.1/thumb/v7e-m+fp/hard/libgcc.a(_udivmoddi4.o)
                0x0000000008000d64                __udivmoddi4
 .text          0x0000000008001034        0x4 /home/omar/st/stm32cubeide_1.9.0/plugins/com.st.stm32cube.ide.mcu.externaltools.gnu-tools-for-stm32.10.3-2021.10.linux64_1.0.0.202111181127/tools/bin/../lib/gcc/arm-none-eabi/10.3.1/thumb/v7e-m+fp/hard/libgcc.a(_dvmd_tls.o)
                0x0000000008001034                __aeabi_ldiv0
                0x0000000008001034                __aeabi_idiv0
 *(.text*)
 .text.parse_fifo
                0x0000000008001038      0x180 ./Application/User/Core/bhy2.o
 .text.bhy2_get_regs
                0x00000000080011b8        0xc ./Application/User/Core/bhy2.o
                0x00000000080011b8                bhy2_get_regs
 .text.bhy2_get_and_process_fifo
                0x00000000080011c4      0x14c ./Application/User/Core/bhy2.o
                0x00000000080011c4                bhy2_get_and_process_fifo
 .text.bhy2_set_virt_sensor_cfg
                0x0000000008001310        0xc ./Application/User/Core/bhy2.o
                0x0000000008001310                bhy2_set_virt_sensor_cfg
 .text.bhy2_get_product_id
                0x000000000800131c        0xc ./Application/User/Core/bhy2.o
                0x000000000800131c                bhy2_get_product_id
 .text.bhy2_get_rom_version
                0x0000000008001328        0xe ./Application/User/Core/bhy2.o
                0x0000000008001328                bhy2_get_rom_version
 .text.bhy2_get_kernel_version
                0x0000000008001336        0xc ./Application/User/Core/bhy2.o
                0x0000000008001336                bhy2_get_kernel_version
 .text.bhy2_get_user_version
                0x0000000008001342        0xc ./Application/User/Core/bhy2.o
                0x0000000008001342                bhy2_get_user_version
 .text.bhy2_get_boot_status
                0x000000000800134e        0xc ./Application/User/Core/bhy2.o
                0x000000000800134e                bhy2_get_boot_status
 .text.bhy2_get_host_status
                0x000000000800135a        0xc ./Application/User/Core/bhy2.o
                0x000000000800135a                bhy2_get_host_status
 .text.bhy2_get_feature_status
                0x0000000008001366        0xc ./Application/User/Core/bhy2.o
                0x0000000008001366                bhy2_get_feature_status
 .text.bhy2_get_virt_sensor_list
                0x0000000008001372       0x26 ./Application/User/Core/bhy2.o
                0x0000000008001372                bhy2_get_virt_sensor_list
 .text.bhy2_upload_firmware_to_ram
                0x0000000008001398        0xe ./Application/User/Core/bhy2.o
                0x0000000008001398                bhy2_upload_firmware_to_ram
 .text.bhy2_boot_from_ram
                0x00000000080013a6        0xc ./Application/User/Core/bhy2.o
                0x00000000080013a6                bhy2_boot_from_ram
 .text.bhy2_set_host_interrupt_ctrl
                0x00000000080013b2       0x22 ./Application/User/Core/bhy2.o
                0x00000000080013b2                bhy2_set_host_interrupt_ctrl
 .text.bhy2_get_host_interrupt_ctrl
                0x00000000080013d4       0x14 ./Application/User/Core/bhy2.o
                0x00000000080013d4                bhy2_get_host_interrupt_ctrl
 .text.bhy2_set_host_intf_ctrl
                0x00000000080013e8       0x22 ./Application/User/Core/bhy2.o
                0x00000000080013e8                bhy2_set_host_intf_ctrl
 .text.bhy2_soft_reset
                0x000000000800140a        0xc ./Application/User/Core/bhy2.o
                0x000000000800140a                bhy2_soft_reset
 .text.bhy2_init
                0x0000000008001416       0x44 ./Application/User/Core/bhy2.o
                0x0000000008001416                bhy2_init
 .text.bhy2_register_fifo_parse_callback
                0x000000000800145a       0x36 ./Application/User/Core/bhy2.o
                0x000000000800145a                bhy2_register_fifo_parse_callback
 .text.bhy2_update_virtual_sensor_list
                0x0000000008001490       0x80 ./Application/User/Core/bhy2.o
                0x0000000008001490                bhy2_update_virtual_sensor_list
 .text.bhy2_get_sensor_info
                0x0000000008001510        0xe ./Application/User/Core/bhy2.o
                0x0000000008001510                bhy2_get_sensor_info
 .text.bhy2_get_error_value
                0x000000000800151e       0x16 ./Application/User/Core/bhy2.o
                0x000000000800151e                bhy2_get_error_value
 .text.bhy2_is_sensor_available
                0x0000000008001534       0x1c ./Application/User/Core/bhy2.o
                0x0000000008001534                bhy2_is_sensor_available
 .text.bhy2_hif_init
                0x0000000008001550       0x34 ./Application/User/Core/bhy2_hif.o
                0x0000000008001550                bhy2_hif_init
 .text.bhy2_hif_get_regs
                0x0000000008001584       0x2c ./Application/User/Core/bhy2_hif.o
                0x0000000008001584                bhy2_hif_get_regs
 .text.bhy2_hif_get_fifo
                0x00000000080015b0       0x90 ./Application/User/Core/bhy2_hif.o
 .text.bhy2_hif_set_regs
                0x0000000008001640       0x2c ./Application/User/Core/bhy2_hif.o
                0x0000000008001640                bhy2_hif_set_regs
 .text.bhy2_hif_exec_cmd_generic
                0x000000000800166c      0x13c ./Application/User/Core/bhy2_hif.o
 .text.bhy2_hif_delay_us
                0x00000000080017a8       0x16 ./Application/User/Core/bhy2_hif.o
                0x00000000080017a8                bhy2_hif_delay_us
 .text.bhy2_hif_check_boot_status_ram
                0x00000000080017be       0x4c ./Application/User/Core/bhy2_hif.o
 .text.bhy2_hif_exec_cmd
                0x000000000800180a       0x14 ./Application/User/Core/bhy2_hif.o
                0x000000000800180a                bhy2_hif_exec_cmd
 .text.bhy2_hif_get_product_id
                0x000000000800181e        0xc ./Application/User/Core/bhy2_hif.o
                0x000000000800181e                bhy2_hif_get_product_id
 .text.bhy2_hif_get_rom_version
                0x000000000800182a       0x22 ./Application/User/Core/bhy2_hif.o
                0x000000000800182a                bhy2_hif_get_rom_version
 .text.bhy2_hif_get_kernel_version
                0x000000000800184c       0x22 ./Application/User/Core/bhy2_hif.o
                0x000000000800184c                bhy2_hif_get_kernel_version
 .text.bhy2_hif_get_user_version
                0x000000000800186e       0x22 ./Application/User/Core/bhy2_hif.o
                0x000000000800186e                bhy2_hif_get_user_version
 .text.bhy2_hif_get_boot_status
                0x0000000008001890        0xc ./Application/User/Core/bhy2_hif.o
                0x0000000008001890                bhy2_hif_get_boot_status
 .text.bhy2_hif_get_host_status
                0x000000000800189c        0xc ./Application/User/Core/bhy2_hif.o
                0x000000000800189c                bhy2_hif_get_host_status
 .text.bhy2_hif_get_feature_status
                0x00000000080018a8        0xc ./Application/User/Core/bhy2_hif.o
                0x00000000080018a8                bhy2_hif_get_feature_status
 .text.bhy2_hif_get_interrupt_status
                0x00000000080018b4        0xc ./Application/User/Core/bhy2_hif.o
                0x00000000080018b4                bhy2_hif_get_interrupt_status
 .text.bhy2_hif_wait_status_ready
                0x00000000080018c0       0x3c ./Application/User/Core/bhy2_hif.o
                0x00000000080018c0                bhy2_hif_wait_status_ready
 .text.bhy2_hif_reset
                0x00000000080018fc       0x62 ./Application/User/Core/bhy2_hif.o
                0x00000000080018fc                bhy2_hif_reset
 .text.bhy2_hif_upload_firmware_to_ram
                0x000000000800195e       0x36 ./Application/User/Core/bhy2_hif.o
                0x000000000800195e                bhy2_hif_upload_firmware_to_ram
 .text.bhy2_hif_boot_program_ram
                0x0000000008001994       0x1e ./Application/User/Core/bhy2_hif.o
                0x0000000008001994                bhy2_hif_boot_program_ram
 .text.bhy2_hif_get_wakeup_fifo
                0x00000000080019b2       0x18 ./Application/User/Core/bhy2_hif.o
                0x00000000080019b2                bhy2_hif_get_wakeup_fifo
 .text.bhy2_hif_get_nonwakeup_fifo
                0x00000000080019ca       0x18 ./Application/User/Core/bhy2_hif.o
                0x00000000080019ca                bhy2_hif_get_nonwakeup_fifo
 .text.bhy2_hif_get_status_fifo
                0x00000000080019e2       0x48 ./Application/User/Core/bhy2_hif.o
                0x00000000080019e2                bhy2_hif_get_status_fifo
 .text.bhy2_hif_get_parameter
                0x0000000008001a2a       0xc6 ./Application/User/Core/bhy2_hif.o
                0x0000000008001a2a                bhy2_hif_get_parameter
 .text.bhy2_hif_get_status_fifo_async
                0x0000000008001af0       0x18 ./Application/User/Core/bhy2_hif.o
                0x0000000008001af0                bhy2_hif_get_status_fifo_async
 .text.bhy2_hif_exec_sensor_conf_cmd
                0x0000000008001b08       0x44 ./Application/User/Core/bhy2_hif.o
                0x0000000008001b08                bhy2_hif_exec_sensor_conf_cmd
 .text.bhy2_hif_get_sensor_info
                0x0000000008001b4c       0x74 ./Application/User/Core/bhy2_hif.o
                0x0000000008001b4c                bhy2_hif_get_sensor_info
 .text.bhy2_parse_xyz
                0x0000000008001bc0        0xe ./Application/User/Core/bhy2_parse.o
                0x0000000008001bc0                bhy2_parse_xyz
 .text.bhy2_parse_orientation
                0x0000000008001bce        0xe ./Application/User/Core/bhy2_parse.o
                0x0000000008001bce                bhy2_parse_orientation
 .text.parse_euler
                0x0000000008001bdc       0x9c ./Application/User/Core/bosch_imu.o
                0x0000000008001bdc                parse_euler
 .text.parse_accell
                0x0000000008001c78       0x88 ./Application/User/Core/bosch_imu.o
                0x0000000008001c78                parse_accell
 .text.parse_gyro
                0x0000000008001d00       0x9c ./Application/User/Core/bosch_imu.o
                0x0000000008001d00                parse_gyro
 .text.bosch_imu_setup
                0x0000000008001d9c      0x258 ./Application/User/Core/bosch_imu.o
                0x0000000008001d9c                bosch_imu_setup
 .text.bosch_imu_run
                0x0000000008001ff4       0x2c ./Application/User/Core/bosch_imu.o
                0x0000000008001ff4                bosch_imu_run
 .text.parse_meta_event
                0x0000000008002020      0x17c ./Application/User/Core/common.o
                0x0000000008002020                parse_meta_event
 .text.get_api_error
                0x000000000800219c       0x1c ./Application/User/Core/common.o
                0x000000000800219c                get_api_error
 .text.print_api_error
                0x00000000080021b8       0x24 ./Application/User/Core/common.o
                0x00000000080021b8                print_api_error
 .text.get_sensor_error_text
                0x00000000080021dc      0x43c ./Application/User/Core/common.o
                0x00000000080021dc                get_sensor_error_text
 .text.upload_firmware
                0x0000000008002618       0xa4 ./Application/User/Core/common.o
                0x0000000008002618                upload_firmware
 .text.get_sensor_name
                0x00000000080026bc      0x414 ./Application/User/Core/common.o
                0x00000000080026bc                get_sensor_name
 .text.printInfo
                0x0000000008002ad0      0x2f4 ./Application/User/Core/common.o
                0x0000000008002ad0                printInfo
 .text.UART2_printf
                0x0000000008002dc4       0x40 ./Application/User/Core/main.o
                0x0000000008002dc4                UART2_printf
 .text.SystemClock_Config
                0x0000000008002e04       0xa4 ./Application/User/Core/main.o
                0x0000000008002e04                SystemClock_Config
 .text.bhy2_i2c_read
                0x0000000008002ea8       0x28 ./Application/User/Core/main.o
                0x0000000008002ea8                bhy2_i2c_read
 .text.bhy2_i2c_write
                0x0000000008002ed0       0x28 ./Application/User/Core/main.o
                0x0000000008002ed0                bhy2_i2c_write
 .text.micros   0x0000000008002ef8       0x18 ./Application/User/Core/main.o
                0x0000000008002ef8                micros
 .text.startup.main
                0x0000000008002f10      0x280 ./Application/User/Core/main.o
                0x0000000008002f10                main
 .text.micros_delay
                0x0000000008003190       0x1c ./Application/User/Core/main.o
                0x0000000008003190                micros_delay
 .text.bhy2_delay_us
                0x00000000080031ac        0x6 ./Application/User/Core/main.o
                0x00000000080031ac                bhy2_delay_us
 .text.Error_Handler
                0x00000000080031b2        0x4 ./Application/User/Core/main.o
                0x00000000080031b2                Error_Handler
 *fill*         0x00000000080031b6        0x2 
 .text.HAL_MspInit
                0x00000000080031b8       0x38 ./Application/User/Core/stm32f4xx_hal_msp.o
                0x00000000080031b8                HAL_MspInit
 .text.HAL_I2C_MspInit
                0x00000000080031f0       0x70 ./Application/User/Core/stm32f4xx_hal_msp.o
                0x00000000080031f0                HAL_I2C_MspInit
 .text.HAL_TIM_Base_MspInit
                0x0000000008003260       0x2c ./Application/User/Core/stm32f4xx_hal_msp.o
                0x0000000008003260                HAL_TIM_Base_MspInit
 .text.HAL_UART_MspInit
                0x000000000800328c       0x6c ./Application/User/Core/stm32f4xx_hal_msp.o
                0x000000000800328c                HAL_UART_MspInit
 .text.NMI_Handler
                0x00000000080032f8        0x2 ./Application/User/Core/stm32f4xx_it.o
                0x00000000080032f8                NMI_Handler
 .text.HardFault_Handler
                0x00000000080032fa        0x2 ./Application/User/Core/stm32f4xx_it.o
                0x00000000080032fa                HardFault_Handler
 .text.MemManage_Handler
                0x00000000080032fc        0x2 ./Application/User/Core/stm32f4xx_it.o
                0x00000000080032fc                MemManage_Handler
 .text.BusFault_Handler
                0x00000000080032fe        0x2 ./Application/User/Core/stm32f4xx_it.o
                0x00000000080032fe                BusFault_Handler
 .text.UsageFault_Handler
                0x0000000008003300        0x2 ./Application/User/Core/stm32f4xx_it.o
                0x0000000008003300                UsageFault_Handler
 .text.SVC_Handler
                0x0000000008003302        0x2 ./Application/User/Core/stm32f4xx_it.o
                0x0000000008003302                SVC_Handler
 .text.DebugMon_Handler
                0x0000000008003304        0x2 ./Application/User/Core/stm32f4xx_it.o
                0x0000000008003304                DebugMon_Handler
 .text.PendSV_Handler
                0x0000000008003306        0x2 ./Application/User/Core/stm32f4xx_it.o
                0x0000000008003306                PendSV_Handler
 .text.SysTick_Handler
                0x0000000008003308        0x4 ./Application/User/Core/stm32f4xx_it.o
                0x0000000008003308                SysTick_Handler
 .text._getpid  0x000000000800330c        0x4 ./Application/User/Core/syscalls.o
                0x000000000800330c                _getpid
 .text._kill    0x0000000008003310       0x10 ./Application/User/Core/syscalls.o
                0x0000000008003310                _kill
 .text._exit    0x0000000008003320        0xc ./Application/User/Core/syscalls.o
                0x0000000008003320                _exit
 .text._read    0x000000000800332c       0x1c ./Application/User/Core/syscalls.o
                0x000000000800332c                _read
 .text._write   0x0000000008003348       0x1c ./Application/User/Core/syscalls.o
                0x0000000008003348                _write
 .text._close   0x0000000008003364        0x6 ./Application/User/Core/syscalls.o
                0x0000000008003364                _close
 .text._fstat   0x000000000800336a        0xa ./Application/User/Core/syscalls.o
                0x000000000800336a                _fstat
 .text._isatty  0x0000000008003374        0x4 ./Application/User/Core/syscalls.o
                0x0000000008003374                _isatty
 .text._lseek   0x0000000008003378        0x4 ./Application/User/Core/syscalls.o
                0x0000000008003378                _lseek
 .text._sbrk    0x000000000800337c       0x40 ./Application/User/Core/sysmem.o
                0x000000000800337c                _sbrk
 .text.Reset_Handler
                0x00000000080033bc       0x50 ./Application/User/Startup/startup_stm32f446retx.o
                0x00000000080033bc                Reset_Handler
 .text.Default_Handler
                0x000000000800340c        0x2 ./Application/User/Startup/startup_stm32f446retx.o
                0x000000000800340c                RTC_Alarm_IRQHandler
                0x000000000800340c                EXTI2_IRQHandler
                0x000000000800340c                TIM8_CC_IRQHandler
                0x000000000800340c                FMPI2C1_EV_IRQHandler
                0x000000000800340c                SPI4_IRQHandler
                0x000000000800340c                TIM1_CC_IRQHandler
                0x000000000800340c                DMA2_Stream5_IRQHandler
                0x000000000800340c                DMA1_Stream5_IRQHandler
                0x000000000800340c                PVD_IRQHandler
                0x000000000800340c                SDIO_IRQHandler
                0x000000000800340c                TAMP_STAMP_IRQHandler
                0x000000000800340c                CAN2_RX1_IRQHandler
                0x000000000800340c                EXTI3_IRQHandler
                0x000000000800340c                TIM8_TRG_COM_TIM14_IRQHandler
                0x000000000800340c                TIM1_UP_TIM10_IRQHandler
                0x000000000800340c                TIM8_UP_TIM13_IRQHandler
                0x000000000800340c                I2C3_ER_IRQHandler
                0x000000000800340c                EXTI0_IRQHandler
                0x000000000800340c                I2C2_EV_IRQHandler
                0x000000000800340c                DMA1_Stream2_IRQHandler
                0x000000000800340c                CAN1_RX0_IRQHandler
                0x000000000800340c                FPU_IRQHandler
                0x000000000800340c                OTG_HS_WKUP_IRQHandler
                0x000000000800340c                CAN2_SCE_IRQHandler
                0x000000000800340c                DMA2_Stream2_IRQHandler
                0x000000000800340c                SPI1_IRQHandler
                0x000000000800340c                TIM6_DAC_IRQHandler
                0x000000000800340c                TIM1_BRK_TIM9_IRQHandler
                0x000000000800340c                DCMI_IRQHandler
                0x000000000800340c                CAN2_RX0_IRQHandler
                0x000000000800340c                DMA2_Stream3_IRQHandler
                0x000000000800340c                SAI2_IRQHandler
                0x000000000800340c                USART6_IRQHandler
                0x000000000800340c                USART3_IRQHandler
                0x000000000800340c                CAN1_RX1_IRQHandler
                0x000000000800340c                UART5_IRQHandler
                0x000000000800340c                DMA2_Stream0_IRQHandler
                0x000000000800340c                TIM4_IRQHandler
                0x000000000800340c                QUADSPI_IRQHandler
                0x000000000800340c                I2C1_EV_IRQHandler
                0x000000000800340c                DMA1_Stream6_IRQHandler
                0x000000000800340c                DMA1_Stream1_IRQHandler
                0x000000000800340c                UART4_IRQHandler
                0x000000000800340c                TIM3_IRQHandler
                0x000000000800340c                RCC_IRQHandler
                0x000000000800340c                TIM8_BRK_TIM12_IRQHandler
                0x000000000800340c                Default_Handler
                0x000000000800340c                CEC_IRQHandler
                0x000000000800340c                EXTI15_10_IRQHandler
                0x000000000800340c                ADC_IRQHandler
                0x000000000800340c                DMA1_Stream7_IRQHandler
                0x000000000800340c                TIM7_IRQHandler
                0x000000000800340c                CAN2_TX_IRQHandler
                0x000000000800340c                TIM5_IRQHandler
                0x000000000800340c                DMA2_Stream7_IRQHandler
                0x000000000800340c                I2C3_EV_IRQHandler
                0x000000000800340c                EXTI9_5_IRQHandler
                0x000000000800340c                RTC_WKUP_IRQHandler
                0x000000000800340c                SPDIF_RX_IRQHandler
                0x000000000800340c                SPI2_IRQHandler
                0x000000000800340c                OTG_HS_EP1_IN_IRQHandler
                0x000000000800340c                DMA1_Stream0_IRQHandler
                0x000000000800340c                CAN1_TX_IRQHandler
                0x000000000800340c                FMPI2C1_ER_IRQHandler
                0x000000000800340c                EXTI4_IRQHandler
                0x000000000800340c                OTG_HS_EP1_OUT_IRQHandler
                0x000000000800340c                WWDG_IRQHandler
                0x000000000800340c                TIM2_IRQHandler
                0x000000000800340c                OTG_FS_WKUP_IRQHandler
                0x000000000800340c                TIM1_TRG_COM_TIM11_IRQHandler
                0x000000000800340c                OTG_HS_IRQHandler
                0x000000000800340c                EXTI1_IRQHandler
                0x000000000800340c                USART2_IRQHandler
                0x000000000800340c                I2C2_ER_IRQHandler
                0x000000000800340c                DMA2_Stream1_IRQHandler
                0x000000000800340c                CAN1_SCE_IRQHandler
                0x000000000800340c                FLASH_IRQHandler
                0x000000000800340c                DMA2_Stream4_IRQHandler
                0x000000000800340c                USART1_IRQHandler
                0x000000000800340c                OTG_FS_IRQHandler
                0x000000000800340c                SPI3_IRQHandler
                0x000000000800340c                DMA1_Stream4_IRQHandler
                0x000000000800340c                I2C1_ER_IRQHandler
                0x000000000800340c                FMC_IRQHandler
                0x000000000800340c                DMA2_Stream6_IRQHandler
                0x000000000800340c                SAI1_IRQHandler
                0x000000000800340c                DMA1_Stream3_IRQHandler
 *fill*         0x000000000800340e        0x2 
 .text.SystemInit
                0x0000000008003410       0x14 ./Drivers/CMSIS/system_stm32f4xx.o
                0x0000000008003410                SystemInit
 .text.HAL_InitTick
                0x0000000008003424       0x48 ./Drivers/STM32F4xx_HAL_Driver/stm32f4xx_hal.o
                0x0000000008003424                HAL_InitTick
 .text.HAL_Init
                0x000000000800346c       0x34 ./Drivers/STM32F4xx_HAL_Driver/stm32f4xx_hal.o
                0x000000000800346c                HAL_Init
 .text.HAL_IncTick
                0x00000000080034a0       0x18 ./Drivers/STM32F4xx_HAL_Driver/stm32f4xx_hal.o
                0x00000000080034a0                HAL_IncTick
 .text.HAL_GetTick
                0x00000000080034b8        0xc ./Drivers/STM32F4xx_HAL_Driver/stm32f4xx_hal.o
                0x00000000080034b8                HAL_GetTick
 .text.HAL_NVIC_SetPriorityGrouping
                0x00000000080034c4       0x24 ./Drivers/STM32F4xx_HAL_Driver/stm32f4xx_hal_cortex.o
                0x00000000080034c4                HAL_NVIC_SetPriorityGrouping
 .text.HAL_NVIC_SetPriority
                0x00000000080034e8       0x64 ./Drivers/STM32F4xx_HAL_Driver/stm32f4xx_hal_cortex.o
                0x00000000080034e8                HAL_NVIC_SetPriority
 .text.HAL_SYSTICK_Config
                0x000000000800354c       0x28 ./Drivers/STM32F4xx_HAL_Driver/stm32f4xx_hal_cortex.o
                0x000000000800354c                HAL_SYSTICK_Config
 .text.HAL_GPIO_Init
                0x0000000008003574      0x1a8 ./Drivers/STM32F4xx_HAL_Driver/stm32f4xx_hal_gpio.o
                0x0000000008003574                HAL_GPIO_Init
 .text.HAL_GPIO_WritePin
                0x000000000800371c        0xa ./Drivers/STM32F4xx_HAL_Driver/stm32f4xx_hal_gpio.o
                0x000000000800371c                HAL_GPIO_WritePin
 .text.I2C_IsAcknowledgeFailed
                0x0000000008003726       0x34 ./Drivers/STM32F4xx_HAL_Driver/stm32f4xx_hal_i2c.o
 .text.I2C_WaitOnFlagUntilTimeout
                0x000000000800375a       0x64 ./Drivers/STM32F4xx_HAL_Driver/stm32f4xx_hal_i2c.o
 .text.I2C_WaitOnMasterAddressFlagUntilTimeout
                0x00000000080037be       0x76 ./Drivers/STM32F4xx_HAL_Driver/stm32f4xx_hal_i2c.o
 .text.I2C_WaitOnRXNEFlagUntilTimeout
                0x0000000008003834       0x5e ./Drivers/STM32F4xx_HAL_Driver/stm32f4xx_hal_i2c.o
 .text.I2C_WaitOnBTFFlagUntilTimeout
                0x0000000008003892       0x4c ./Drivers/STM32F4xx_HAL_Driver/stm32f4xx_hal_i2c.o
 .text.I2C_WaitOnTXEFlagUntilTimeout
                0x00000000080038de       0x4c ./Drivers/STM32F4xx_HAL_Driver/stm32f4xx_hal_i2c.o
 *fill*         0x000000000800392a        0x2 
 .text.I2C_RequestMemoryWrite
                0x000000000800392c       0xb0 ./Drivers/STM32F4xx_HAL_Driver/stm32f4xx_hal_i2c.o
 .text.I2C_RequestMemoryRead
                0x00000000080039dc      0x104 ./Drivers/STM32F4xx_HAL_Driver/stm32f4xx_hal_i2c.o
 .text.HAL_I2C_Init
                0x0000000008003ae0      0x150 ./Drivers/STM32F4xx_HAL_Driver/stm32f4xx_hal_i2c.o
                0x0000000008003ae0                HAL_I2C_Init
 .text.HAL_I2C_Mem_Write
                0x0000000008003c30      0x120 ./Drivers/STM32F4xx_HAL_Driver/stm32f4xx_hal_i2c.o
                0x0000000008003c30                HAL_I2C_Mem_Write
 .text.HAL_I2C_Mem_Read
                0x0000000008003d50      0x210 ./Drivers/STM32F4xx_HAL_Driver/stm32f4xx_hal_i2c.o
                0x0000000008003d50                HAL_I2C_Mem_Read
 .text.HAL_RCC_ClockConfig
                0x0000000008003f60      0x138 ./Drivers/STM32F4xx_HAL_Driver/stm32f4xx_hal_rcc.o
                0x0000000008003f60                HAL_RCC_ClockConfig
 .text.HAL_RCC_GetPCLK1Freq
                0x0000000008004098       0x20 ./Drivers/STM32F4xx_HAL_Driver/stm32f4xx_hal_rcc.o
                0x0000000008004098                HAL_RCC_GetPCLK1Freq
 .text.HAL_RCC_GetPCLK2Freq
                0x00000000080040b8       0x20 ./Drivers/STM32F4xx_HAL_Driver/stm32f4xx_hal_rcc.o
                0x00000000080040b8                HAL_RCC_GetPCLK2Freq
 .text.HAL_RCC_GetSysClockFreq
                0x00000000080040d8       0x90 ./Drivers/STM32F4xx_HAL_Driver/stm32f4xx_hal_rcc_ex.o
                0x00000000080040d8                HAL_RCC_GetSysClockFreq
 .text.HAL_RCC_OscConfig
                0x0000000008004168      0x390 ./Drivers/STM32F4xx_HAL_Driver/stm32f4xx_hal_rcc_ex.o
                0x0000000008004168                HAL_RCC_OscConfig
 .text.HAL_TIM_Base_Start
                0x00000000080044f8       0x6c ./Drivers/STM32F4xx_HAL_Driver/stm32f4xx_hal_tim.o
                0x00000000080044f8                HAL_TIM_Base_Start
 .text.TIM_Base_SetConfig
                0x0000000008004564       0xcc ./Drivers/STM32F4xx_HAL_Driver/stm32f4xx_hal_tim.o
                0x0000000008004564                TIM_Base_SetConfig
 .text.HAL_TIM_Base_Init
                0x0000000008004630       0x58 ./Drivers/STM32F4xx_HAL_Driver/stm32f4xx_hal_tim.o
                0x0000000008004630                HAL_TIM_Base_Init
 .text.TIM_ETR_SetConfig
                0x0000000008004688       0x14 ./Drivers/STM32F4xx_HAL_Driver/stm32f4xx_hal_tim.o
                0x0000000008004688                TIM_ETR_SetConfig
 .text.HAL_TIM_ConfigClockSource
                0x000000000800469c      0x138 ./Drivers/STM32F4xx_HAL_Driver/stm32f4xx_hal_tim.o
                0x000000000800469c                HAL_TIM_ConfigClockSource
 .text.HAL_TIMEx_MasterConfigSynchronization
                0x00000000080047d4       0x7c ./Drivers/STM32F4xx_HAL_Driver/stm32f4xx_hal_tim_ex.o
                0x00000000080047d4                HAL_TIMEx_MasterConfigSynchronization
 .text.UART_SetConfig
                0x0000000008004850       0xbc ./Drivers/STM32F4xx_HAL_Driver/stm32f4xx_hal_uart.o
 .text.UART_WaitOnFlagUntilTimeout.constprop.0
                0x000000000800490c       0x6c ./Drivers/STM32F4xx_HAL_Driver/stm32f4xx_hal_uart.o
 .text.HAL_UART_Init
                0x0000000008004978       0x5c ./Drivers/STM32F4xx_HAL_Driver/stm32f4xx_hal_uart.o
                0x0000000008004978                HAL_UART_Init
 .text.HAL_UART_Transmit
                0x00000000080049d4       0xaa ./Drivers/STM32F4xx_HAL_Driver/stm32f4xx_hal_uart.o
                0x00000000080049d4                HAL_UART_Transmit
 *fill*         0x0000000008004a7e        0x2 
 .text.__errno  0x0000000008004a80        0xc /home/omar/st/stm32cubeide_1.9.0/plugins/com.st.stm32cube.ide.mcu.externaltools.gnu-tools-for-stm32.10.3-2021.10.linux64_1.0.0.202111181127/tools/bin/../lib/gcc/arm-none-eabi/10.3.1/../../../../arm-none-eabi/lib/thumb/v7e-m+fp/hard/libc_nano.a(lib_a-errno.o)
                0x0000000008004a80                __errno
 .text.__libc_init_array
                0x0000000008004a8c       0x48 /home/omar/st/stm32cubeide_1.9.0/plugins/com.st.stm32cube.ide.mcu.externaltools.gnu-tools-for-stm32.10.3-2021.10.linux64_1.0.0.202111181127/tools/bin/../lib/gcc/arm-none-eabi/10.3.1/../../../../arm-none-eabi/lib/thumb/v7e-m+fp/hard/libc_nano.a(lib_a-init.o)
                0x0000000008004a8c                __libc_init_array
 .text.memcpy   0x0000000008004ad4       0x1c /home/omar/st/stm32cubeide_1.9.0/plugins/com.st.stm32cube.ide.mcu.externaltools.gnu-tools-for-stm32.10.3-2021.10.linux64_1.0.0.202111181127/tools/bin/../lib/gcc/arm-none-eabi/10.3.1/../../../../arm-none-eabi/lib/thumb/v7e-m+fp/hard/libc_nano.a(lib_a-memcpy-stub.o)
                0x0000000008004ad4                memcpy
 .text.memset   0x0000000008004af0       0x10 /home/omar/st/stm32cubeide_1.9.0/plugins/com.st.stm32cube.ide.mcu.externaltools.gnu-tools-for-stm32.10.3-2021.10.linux64_1.0.0.202111181127/tools/bin/../lib/gcc/arm-none-eabi/10.3.1/../../../../arm-none-eabi/lib/thumb/v7e-m+fp/hard/libc_nano.a(lib_a-memset.o)
                0x0000000008004af0                memset
 .text.__cvt    0x0000000008004b00       0xc4 /home/omar/st/stm32cubeide_1.9.0/plugins/com.st.stm32cube.ide.mcu.externaltools.gnu-tools-for-stm32.10.3-2021.10.linux64_1.0.0.202111181127/tools/bin/../lib/gcc/arm-none-eabi/10.3.1/../../../../arm-none-eabi/lib/thumb/v7e-m+fp/hard/libc_nano.a(lib_a-nano-vfprintf_float.o)
                0x0000000008004b00                __cvt
 .text.__exponent
                0x0000000008004bc4       0x7c /home/omar/st/stm32cubeide_1.9.0/plugins/com.st.stm32cube.ide.mcu.externaltools.gnu-tools-for-stm32.10.3-2021.10.linux64_1.0.0.202111181127/tools/bin/../lib/gcc/arm-none-eabi/10.3.1/../../../../arm-none-eabi/lib/thumb/v7e-m+fp/hard/libc_nano.a(lib_a-nano-vfprintf_float.o)
                0x0000000008004bc4                __exponent
 .text._printf_float
                0x0000000008004c40      0x46c /home/omar/st/stm32cubeide_1.9.0/plugins/com.st.stm32cube.ide.mcu.externaltools.gnu-tools-for-stm32.10.3-2021.10.linux64_1.0.0.202111181127/tools/bin/../lib/gcc/arm-none-eabi/10.3.1/../../../../arm-none-eabi/lib/thumb/v7e-m+fp/hard/libc_nano.a(lib_a-nano-vfprintf_float.o)
                0x0000000008004c40                _printf_float
 .text._printf_common
                0x00000000080050ac       0xda /home/omar/st/stm32cubeide_1.9.0/plugins/com.st.stm32cube.ide.mcu.externaltools.gnu-tools-for-stm32.10.3-2021.10.linux64_1.0.0.202111181127/tools/bin/../lib/gcc/arm-none-eabi/10.3.1/../../../../arm-none-eabi/lib/thumb/v7e-m+fp/hard/libc_nano.a(lib_a-nano-vfprintf_i.o)
                0x00000000080050ac                _printf_common
 *fill*         0x0000000008005186        0x2 
 .text._printf_i
                0x0000000008005188      0x24c /home/omar/st/stm32cubeide_1.9.0/plugins/com.st.stm32cube.ide.mcu.externaltools.gnu-tools-for-stm32.10.3-2021.10.linux64_1.0.0.202111181127/tools/bin/../lib/gcc/arm-none-eabi/10.3.1/../../../../arm-none-eabi/lib/thumb/v7e-m+fp/hard/libc_nano.a(lib_a-nano-vfprintf_i.o)
                0x0000000008005188                _printf_i
 .text._scanf_float
                0x00000000080053d4      0x420 /home/omar/st/stm32cubeide_1.9.0/plugins/com.st.stm32cube.ide.mcu.externaltools.gnu-tools-for-stm32.10.3-2021.10.linux64_1.0.0.202111181127/tools/bin/../lib/gcc/arm-none-eabi/10.3.1/../../../../arm-none-eabi/lib/thumb/v7e-m+fp/hard/libc_nano.a(lib_a-nano-vfscanf_float.o)
                0x00000000080053d4                _scanf_float
 .text.nanf     0x00000000080057f4        0xc /home/omar/st/stm32cubeide_1.9.0/plugins/com.st.stm32cube.ide.mcu.externaltools.gnu-tools-for-stm32.10.3-2021.10.linux64_1.0.0.202111181127/tools/bin/../lib/gcc/arm-none-eabi/10.3.1/../../../../arm-none-eabi/lib/thumb/v7e-m+fp/hard/libc_nano.a(lib_a-sf_nan.o)
                0x00000000080057f4                nanf
 .text.sprintf  0x0000000008005800       0x40 /home/omar/st/stm32cubeide_1.9.0/plugins/com.st.stm32cube.ide.mcu.externaltools.gnu-tools-for-stm32.10.3-2021.10.linux64_1.0.0.202111181127/tools/bin/../lib/gcc/arm-none-eabi/10.3.1/../../../../arm-none-eabi/lib/thumb/v7e-m+fp/hard/libc_nano.a(lib_a-sprintf.o)
                0x0000000008005800                sprintf
                0x0000000008005800                siprintf
 .text.sulp     0x0000000008005840       0x38 /home/omar/st/stm32cubeide_1.9.0/plugins/com.st.stm32cube.ide.mcu.externaltools.gnu-tools-for-stm32.10.3-2021.10.linux64_1.0.0.202111181127/tools/bin/../lib/gcc/arm-none-eabi/10.3.1/../../../../arm-none-eabi/lib/thumb/v7e-m+fp/hard/libc_nano.a(lib_a-strtod.o)
 .text._strtod_l
                0x0000000008005878      0xc0c /home/omar/st/stm32cubeide_1.9.0/plugins/com.st.stm32cube.ide.mcu.externaltools.gnu-tools-for-stm32.10.3-2021.10.linux64_1.0.0.202111181127/tools/bin/../lib/gcc/arm-none-eabi/10.3.1/../../../../arm-none-eabi/lib/thumb/v7e-m+fp/hard/libc_nano.a(lib_a-strtod.o)
                0x0000000008005878                _strtod_l
 .text._strtod_r
                0x0000000008006484        0xc /home/omar/st/stm32cubeide_1.9.0/plugins/com.st.stm32cube.ide.mcu.externaltools.gnu-tools-for-stm32.10.3-2021.10.linux64_1.0.0.202111181127/tools/bin/../lib/gcc/arm-none-eabi/10.3.1/../../../../arm-none-eabi/lib/thumb/v7e-m+fp/hard/libc_nano.a(lib_a-strtod.o)
                0x0000000008006484                _strtod_r
 .text._strtol_l.constprop.0
                0x0000000008006490      0x104 /home/omar/st/stm32cubeide_1.9.0/plugins/com.st.stm32cube.ide.mcu.externaltools.gnu-tools-for-stm32.10.3-2021.10.linux64_1.0.0.202111181127/tools/bin/../lib/gcc/arm-none-eabi/10.3.1/../../../../arm-none-eabi/lib/thumb/v7e-m+fp/hard/libc_nano.a(lib_a-strtol.o)
 .text._strtol_r
                0x0000000008006594        0x4 /home/omar/st/stm32cubeide_1.9.0/plugins/com.st.stm32cube.ide.mcu.externaltools.gnu-tools-for-stm32.10.3-2021.10.linux64_1.0.0.202111181127/tools/bin/../lib/gcc/arm-none-eabi/10.3.1/../../../../arm-none-eabi/lib/thumb/v7e-m+fp/hard/libc_nano.a(lib_a-strtol.o)
                0x0000000008006594                _strtol_r
 .text._vsprintf_r
                0x0000000008006598       0x2c /home/omar/st/stm32cubeide_1.9.0/plugins/com.st.stm32cube.ide.mcu.externaltools.gnu-tools-for-stm32.10.3-2021.10.linux64_1.0.0.202111181127/tools/bin/../lib/gcc/arm-none-eabi/10.3.1/../../../../arm-none-eabi/lib/thumb/v7e-m+fp/hard/libc_nano.a(lib_a-vsprintf.o)
                0x0000000008006598                _vsiprintf_r
                0x0000000008006598                _vsprintf_r
 .text.vsprintf
                0x00000000080065c4       0x14 /home/omar/st/stm32cubeide_1.9.0/plugins/com.st.stm32cube.ide.mcu.externaltools.gnu-tools-for-stm32.10.3-2021.10.linux64_1.0.0.202111181127/tools/bin/../lib/gcc/arm-none-eabi/10.3.1/../../../../arm-none-eabi/lib/thumb/v7e-m+fp/hard/libc_nano.a(lib_a-vsprintf.o)
                0x00000000080065c4                vsprintf
                0x00000000080065c4                vsiprintf
 .text.quorem   0x00000000080065d8      0x116 /home/omar/st/stm32cubeide_1.9.0/plugins/com.st.stm32cube.ide.mcu.externaltools.gnu-tools-for-stm32.10.3-2021.10.linux64_1.0.0.202111181127/tools/bin/../lib/gcc/arm-none-eabi/10.3.1/../../../../arm-none-eabi/lib/thumb/v7e-m+fp/hard/libc_nano.a(lib_a-dtoa.o)
 *fill*         0x00000000080066ee        0x2 
 .text._dtoa_r  0x00000000080066f0      0xbdc /home/omar/st/stm32cubeide_1.9.0/plugins/com.st.stm32cube.ide.mcu.externaltools.gnu-tools-for-stm32.10.3-2021.10.linux64_1.0.0.202111181127/tools/bin/../lib/gcc/arm-none-eabi/10.3.1/../../../../arm-none-eabi/lib/thumb/v7e-m+fp/hard/libc_nano.a(lib_a-dtoa.o)
                0x00000000080066f0                _dtoa_r
 .text.rshift   0x00000000080072cc       0xa4 /home/omar/st/stm32cubeide_1.9.0/plugins/com.st.stm32cube.ide.mcu.externaltools.gnu-tools-for-stm32.10.3-2021.10.linux64_1.0.0.202111181127/tools/bin/../lib/gcc/arm-none-eabi/10.3.1/../../../../arm-none-eabi/lib/thumb/v7e-m+fp/hard/libc_nano.a(lib_a-gdtoa-gethex.o)
 .text.__hexdig_fun
                0x0000000008007370       0x2a /home/omar/st/stm32cubeide_1.9.0/plugins/com.st.stm32cube.ide.mcu.externaltools.gnu-tools-for-stm32.10.3-2021.10.linux64_1.0.0.202111181127/tools/bin/../lib/gcc/arm-none-eabi/10.3.1/../../../../arm-none-eabi/lib/thumb/v7e-m+fp/hard/libc_nano.a(lib_a-gdtoa-gethex.o)
                0x0000000008007370                __hexdig_fun
 *fill*         0x000000000800739a        0x2 
 .text.__gethex
                0x000000000800739c      0x48c /home/omar/st/stm32cubeide_1.9.0/plugins/com.st.stm32cube.ide.mcu.externaltools.gnu-tools-for-stm32.10.3-2021.10.linux64_1.0.0.202111181127/tools/bin/../lib/gcc/arm-none-eabi/10.3.1/../../../../arm-none-eabi/lib/thumb/v7e-m+fp/hard/libc_nano.a(lib_a-gdtoa-gethex.o)
                0x000000000800739c                __gethex
 .text.L_shift  0x0000000008007828       0x24 /home/omar/st/stm32cubeide_1.9.0/plugins/com.st.stm32cube.ide.mcu.externaltools.gnu-tools-for-stm32.10.3-2021.10.linux64_1.0.0.202111181127/tools/bin/../lib/gcc/arm-none-eabi/10.3.1/../../../../arm-none-eabi/lib/thumb/v7e-m+fp/hard/libc_nano.a(lib_a-gdtoa-hexnan.o)
 .text.__match  0x000000000800784c       0x28 /home/omar/st/stm32cubeide_1.9.0/plugins/com.st.stm32cube.ide.mcu.externaltools.gnu-tools-for-stm32.10.3-2021.10.linux64_1.0.0.202111181127/tools/bin/../lib/gcc/arm-none-eabi/10.3.1/../../../../arm-none-eabi/lib/thumb/v7e-m+fp/hard/libc_nano.a(lib_a-gdtoa-hexnan.o)
                0x000000000800784c                __match
 .text.__hexnan
                0x0000000008007874      0x138 /home/omar/st/stm32cubeide_1.9.0/plugins/com.st.stm32cube.ide.mcu.externaltools.gnu-tools-for-stm32.10.3-2021.10.linux64_1.0.0.202111181127/tools/bin/../lib/gcc/arm-none-eabi/10.3.1/../../../../arm-none-eabi/lib/thumb/v7e-m+fp/hard/libc_nano.a(lib_a-gdtoa-hexnan.o)
                0x0000000008007874                __hexnan
 .text._localeconv_r
                0x00000000080079ac        0x8 /home/omar/st/stm32cubeide_1.9.0/plugins/com.st.stm32cube.ide.mcu.externaltools.gnu-tools-for-stm32.10.3-2021.10.linux64_1.0.0.202111181127/tools/bin/../lib/gcc/arm-none-eabi/10.3.1/../../../../arm-none-eabi/lib/thumb/v7e-m+fp/hard/libc_nano.a(lib_a-localeconv.o)
                0x00000000080079ac                _localeconv_r
 .text.malloc   0x00000000080079b4       0x10 /home/omar/st/stm32cubeide_1.9.0/plugins/com.st.stm32cube.ide.mcu.externaltools.gnu-tools-for-stm32.10.3-2021.10.linux64_1.0.0.202111181127/tools/bin/../lib/gcc/arm-none-eabi/10.3.1/../../../../arm-none-eabi/lib/thumb/v7e-m+fp/hard/libc_nano.a(lib_a-malloc.o)
                0x00000000080079b4                malloc
 .text.__ascii_mbtowc
                0x00000000080079c4       0x24 /home/omar/st/stm32cubeide_1.9.0/plugins/com.st.stm32cube.ide.mcu.externaltools.gnu-tools-for-stm32.10.3-2021.10.linux64_1.0.0.202111181127/tools/bin/../lib/gcc/arm-none-eabi/10.3.1/../../../../arm-none-eabi/lib/thumb/v7e-m+fp/hard/libc_nano.a(lib_a-mbtowc_r.o)
                0x00000000080079c4                __ascii_mbtowc
 .text._Balloc  0x00000000080079e8       0x80 /home/omar/st/stm32cubeide_1.9.0/plugins/com.st.stm32cube.ide.mcu.externaltools.gnu-tools-for-stm32.10.3-2021.10.linux64_1.0.0.202111181127/tools/bin/../lib/gcc/arm-none-eabi/10.3.1/../../../../arm-none-eabi/lib/thumb/v7e-m+fp/hard/libc_nano.a(lib_a-mprec.o)
                0x00000000080079e8                _Balloc
 .text._Bfree   0x0000000008007a68       0x44 /home/omar/st/stm32cubeide_1.9.0/plugins/com.st.stm32cube.ide.mcu.externaltools.gnu-tools-for-stm32.10.3-2021.10.linux64_1.0.0.202111181127/tools/bin/../lib/gcc/arm-none-eabi/10.3.1/../../../../arm-none-eabi/lib/thumb/v7e-m+fp/hard/libc_nano.a(lib_a-mprec.o)
                0x0000000008007a68                _Bfree
 .text.__multadd
                0x0000000008007aac       0x8c /home/omar/st/stm32cubeide_1.9.0/plugins/com.st.stm32cube.ide.mcu.externaltools.gnu-tools-for-stm32.10.3-2021.10.linux64_1.0.0.202111181127/tools/bin/../lib/gcc/arm-none-eabi/10.3.1/../../../../arm-none-eabi/lib/thumb/v7e-m+fp/hard/libc_nano.a(lib_a-mprec.o)
                0x0000000008007aac                __multadd
 .text.__s2b    0x0000000008007b38       0x94 /home/omar/st/stm32cubeide_1.9.0/plugins/com.st.stm32cube.ide.mcu.externaltools.gnu-tools-for-stm32.10.3-2021.10.linux64_1.0.0.202111181127/tools/bin/../lib/gcc/arm-none-eabi/10.3.1/../../../../arm-none-eabi/lib/thumb/v7e-m+fp/hard/libc_nano.a(lib_a-mprec.o)
                0x0000000008007b38                __s2b
 .text.__hi0bits
                0x0000000008007bcc       0x40 /home/omar/st/stm32cubeide_1.9.0/plugins/com.st.stm32cube.ide.mcu.externaltools.gnu-tools-for-stm32.10.3-2021.10.linux64_1.0.0.202111181127/tools/bin/../lib/gcc/arm-none-eabi/10.3.1/../../../../arm-none-eabi/lib/thumb/v7e-m+fp/hard/libc_nano.a(lib_a-mprec.o)
                0x0000000008007bcc                __hi0bits
 .text.__lo0bits
                0x0000000008007c0c       0x5e /home/omar/st/stm32cubeide_1.9.0/plugins/com.st.stm32cube.ide.mcu.externaltools.gnu-tools-for-stm32.10.3-2021.10.linux64_1.0.0.202111181127/tools/bin/../lib/gcc/arm-none-eabi/10.3.1/../../../../arm-none-eabi/lib/thumb/v7e-m+fp/hard/libc_nano.a(lib_a-mprec.o)
                0x0000000008007c0c                __lo0bits
 *fill*         0x0000000008007c6a        0x2 
 .text.__i2b    0x0000000008007c6c       0x2c /home/omar/st/stm32cubeide_1.9.0/plugins/com.st.stm32cube.ide.mcu.externaltools.gnu-tools-for-stm32.10.3-2021.10.linux64_1.0.0.202111181127/tools/bin/../lib/gcc/arm-none-eabi/10.3.1/../../../../arm-none-eabi/lib/thumb/v7e-m+fp/hard/libc_nano.a(lib_a-mprec.o)
                0x0000000008007c6c                __i2b
 .text.__multiply
                0x0000000008007c98      0x154 /home/omar/st/stm32cubeide_1.9.0/plugins/com.st.stm32cube.ide.mcu.externaltools.gnu-tools-for-stm32.10.3-2021.10.linux64_1.0.0.202111181127/tools/bin/../lib/gcc/arm-none-eabi/10.3.1/../../../../arm-none-eabi/lib/thumb/v7e-m+fp/hard/libc_nano.a(lib_a-mprec.o)
                0x0000000008007c98                __multiply
 .text.__pow5mult
                0x0000000008007dec       0xb4 /home/omar/st/stm32cubeide_1.9.0/plugins/com.st.stm32cube.ide.mcu.externaltools.gnu-tools-for-stm32.10.3-2021.10.linux64_1.0.0.202111181127/tools/bin/../lib/gcc/arm-none-eabi/10.3.1/../../../../arm-none-eabi/lib/thumb/v7e-m+fp/hard/libc_nano.a(lib_a-mprec.o)
                0x0000000008007dec                __pow5mult
 .text.__lshift
                0x0000000008007ea0       0xe0 /home/omar/st/stm32cubeide_1.9.0/plugins/com.st.stm32cube.ide.mcu.externaltools.gnu-tools-for-stm32.10.3-2021.10.linux64_1.0.0.202111181127/tools/bin/../lib/gcc/arm-none-eabi/10.3.1/../../../../arm-none-eabi/lib/thumb/v7e-m+fp/hard/libc_nano.a(lib_a-mprec.o)
                0x0000000008007ea0                __lshift
 .text.__mcmp   0x0000000008007f80       0x38 /home/omar/st/stm32cubeide_1.9.0/plugins/com.st.stm32cube.ide.mcu.externaltools.gnu-tools-for-stm32.10.3-2021.10.linux64_1.0.0.202111181127/tools/bin/../lib/gcc/arm-none-eabi/10.3.1/../../../../arm-none-eabi/lib/thumb/v7e-m+fp/hard/libc_nano.a(lib_a-mprec.o)
                0x0000000008007f80                __mcmp
 .text.__mdiff  0x0000000008007fb8      0x114 /home/omar/st/stm32cubeide_1.9.0/plugins/com.st.stm32cube.ide.mcu.externaltools.gnu-tools-for-stm32.10.3-2021.10.linux64_1.0.0.202111181127/tools/bin/../lib/gcc/arm-none-eabi/10.3.1/../../../../arm-none-eabi/lib/thumb/v7e-m+fp/hard/libc_nano.a(lib_a-mprec.o)
                0x0000000008007fb8                __mdiff
 .text.__ulp    0x00000000080080cc       0x58 /home/omar/st/stm32cubeide_1.9.0/plugins/com.st.stm32cube.ide.mcu.externaltools.gnu-tools-for-stm32.10.3-2021.10.linux64_1.0.0.202111181127/tools/bin/../lib/gcc/arm-none-eabi/10.3.1/../../../../arm-none-eabi/lib/thumb/v7e-m+fp/hard/libc_nano.a(lib_a-mprec.o)
                0x00000000080080cc                __ulp
 .text.__b2d    0x0000000008008124       0xa0 /home/omar/st/stm32cubeide_1.9.0/plugins/com.st.stm32cube.ide.mcu.externaltools.gnu-tools-for-stm32.10.3-2021.10.linux64_1.0.0.202111181127/tools/bin/../lib/gcc/arm-none-eabi/10.3.1/../../../../arm-none-eabi/lib/thumb/v7e-m+fp/hard/libc_nano.a(lib_a-mprec.o)
                0x0000000008008124                __b2d
 .text.__d2b    0x00000000080081c4       0xb8 /home/omar/st/stm32cubeide_1.9.0/plugins/com.st.stm32cube.ide.mcu.externaltools.gnu-tools-for-stm32.10.3-2021.10.linux64_1.0.0.202111181127/tools/bin/../lib/gcc/arm-none-eabi/10.3.1/../../../../arm-none-eabi/lib/thumb/v7e-m+fp/hard/libc_nano.a(lib_a-mprec.o)
                0x00000000080081c4                __d2b
 .text.__ratio  0x000000000800827c       0x66 /home/omar/st/stm32cubeide_1.9.0/plugins/com.st.stm32cube.ide.mcu.externaltools.gnu-tools-for-stm32.10.3-2021.10.linux64_1.0.0.202111181127/tools/bin/../lib/gcc/arm-none-eabi/10.3.1/../../../../arm-none-eabi/lib/thumb/v7e-m+fp/hard/libc_nano.a(lib_a-mprec.o)
                0x000000000800827c                __ratio
 .text.__copybits
                0x00000000080082e2       0x46 /home/omar/st/stm32cubeide_1.9.0/plugins/com.st.stm32cube.ide.mcu.externaltools.gnu-tools-for-stm32.10.3-2021.10.linux64_1.0.0.202111181127/tools/bin/../lib/gcc/arm-none-eabi/10.3.1/../../../../arm-none-eabi/lib/thumb/v7e-m+fp/hard/libc_nano.a(lib_a-mprec.o)
                0x00000000080082e2                __copybits
 .text.__any_on
                0x0000000008008328       0x42 /home/omar/st/stm32cubeide_1.9.0/plugins/com.st.stm32cube.ide.mcu.externaltools.gnu-tools-for-stm32.10.3-2021.10.linux64_1.0.0.202111181127/tools/bin/../lib/gcc/arm-none-eabi/10.3.1/../../../../arm-none-eabi/lib/thumb/v7e-m+fp/hard/libc_nano.a(lib_a-mprec.o)
                0x0000000008008328                __any_on
 .text._calloc_r
                0x000000000800836a       0x2c /home/omar/st/stm32cubeide_1.9.0/plugins/com.st.stm32cube.ide.mcu.externaltools.gnu-tools-for-stm32.10.3-2021.10.linux64_1.0.0.202111181127/tools/bin/../lib/gcc/arm-none-eabi/10.3.1/../../../../arm-none-eabi/lib/thumb/v7e-m+fp/hard/libc_nano.a(lib_a-nano-callocr.o)
                0x000000000800836a                _calloc_r
 *fill*         0x0000000008008396        0x2 
 .text._free_r  0x0000000008008398       0x98 /home/omar/st/stm32cubeide_1.9.0/plugins/com.st.stm32cube.ide.mcu.externaltools.gnu-tools-for-stm32.10.3-2021.10.linux64_1.0.0.202111181127/tools/bin/../lib/gcc/arm-none-eabi/10.3.1/../../../../arm-none-eabi/lib/thumb/v7e-m+fp/hard/libc_nano.a(lib_a-nano-freer.o)
                0x0000000008008398                _free_r
 .text.sbrk_aligned
                0x0000000008008430       0x40 /home/omar/st/stm32cubeide_1.9.0/plugins/com.st.stm32cube.ide.mcu.externaltools.gnu-tools-for-stm32.10.3-2021.10.linux64_1.0.0.202111181127/tools/bin/../lib/gcc/arm-none-eabi/10.3.1/../../../../arm-none-eabi/lib/thumb/v7e-m+fp/hard/libc_nano.a(lib_a-nano-mallocr.o)
 .text._malloc_r
                0x0000000008008470       0xe8 /home/omar/st/stm32cubeide_1.9.0/plugins/com.st.stm32cube.ide.mcu.externaltools.gnu-tools-for-stm32.10.3-2021.10.linux64_1.0.0.202111181127/tools/bin/../lib/gcc/arm-none-eabi/10.3.1/../../../../arm-none-eabi/lib/thumb/v7e-m+fp/hard/libc_nano.a(lib_a-nano-mallocr.o)
                0x0000000008008470                _malloc_r
 .text.__ssputs_r
                0x0000000008008558       0xb6 /home/omar/st/stm32cubeide_1.9.0/plugins/com.st.stm32cube.ide.mcu.externaltools.gnu-tools-for-stm32.10.3-2021.10.linux64_1.0.0.202111181127/tools/bin/../lib/gcc/arm-none-eabi/10.3.1/../../../../arm-none-eabi/lib/thumb/v7e-m+fp/hard/libc_nano.a(lib_a-nano-svfprintf.o)
                0x0000000008008558                __ssputs_r
 *fill*         0x000000000800860e        0x2 
 .text._svfprintf_r
                0x0000000008008610      0x200 /home/omar/st/stm32cubeide_1.9.0/plugins/com.st.stm32cube.ide.mcu.externaltools.gnu-tools-for-stm32.10.3-2021.10.linux64_1.0.0.202111181127/tools/bin/../lib/gcc/arm-none-eabi/10.3.1/../../../../arm-none-eabi/lib/thumb/v7e-m+fp/hard/libc_nano.a(lib_a-nano-svfprintf.o)
                0x0000000008008610                _svfprintf_r
                0x0000000008008610                _svfiprintf_r
 .text.nan      0x0000000008008810       0x10 /home/omar/st/stm32cubeide_1.9.0/plugins/com.st.stm32cube.ide.mcu.externaltools.gnu-tools-for-stm32.10.3-2021.10.linux64_1.0.0.202111181127/tools/bin/../lib/gcc/arm-none-eabi/10.3.1/../../../../arm-none-eabi/lib/thumb/v7e-m+fp/hard/libc_nano.a(lib_a-s_nan.o)
                0x0000000008008810                nan
 .text._sbrk_r  0x0000000008008820       0x20 /home/omar/st/stm32cubeide_1.9.0/plugins/com.st.stm32cube.ide.mcu.externaltools.gnu-tools-for-stm32.10.3-2021.10.linux64_1.0.0.202111181127/tools/bin/../lib/gcc/arm-none-eabi/10.3.1/../../../../arm-none-eabi/lib/thumb/v7e-m+fp/hard/libc_nano.a(lib_a-sbrkr.o)
                0x0000000008008820                _sbrk_r
 .text.strncmp  0x0000000008008840       0x28 /home/omar/st/stm32cubeide_1.9.0/plugins/com.st.stm32cube.ide.mcu.externaltools.gnu-tools-for-stm32.10.3-2021.10.linux64_1.0.0.202111181127/tools/bin/../lib/gcc/arm-none-eabi/10.3.1/../../../../arm-none-eabi/lib/thumb/v7e-m+fp/hard/libc_nano.a(lib_a-strncmp.o)
                0x0000000008008840                strncmp
 .text.__ascii_wctomb
                0x0000000008008868       0x1a /home/omar/st/stm32cubeide_1.9.0/plugins/com.st.stm32cube.ide.mcu.externaltools.gnu-tools-for-stm32.10.3-2021.10.linux64_1.0.0.202111181127/tools/bin/../lib/gcc/arm-none-eabi/10.3.1/../../../../arm-none-eabi/lib/thumb/v7e-m+fp/hard/libc_nano.a(lib_a-wctomb_r.o)
                0x0000000008008868                __ascii_wctomb
 *fill*         0x0000000008008882        0x2 
 .text.__assert_func
                0x0000000008008884       0x3c /home/omar/st/stm32cubeide_1.9.0/plugins/com.st.stm32cube.ide.mcu.externaltools.gnu-tools-for-stm32.10.3-2021.10.linux64_1.0.0.202111181127/tools/bin/../lib/gcc/arm-none-eabi/10.3.1/../../../../arm-none-eabi/lib/thumb/v7e-m+fp/hard/libc_nano.a(lib_a-assert.o)
                0x0000000008008884                __assert_func
 .text.fprintf  0x00000000080088c0       0x24 /home/omar/st/stm32cubeide_1.9.0/plugins/com.st.stm32cube.ide.mcu.externaltools.gnu-tools-for-stm32.10.3-2021.10.linux64_1.0.0.202111181127/tools/bin/../lib/gcc/arm-none-eabi/10.3.1/../../../../arm-none-eabi/lib/thumb/v7e-m+fp/hard/libc_nano.a(lib_a-fprintf.o)
                0x00000000080088c0                fprintf
                0x00000000080088c0                fiprintf
 .text.memmove  0x00000000080088e4       0x34 /home/omar/st/stm32cubeide_1.9.0/plugins/com.st.stm32cube.ide.mcu.externaltools.gnu-tools-for-stm32.10.3-2021.10.linux64_1.0.0.202111181127/tools/bin/../lib/gcc/arm-none-eabi/10.3.1/../../../../arm-none-eabi/lib/thumb/v7e-m+fp/hard/libc_nano.a(lib_a-memmove.o)
                0x00000000080088e4                memmove
 .text.__malloc_lock
                0x0000000008008918        0xc /home/omar/st/stm32cubeide_1.9.0/plugins/com.st.stm32cube.ide.mcu.externaltools.gnu-tools-for-stm32.10.3-2021.10.linux64_1.0.0.202111181127/tools/bin/../lib/gcc/arm-none-eabi/10.3.1/../../../../arm-none-eabi/lib/thumb/v7e-m+fp/hard/libc_nano.a(lib_a-mlock.o)
                0x0000000008008918                __malloc_lock
 .text.__malloc_unlock
                0x0000000008008924        0xc /home/omar/st/stm32cubeide_1.9.0/plugins/com.st.stm32cube.ide.mcu.externaltools.gnu-tools-for-stm32.10.3-2021.10.linux64_1.0.0.202111181127/tools/bin/../lib/gcc/arm-none-eabi/10.3.1/../../../../arm-none-eabi/lib/thumb/v7e-m+fp/hard/libc_nano.a(lib_a-mlock.o)
                0x0000000008008924                __malloc_unlock
 .text._realloc_r
                0x0000000008008930       0x5e /home/omar/st/stm32cubeide_1.9.0/plugins/com.st.stm32cube.ide.mcu.externaltools.gnu-tools-for-stm32.10.3-2021.10.linux64_1.0.0.202111181127/tools/bin/../lib/gcc/arm-none-eabi/10.3.1/../../../../arm-none-eabi/lib/thumb/v7e-m+fp/hard/libc_nano.a(lib_a-nano-reallocr.o)
                0x0000000008008930                _realloc_r
 .text.__sfputc_r
                0x000000000800898e       0x2e /home/omar/st/stm32cubeide_1.9.0/plugins/com.st.stm32cube.ide.mcu.externaltools.gnu-tools-for-stm32.10.3-2021.10.linux64_1.0.0.202111181127/tools/bin/../lib/gcc/arm-none-eabi/10.3.1/../../../../arm-none-eabi/lib/thumb/v7e-m+fp/hard/libc_nano.a(lib_a-nano-vfprintf.o)
 .text.__sfputs_r
                0x00000000080089bc       0x24 /home/omar/st/stm32cubeide_1.9.0/plugins/com.st.stm32cube.ide.mcu.externaltools.gnu-tools-for-stm32.10.3-2021.10.linux64_1.0.0.202111181127/tools/bin/../lib/gcc/arm-none-eabi/10.3.1/../../../../arm-none-eabi/lib/thumb/v7e-m+fp/hard/libc_nano.a(lib_a-nano-vfprintf.o)
                0x00000000080089bc                __sfputs_r
 .text._vfprintf_r
                0x00000000080089e0      0x260 /home/omar/st/stm32cubeide_1.9.0/plugins/com.st.stm32cube.ide.mcu.externaltools.gnu-tools-for-stm32.10.3-2021.10.linux64_1.0.0.202111181127/tools/bin/../lib/gcc/arm-none-eabi/10.3.1/../../../../arm-none-eabi/lib/thumb/v7e-m+fp/hard/libc_nano.a(lib_a-nano-vfprintf.o)
                0x00000000080089e0                _vfiprintf_r
                0x00000000080089e0                _vfprintf_r
 .text.__swbuf_r
                0x0000000008008c40       0xa4 /home/omar/st/stm32cubeide_1.9.0/plugins/com.st.stm32cube.ide.mcu.externaltools.gnu-tools-for-stm32.10.3-2021.10.linux64_1.0.0.202111181127/tools/bin/../lib/gcc/arm-none-eabi/10.3.1/../../../../arm-none-eabi/lib/thumb/v7e-m+fp/hard/libc_nano.a(lib_a-wbuf.o)
                0x0000000008008c40                __swbuf_r
 .text.__swsetup_r
                0x0000000008008ce4       0xdc /home/omar/st/stm32cubeide_1.9.0/plugins/com.st.stm32cube.ide.mcu.externaltools.gnu-tools-for-stm32.10.3-2021.10.linux64_1.0.0.202111181127/tools/bin/../lib/gcc/arm-none-eabi/10.3.1/../../../../arm-none-eabi/lib/thumb/v7e-m+fp/hard/libc_nano.a(lib_a-wsetup.o)
                0x0000000008008ce4                __swsetup_r
 .text.abort    0x0000000008008dc0        0xe /home/omar/st/stm32cubeide_1.9.0/plugins/com.st.stm32cube.ide.mcu.externaltools.gnu-tools-for-stm32.10.3-2021.10.linux64_1.0.0.202111181127/tools/bin/../lib/gcc/arm-none-eabi/10.3.1/../../../../arm-none-eabi/lib/thumb/v7e-m+fp/hard/libc_nano.a(lib_a-abort.o)
                0x0000000008008dc0                abort
 *fill*         0x0000000008008dce        0x2 
 .text.__sflush_r
                0x0000000008008dd0      0x10c /home/omar/st/stm32cubeide_1.9.0/plugins/com.st.stm32cube.ide.mcu.externaltools.gnu-tools-for-stm32.10.3-2021.10.linux64_1.0.0.202111181127/tools/bin/../lib/gcc/arm-none-eabi/10.3.1/../../../../arm-none-eabi/lib/thumb/v7e-m+fp/hard/libc_nano.a(lib_a-fflush.o)
                0x0000000008008dd0                __sflush_r
 .text._fflush_r
                0x0000000008008edc       0x78 /home/omar/st/stm32cubeide_1.9.0/plugins/com.st.stm32cube.ide.mcu.externaltools.gnu-tools-for-stm32.10.3-2021.10.linux64_1.0.0.202111181127/tools/bin/../lib/gcc/arm-none-eabi/10.3.1/../../../../arm-none-eabi/lib/thumb/v7e-m+fp/hard/libc_nano.a(lib_a-fflush.o)
                0x0000000008008edc                _fflush_r
 .text.std      0x0000000008008f54       0x48 /home/omar/st/stm32cubeide_1.9.0/plugins/com.st.stm32cube.ide.mcu.externaltools.gnu-tools-for-stm32.10.3-2021.10.linux64_1.0.0.202111181127/tools/bin/../lib/gcc/arm-none-eabi/10.3.1/../../../../arm-none-eabi/lib/thumb/v7e-m+fp/hard/libc_nano.a(lib_a-findfp.o)
 .text._cleanup_r
                0x0000000008008f9c        0xc /home/omar/st/stm32cubeide_1.9.0/plugins/com.st.stm32cube.ide.mcu.externaltools.gnu-tools-for-stm32.10.3-2021.10.linux64_1.0.0.202111181127/tools/bin/../lib/gcc/arm-none-eabi/10.3.1/../../../../arm-none-eabi/lib/thumb/v7e-m+fp/hard/libc_nano.a(lib_a-findfp.o)
                0x0000000008008f9c                _cleanup_r
 .text.__sfmoreglue
                0x0000000008008fa8       0x2c /home/omar/st/stm32cubeide_1.9.0/plugins/com.st.stm32cube.ide.mcu.externaltools.gnu-tools-for-stm32.10.3-2021.10.linux64_1.0.0.202111181127/tools/bin/../lib/gcc/arm-none-eabi/10.3.1/../../../../arm-none-eabi/lib/thumb/v7e-m+fp/hard/libc_nano.a(lib_a-findfp.o)
                0x0000000008008fa8                __sfmoreglue
 .text.__sfp_lock_acquire
                0x0000000008008fd4        0xc /home/omar/st/stm32cubeide_1.9.0/plugins/com.st.stm32cube.ide.mcu.externaltools.gnu-tools-for-stm32.10.3-2021.10.linux64_1.0.0.202111181127/tools/bin/../lib/gcc/arm-none-eabi/10.3.1/../../../../arm-none-eabi/lib/thumb/v7e-m+fp/hard/libc_nano.a(lib_a-findfp.o)
                0x0000000008008fd4                __sfp_lock_acquire
 .text.__sfp_lock_release
                0x0000000008008fe0        0xc /home/omar/st/stm32cubeide_1.9.0/plugins/com.st.stm32cube.ide.mcu.externaltools.gnu-tools-for-stm32.10.3-2021.10.linux64_1.0.0.202111181127/tools/bin/../lib/gcc/arm-none-eabi/10.3.1/../../../../arm-none-eabi/lib/thumb/v7e-m+fp/hard/libc_nano.a(lib_a-findfp.o)
                0x0000000008008fe0                __sfp_lock_release
 .text.__sinit_lock_acquire
                0x0000000008008fec        0xc /home/omar/st/stm32cubeide_1.9.0/plugins/com.st.stm32cube.ide.mcu.externaltools.gnu-tools-for-stm32.10.3-2021.10.linux64_1.0.0.202111181127/tools/bin/../lib/gcc/arm-none-eabi/10.3.1/../../../../arm-none-eabi/lib/thumb/v7e-m+fp/hard/libc_nano.a(lib_a-findfp.o)
                0x0000000008008fec                __sinit_lock_acquire
 .text.__sinit_lock_release
                0x0000000008008ff8        0xc /home/omar/st/stm32cubeide_1.9.0/plugins/com.st.stm32cube.ide.mcu.externaltools.gnu-tools-for-stm32.10.3-2021.10.linux64_1.0.0.202111181127/tools/bin/../lib/gcc/arm-none-eabi/10.3.1/../../../../arm-none-eabi/lib/thumb/v7e-m+fp/hard/libc_nano.a(lib_a-findfp.o)
                0x0000000008008ff8                __sinit_lock_release
 .text.__sinit  0x0000000008009004       0x70 /home/omar/st/stm32cubeide_1.9.0/plugins/com.st.stm32cube.ide.mcu.externaltools.gnu-tools-for-stm32.10.3-2021.10.linux64_1.0.0.202111181127/tools/bin/../lib/gcc/arm-none-eabi/10.3.1/../../../../arm-none-eabi/lib/thumb/v7e-m+fp/hard/libc_nano.a(lib_a-findfp.o)
                0x0000000008009004                __sinit
 .text.__sfp    0x0000000008009074       0x8c /home/omar/st/stm32cubeide_1.9.0/plugins/com.st.stm32cube.ide.mcu.externaltools.gnu-tools-for-stm32.10.3-2021.10.linux64_1.0.0.202111181127/tools/bin/../lib/gcc/arm-none-eabi/10.3.1/../../../../arm-none-eabi/lib/thumb/v7e-m+fp/hard/libc_nano.a(lib_a-findfp.o)
                0x0000000008009074                __sfp
 .text._fwalk_reent
                0x0000000008009100       0x3e /home/omar/st/stm32cubeide_1.9.0/plugins/com.st.stm32cube.ide.mcu.externaltools.gnu-tools-for-stm32.10.3-2021.10.linux64_1.0.0.202111181127/tools/bin/../lib/gcc/arm-none-eabi/10.3.1/../../../../arm-none-eabi/lib/thumb/v7e-m+fp/hard/libc_nano.a(lib_a-fwalk.o)
                0x0000000008009100                _fwalk_reent
 .text.__retarget_lock_init_recursive
                0x000000000800913e        0x2 /home/omar/st/stm32cubeide_1.9.0/plugins/com.st.stm32cube.ide.mcu.externaltools.gnu-tools-for-stm32.10.3-2021.10.linux64_1.0.0.202111181127/tools/bin/../lib/gcc/arm-none-eabi/10.3.1/../../../../arm-none-eabi/lib/thumb/v7e-m+fp/hard/libc_nano.a(lib_a-lock.o)
                0x000000000800913e                __retarget_lock_init_recursive
 .text.__retarget_lock_acquire_recursive
                0x0000000008009140        0x2 /home/omar/st/stm32cubeide_1.9.0/plugins/com.st.stm32cube.ide.mcu.externaltools.gnu-tools-for-stm32.10.3-2021.10.linux64_1.0.0.202111181127/tools/bin/../lib/gcc/arm-none-eabi/10.3.1/../../../../arm-none-eabi/lib/thumb/v7e-m+fp/hard/libc_nano.a(lib_a-lock.o)
                0x0000000008009140                __retarget_lock_acquire_recursive
 .text.__retarget_lock_release_recursive
                0x0000000008009142        0x2 /home/omar/st/stm32cubeide_1.9.0/plugins/com.st.stm32cube.ide.mcu.externaltools.gnu-tools-for-stm32.10.3-2021.10.linux64_1.0.0.202111181127/tools/bin/../lib/gcc/arm-none-eabi/10.3.1/../../../../arm-none-eabi/lib/thumb/v7e-m+fp/hard/libc_nano.a(lib_a-lock.o)
                0x0000000008009142                __retarget_lock_release_recursive
 .text.__swhatbuf_r
                0x0000000008009144       0x4a /home/omar/st/stm32cubeide_1.9.0/plugins/com.st.stm32cube.ide.mcu.externaltools.gnu-tools-for-stm32.10.3-2021.10.linux64_1.0.0.202111181127/tools/bin/../lib/gcc/arm-none-eabi/10.3.1/../../../../arm-none-eabi/lib/thumb/v7e-m+fp/hard/libc_nano.a(lib_a-makebuf.o)
                0x0000000008009144                __swhatbuf_r
 *fill*         0x000000000800918e        0x2 
 .text.__smakebuf_r
                0x0000000008009190       0x80 /home/omar/st/stm32cubeide_1.9.0/plugins/com.st.stm32cube.ide.mcu.externaltools.gnu-tools-for-stm32.10.3-2021.10.linux64_1.0.0.202111181127/tools/bin/../lib/gcc/arm-none-eabi/10.3.1/../../../../arm-none-eabi/lib/thumb/v7e-m+fp/hard/libc_nano.a(lib_a-makebuf.o)
                0x0000000008009190                __smakebuf_r
 .text._malloc_usable_size_r
                0x0000000008009210       0x10 /home/omar/st/stm32cubeide_1.9.0/plugins/com.st.stm32cube.ide.mcu.externaltools.gnu-tools-for-stm32.10.3-2021.10.linux64_1.0.0.202111181127/tools/bin/../lib/gcc/arm-none-eabi/10.3.1/../../../../arm-none-eabi/lib/thumb/v7e-m+fp/hard/libc_nano.a(lib_a-nano-msizer.o)
                0x0000000008009210                _malloc_usable_size_r
 .text._raise_r
                0x0000000008009220       0x50 /home/omar/st/stm32cubeide_1.9.0/plugins/com.st.stm32cube.ide.mcu.externaltools.gnu-tools-for-stm32.10.3-2021.10.linux64_1.0.0.202111181127/tools/bin/../lib/gcc/arm-none-eabi/10.3.1/../../../../arm-none-eabi/lib/thumb/v7e-m+fp/hard/libc_nano.a(lib_a-signal.o)
                0x0000000008009220                _raise_r
 .text.raise    0x0000000008009270       0x10 /home/omar/st/stm32cubeide_1.9.0/plugins/com.st.stm32cube.ide.mcu.externaltools.gnu-tools-for-stm32.10.3-2021.10.linux64_1.0.0.202111181127/tools/bin/../lib/gcc/arm-none-eabi/10.3.1/../../../../arm-none-eabi/lib/thumb/v7e-m+fp/hard/libc_nano.a(lib_a-signal.o)
                0x0000000008009270                raise
 .text._kill_r  0x0000000008009280       0x24 /home/omar/st/stm32cubeide_1.9.0/plugins/com.st.stm32cube.ide.mcu.externaltools.gnu-tools-for-stm32.10.3-2021.10.linux64_1.0.0.202111181127/tools/bin/../lib/gcc/arm-none-eabi/10.3.1/../../../../arm-none-eabi/lib/thumb/v7e-m+fp/hard/libc_nano.a(lib_a-signalr.o)
                0x0000000008009280                _kill_r
 .text._getpid_r
                0x00000000080092a4        0x4 /home/omar/st/stm32cubeide_1.9.0/plugins/com.st.stm32cube.ide.mcu.externaltools.gnu-tools-for-stm32.10.3-2021.10.linux64_1.0.0.202111181127/tools/bin/../lib/gcc/arm-none-eabi/10.3.1/../../../../arm-none-eabi/lib/thumb/v7e-m+fp/hard/libc_nano.a(lib_a-signalr.o)
                0x00000000080092a4                _getpid_r
 .text.__sread  0x00000000080092a8       0x22 /home/omar/st/stm32cubeide_1.9.0/plugins/com.st.stm32cube.ide.mcu.externaltools.gnu-tools-for-stm32.10.3-2021.10.linux64_1.0.0.202111181127/tools/bin/../lib/gcc/arm-none-eabi/10.3.1/../../../../arm-none-eabi/lib/thumb/v7e-m+fp/hard/libc_nano.a(lib_a-stdio.o)
                0x00000000080092a8                __sread
 .text.__swrite
                0x00000000080092ca       0x38 /home/omar/st/stm32cubeide_1.9.0/plugins/com.st.stm32cube.ide.mcu.externaltools.gnu-tools-for-stm32.10.3-2021.10.linux64_1.0.0.202111181127/tools/bin/../lib/gcc/arm-none-eabi/10.3.1/../../../../arm-none-eabi/lib/thumb/v7e-m+fp/hard/libc_nano.a(lib_a-stdio.o)
                0x00000000080092ca                __swrite
 .text.__sseek  0x0000000008009302       0x24 /home/omar/st/stm32cubeide_1.9.0/plugins/com.st.stm32cube.ide.mcu.externaltools.gnu-tools-for-stm32.10.3-2021.10.linux64_1.0.0.202111181127/tools/bin/../lib/gcc/arm-none-eabi/10.3.1/../../../../arm-none-eabi/lib/thumb/v7e-m+fp/hard/libc_nano.a(lib_a-stdio.o)
                0x0000000008009302                __sseek
 .text.__sclose
                0x0000000008009326        0x8 /home/omar/st/stm32cubeide_1.9.0/plugins/com.st.stm32cube.ide.mcu.externaltools.gnu-tools-for-stm32.10.3-2021.10.linux64_1.0.0.202111181127/tools/bin/../lib/gcc/arm-none-eabi/10.3.1/../../../../arm-none-eabi/lib/thumb/v7e-m+fp/hard/libc_nano.a(lib_a-stdio.o)
                0x0000000008009326                __sclose
 *fill*         0x000000000800932e        0x2 
 .text._write_r
                0x0000000008009330       0x24 /home/omar/st/stm32cubeide_1.9.0/plugins/com.st.stm32cube.ide.mcu.externaltools.gnu-tools-for-stm32.10.3-2021.10.linux64_1.0.0.202111181127/tools/bin/../lib/gcc/arm-none-eabi/10.3.1/../../../../arm-none-eabi/lib/thumb/v7e-m+fp/hard/libc_nano.a(lib_a-writer.o)
                0x0000000008009330                _write_r
 .text._close_r
                0x0000000008009354       0x20 /home/omar/st/stm32cubeide_1.9.0/plugins/com.st.stm32cube.ide.mcu.externaltools.gnu-tools-for-stm32.10.3-2021.10.linux64_1.0.0.202111181127/tools/bin/../lib/gcc/arm-none-eabi/10.3.1/../../../../arm-none-eabi/lib/thumb/v7e-m+fp/hard/libc_nano.a(lib_a-closer.o)
                0x0000000008009354                _close_r
 .text._fstat_r
                0x0000000008009374       0x24 /home/omar/st/stm32cubeide_1.9.0/plugins/com.st.stm32cube.ide.mcu.externaltools.gnu-tools-for-stm32.10.3-2021.10.linux64_1.0.0.202111181127/tools/bin/../lib/gcc/arm-none-eabi/10.3.1/../../../../arm-none-eabi/lib/thumb/v7e-m+fp/hard/libc_nano.a(lib_a-fstatr.o)
                0x0000000008009374                _fstat_r
 .text._isatty_r
                0x0000000008009398       0x20 /home/omar/st/stm32cubeide_1.9.0/plugins/com.st.stm32cube.ide.mcu.externaltools.gnu-tools-for-stm32.10.3-2021.10.linux64_1.0.0.202111181127/tools/bin/../lib/gcc/arm-none-eabi/10.3.1/../../../../arm-none-eabi/lib/thumb/v7e-m+fp/hard/libc_nano.a(lib_a-isattyr.o)
                0x0000000008009398                _isatty_r
 .text._lseek_r
                0x00000000080093b8       0x24 /home/omar/st/stm32cubeide_1.9.0/plugins/com.st.stm32cube.ide.mcu.externaltools.gnu-tools-for-stm32.10.3-2021.10.linux64_1.0.0.202111181127/tools/bin/../lib/gcc/arm-none-eabi/10.3.1/../../../../arm-none-eabi/lib/thumb/v7e-m+fp/hard/libc_nano.a(lib_a-lseekr.o)
                0x00000000080093b8                _lseek_r
 .text._read_r  0x00000000080093dc       0x24 /home/omar/st/stm32cubeide_1.9.0/plugins/com.st.stm32cube.ide.mcu.externaltools.gnu-tools-for-stm32.10.3-2021.10.linux64_1.0.0.202111181127/tools/bin/../lib/gcc/arm-none-eabi/10.3.1/../../../../arm-none-eabi/lib/thumb/v7e-m+fp/hard/libc_nano.a(lib_a-readr.o)
                0x00000000080093dc                _read_r
 *(.glue_7)
 .glue_7        0x0000000008009400        0x0 linker stubs
 *(.glue_7t)
 .glue_7t       0x0000000008009400        0x0 linker stubs
 *(.eh_frame)
 .eh_frame      0x0000000008009400        0x0 /home/omar/st/stm32cubeide_1.9.0/plugins/com.st.stm32cube.ide.mcu.externaltools.gnu-tools-for-stm32.10.3-2021.10.linux64_1.0.0.202111181127/tools/bin/../lib/gcc/arm-none-eabi/10.3.1/thumb/v7e-m+fp/hard/crtbegin.o
 *(.init)
 .init          0x0000000008009400        0x4 /home/omar/st/stm32cubeide_1.9.0/plugins/com.st.stm32cube.ide.mcu.externaltools.gnu-tools-for-stm32.10.3-2021.10.linux64_1.0.0.202111181127/tools/bin/../lib/gcc/arm-none-eabi/10.3.1/thumb/v7e-m+fp/hard/crti.o
                0x0000000008009400                _init
 .init          0x0000000008009404        0x8 /home/omar/st/stm32cubeide_1.9.0/plugins/com.st.stm32cube.ide.mcu.externaltools.gnu-tools-for-stm32.10.3-2021.10.linux64_1.0.0.202111181127/tools/bin/../lib/gcc/arm-none-eabi/10.3.1/thumb/v7e-m+fp/hard/crtn.o
 *(.fini)
 .fini          0x000000000800940c        0x4 /home/omar/st/stm32cubeide_1.9.0/plugins/com.st.stm32cube.ide.mcu.externaltools.gnu-tools-for-stm32.10.3-2021.10.linux64_1.0.0.202111181127/tools/bin/../lib/gcc/arm-none-eabi/10.3.1/thumb/v7e-m+fp/hard/crti.o
                0x000000000800940c                _fini
 .fini          0x0000000008009410        0x8 /home/omar/st/stm32cubeide_1.9.0/plugins/com.st.stm32cube.ide.mcu.externaltools.gnu-tools-for-stm32.10.3-2021.10.linux64_1.0.0.202111181127/tools/bin/../lib/gcc/arm-none-eabi/10.3.1/thumb/v7e-m+fp/hard/crtn.o
                0x0000000008009418                . = ALIGN (0x4)
                0x0000000008009418                _etext = .

.vfp11_veneer   0x0000000008009418        0x0
 .vfp11_veneer  0x0000000008009418        0x0 linker stubs

.v4_bx          0x0000000008009418        0x0
 .v4_bx         0x0000000008009418        0x0 linker stubs

.iplt           0x0000000008009418        0x0
 .iplt          0x0000000008009418        0x0 /home/omar/st/stm32cubeide_1.9.0/plugins/com.st.stm32cube.ide.mcu.externaltools.gnu-tools-for-stm32.10.3-2021.10.linux64_1.0.0.202111181127/tools/bin/../lib/gcc/arm-none-eabi/10.3.1/thumb/v7e-m+fp/hard/crtbegin.o

.rodata         0x0000000008009418    0x215d4
                0x0000000008009418                . = ALIGN (0x4)
 *(.rodata)
 *(.rodata*)
 .rodata.bhy2_sysid_event_size
                0x0000000008009418        0xb ./Application/User/Core/bhy2.o
 .rodata.bosch_imu_setup.str1.1
                0x0000000008009423       0xad ./Application/User/Core/bosch_imu.o
 .rodata.parse_meta_event.str1.1
                0x00000000080094d0      0x277 ./Application/User/Core/common.o
 .rodata.get_api_error.str1.1
                0x0000000008009747       0x23 ./Application/User/Core/common.o
 .rodata.print_api_error.str1.1
                0x000000000800976a       0x23 ./Application/User/Core/common.o
                                          0x5 (size before relaxing)
 .rodata.get_sensor_error_text.str1.1
                0x000000000800976a      0xeb7 ./Application/User/Core/common.o
 .rodata.upload_firmware.str1.1
                0x000000000800a621       0x31 ./Application/User/Core/common.o
 .rodata.get_sensor_name.str1.1
                0x000000000800a652      0x6eb ./Application/User/Core/common.o
                                        0x744 (size before relaxing)
 .rodata.printInfo.str1.1
                0x000000000800ad3d      0x384 ./Application/User/Core/common.o
 .rodata.str1.1
                0x000000000800b0c1      0x2ef ./Application/User/Core/common.o
                                        0x31d (size before relaxing)
 .rodata.CSWTCH.82
                0x000000000800b3b0       0x28 ./Application/User/Core/common.o
 .rodata.bhy2_firmware_image
                0x000000000800b3d8    0x1f0fc ./Application/User/Core/common.o
                0x000000000800b3d8                bhy2_firmware_image
 .rodata.main.str1.1
                0x000000000802a4d4       0x5b ./Application/User/Core/main.o
 .rodata.AHBPrescTable
                0x000000000802a52f       0x10 ./Drivers/CMSIS/system_stm32f4xx.o
                0x000000000802a52f                AHBPrescTable
 .rodata.APBPrescTable
                0x000000000802a53f        0x8 ./Drivers/CMSIS/system_stm32f4xx.o
                0x000000000802a53f                APBPrescTable
 *fill*         0x000000000802a547        0x1 
 .rodata._global_impure_ptr
                0x000000000802a548        0x4 /home/omar/st/stm32cubeide_1.9.0/plugins/com.st.stm32cube.ide.mcu.externaltools.gnu-tools-for-stm32.10.3-2021.10.linux64_1.0.0.202111181127/tools/bin/../lib/gcc/arm-none-eabi/10.3.1/../../../../arm-none-eabi/lib/thumb/v7e-m+fp/hard/libc_nano.a(lib_a-impure.o)
                0x000000000802a548                _global_impure_ptr
 .rodata._printf_float.str1.1
                0x000000000802a54c       0x12 /home/omar/st/stm32cubeide_1.9.0/plugins/com.st.stm32cube.ide.mcu.externaltools.gnu-tools-for-stm32.10.3-2021.10.linux64_1.0.0.202111181127/tools/bin/../lib/gcc/arm-none-eabi/10.3.1/../../../../arm-none-eabi/lib/thumb/v7e-m+fp/hard/libc_nano.a(lib_a-nano-vfprintf_float.o)
 .rodata._printf_i.str1.1
                0x000000000802a55e       0x22 /home/omar/st/stm32cubeide_1.9.0/plugins/com.st.stm32cube.ide.mcu.externaltools.gnu-tools-for-stm32.10.3-2021.10.linux64_1.0.0.202111181127/tools/bin/../lib/gcc/arm-none-eabi/10.3.1/../../../../arm-none-eabi/lib/thumb/v7e-m+fp/hard/libc_nano.a(lib_a-nano-vfprintf_i.o)
 .rodata._scanf_float.str1.1
                0x000000000802a580        0x5 /home/omar/st/stm32cubeide_1.9.0/plugins/com.st.stm32cube.ide.mcu.externaltools.gnu-tools-for-stm32.10.3-2021.10.linux64_1.0.0.202111181127/tools/bin/../lib/gcc/arm-none-eabi/10.3.1/../../../../arm-none-eabi/lib/thumb/v7e-m+fp/hard/libc_nano.a(lib_a-nano-vfscanf_float.o)
                                          0x6 (size before relaxing)
 .rodata._strtod_l.str1.1
                0x000000000802a585        0x5 /home/omar/st/stm32cubeide_1.9.0/plugins/com.st.stm32cube.ide.mcu.externaltools.gnu-tools-for-stm32.10.3-2021.10.linux64_1.0.0.202111181127/tools/bin/../lib/gcc/arm-none-eabi/10.3.1/../../../../arm-none-eabi/lib/thumb/v7e-m+fp/hard/libc_nano.a(lib_a-strtod.o)
                                          0xd (size before relaxing)
 *fill*         0x000000000802a585        0x3 
 .rodata.fpi.1  0x000000000802a588       0x14 /home/omar/st/stm32cubeide_1.9.0/plugins/com.st.stm32cube.ide.mcu.externaltools.gnu-tools-for-stm32.10.3-2021.10.linux64_1.0.0.202111181127/tools/bin/../lib/gcc/arm-none-eabi/10.3.1/../../../../arm-none-eabi/lib/thumb/v7e-m+fp/hard/libc_nano.a(lib_a-strtod.o)
 .rodata.fpinan.0
                0x000000000802a59c       0x14 /home/omar/st/stm32cubeide_1.9.0/plugins/com.st.stm32cube.ide.mcu.externaltools.gnu-tools-for-stm32.10.3-2021.10.linux64_1.0.0.202111181127/tools/bin/../lib/gcc/arm-none-eabi/10.3.1/../../../../arm-none-eabi/lib/thumb/v7e-m+fp/hard/libc_nano.a(lib_a-strtod.o)
 .rodata.tinytens
                0x000000000802a5b0       0x28 /home/omar/st/stm32cubeide_1.9.0/plugins/com.st.stm32cube.ide.mcu.externaltools.gnu-tools-for-stm32.10.3-2021.10.linux64_1.0.0.202111181127/tools/bin/../lib/gcc/arm-none-eabi/10.3.1/../../../../arm-none-eabi/lib/thumb/v7e-m+fp/hard/libc_nano.a(lib_a-strtod.o)
 .rodata._ctype_
                0x000000000802a5d8      0x101 /home/omar/st/stm32cubeide_1.9.0/plugins/com.st.stm32cube.ide.mcu.externaltools.gnu-tools-for-stm32.10.3-2021.10.linux64_1.0.0.202111181127/tools/bin/../lib/gcc/arm-none-eabi/10.3.1/../../../../arm-none-eabi/lib/thumb/v7e-m+fp/hard/libc_nano.a(lib_a-ctype_.o)
                0x000000000802a5d8                _ctype_
 .rodata._dtoa_r.str1.1
                0x000000000802a6d9       0x90 /home/omar/st/stm32cubeide_1.9.0/plugins/com.st.stm32cube.ide.mcu.externaltools.gnu-tools-for-stm32.10.3-2021.10.linux64_1.0.0.202111181127/tools/bin/../lib/gcc/arm-none-eabi/10.3.1/../../../../arm-none-eabi/lib/thumb/v7e-m+fp/hard/libc_nano.a(lib_a-dtoa.o)
                                         0x92 (size before relaxing)
 .rodata.__gethex.str1.1
                0x000000000802a769       0x63 /home/omar/st/stm32cubeide_1.9.0/plugins/com.st.stm32cube.ide.mcu.externaltools.gnu-tools-for-stm32.10.3-2021.10.linux64_1.0.0.202111181127/tools/bin/../lib/gcc/arm-none-eabi/10.3.1/../../../../arm-none-eabi/lib/thumb/v7e-m+fp/hard/libc_nano.a(lib_a-gdtoa-gethex.o)
                                         0x74 (size before relaxing)
 .rodata.str1.1
                0x000000000802a7cc        0x2 /home/omar/st/stm32cubeide_1.9.0/plugins/com.st.stm32cube.ide.mcu.externaltools.gnu-tools-for-stm32.10.3-2021.10.linux64_1.0.0.202111181127/tools/bin/../lib/gcc/arm-none-eabi/10.3.1/../../../../arm-none-eabi/lib/thumb/v7e-m+fp/hard/libc_nano.a(lib_a-lnumeric.o)
                                          0x3 (size before relaxing)
 *fill*         0x000000000802a7ce        0x2 
 .rodata._C_numeric_locale
                0x000000000802a7d0        0xc /home/omar/st/stm32cubeide_1.9.0/plugins/com.st.stm32cube.ide.mcu.externaltools.gnu-tools-for-stm32.10.3-2021.10.linux64_1.0.0.202111181127/tools/bin/../lib/gcc/arm-none-eabi/10.3.1/../../../../arm-none-eabi/lib/thumb/v7e-m+fp/hard/libc_nano.a(lib_a-lnumeric.o)
                0x000000000802a7d0                _C_numeric_locale
 .rodata._setlocale_r.str1.1
                0x000000000802a7dc        0x6 /home/omar/st/stm32cubeide_1.9.0/plugins/com.st.stm32cube.ide.mcu.externaltools.gnu-tools-for-stm32.10.3-2021.10.linux64_1.0.0.202111181127/tools/bin/../lib/gcc/arm-none-eabi/10.3.1/../../../../arm-none-eabi/lib/thumb/v7e-m+fp/hard/libc_nano.a(lib_a-locale.o)
                                          0x9 (size before relaxing)
 .rodata.str1.1
                0x000000000802a7e2        0x2 /home/omar/st/stm32cubeide_1.9.0/plugins/com.st.stm32cube.ide.mcu.externaltools.gnu-tools-for-stm32.10.3-2021.10.linux64_1.0.0.202111181127/tools/bin/../lib/gcc/arm-none-eabi/10.3.1/../../../../arm-none-eabi/lib/thumb/v7e-m+fp/hard/libc_nano.a(lib_a-locale.o)
 .rodata._Balloc.str1.1
                0x000000000802a7e2       0x5c /home/omar/st/stm32cubeide_1.9.0/plugins/com.st.stm32cube.ide.mcu.externaltools.gnu-tools-for-stm32.10.3-2021.10.linux64_1.0.0.202111181127/tools/bin/../lib/gcc/arm-none-eabi/10.3.1/../../../../arm-none-eabi/lib/thumb/v7e-m+fp/hard/libc_nano.a(lib_a-mprec.o)
                                         0x73 (size before relaxing)
 .rodata.__multadd.str1.1
                0x000000000802a83e       0x11 /home/omar/st/stm32cubeide_1.9.0/plugins/com.st.stm32cube.ide.mcu.externaltools.gnu-tools-for-stm32.10.3-2021.10.linux64_1.0.0.202111181127/tools/bin/../lib/gcc/arm-none-eabi/10.3.1/../../../../arm-none-eabi/lib/thumb/v7e-m+fp/hard/libc_nano.a(lib_a-mprec.o)
 *fill*         0x000000000802a83e        0x2 
 .rodata.__mprec_bigtens
                0x000000000802a840       0x28 /home/omar/st/stm32cubeide_1.9.0/plugins/com.st.stm32cube.ide.mcu.externaltools.gnu-tools-for-stm32.10.3-2021.10.linux64_1.0.0.202111181127/tools/bin/../lib/gcc/arm-none-eabi/10.3.1/../../../../arm-none-eabi/lib/thumb/v7e-m+fp/hard/libc_nano.a(lib_a-mprec.o)
                0x000000000802a840                __mprec_bigtens
 .rodata.__mprec_tens
                0x000000000802a868       0xc8 /home/omar/st/stm32cubeide_1.9.0/plugins/com.st.stm32cube.ide.mcu.externaltools.gnu-tools-for-stm32.10.3-2021.10.linux64_1.0.0.202111181127/tools/bin/../lib/gcc/arm-none-eabi/10.3.1/../../../../arm-none-eabi/lib/thumb/v7e-m+fp/hard/libc_nano.a(lib_a-mprec.o)
                0x000000000802a868                __mprec_tens
 .rodata.p05.0  0x000000000802a930        0xc /home/omar/st/stm32cubeide_1.9.0/plugins/com.st.stm32cube.ide.mcu.externaltools.gnu-tools-for-stm32.10.3-2021.10.linux64_1.0.0.202111181127/tools/bin/../lib/gcc/arm-none-eabi/10.3.1/../../../../arm-none-eabi/lib/thumb/v7e-m+fp/hard/libc_nano.a(lib_a-mprec.o)
 .rodata._svfprintf_r.str1.1
                0x000000000802a93c       0x11 /home/omar/st/stm32cubeide_1.9.0/plugins/com.st.stm32cube.ide.mcu.externaltools.gnu-tools-for-stm32.10.3-2021.10.linux64_1.0.0.202111181127/tools/bin/../lib/gcc/arm-none-eabi/10.3.1/../../../../arm-none-eabi/lib/thumb/v7e-m+fp/hard/libc_nano.a(lib_a-nano-svfprintf.o)
 .rodata.__assert_func.str1.1
                0x000000000802a94d       0x3c /home/omar/st/stm32cubeide_1.9.0/plugins/com.st.stm32cube.ide.mcu.externaltools.gnu-tools-for-stm32.10.3-2021.10.linux64_1.0.0.202111181127/tools/bin/../lib/gcc/arm-none-eabi/10.3.1/../../../../arm-none-eabi/lib/thumb/v7e-m+fp/hard/libc_nano.a(lib_a-assert.o)
                                         0x3d (size before relaxing)
 .rodata._vfprintf_r.str1.1