../Application/User/Core/bhy2.c:1637:15:parse_fifo	64	static
../Application/User/Core/bhy2.c:83:8:bhy2_get_regs	0	static
../Application/User/Core/bhy2.c:99:8:bhy2_set_regs	0	static
../Application/User/Core/bhy2.c:156:8:bhy2_get_and_process_fifo	64	static
../Application/User/Core/bhy2.c:254:8:bhy2_get_virt_sensor_cfg	32	static
../Application/User/Core/bhy2.c:282:8:bhy2_set_virt_sensor_cfg	0	static
../Application/User/Core/bhy2.c:298:8:bhy2_set_virt_sensor_range	16	static
../Application/User/Core/bhy2.c:319:8:bhy2_get_fifo_ctrl	40	static
../Application/User/Core/bhy2.c:342:8:bhy2_set_fifo_wmark_wkup	48	static
../Application/User/Core/bhy2.c:387:8:bhy2_get_fifo_wmark_wkup	48	static
../Application/User/Core/bhy2.c:406:8:bhy2_set_fifo_wmark_nonwkup	48	static
../Application/User/Core/bhy2.c:451:8:bhy2_get_fifo_wmark_nonwkup	48	static
../Application/User/Core/bhy2.c:470:8:bhy2_get_product_id	0	static
../Application/User/Core/bhy2.c:486:8:bhy2_get_chip_id	0	static
../Application/User/Core/bhy2.c:502:8:bhy2_get_revision_id	0	static
../Application/User/Core/bhy2.c:518:8:bhy2_get_rom_version	0	static
../Application/User/Core/bhy2.c:534:8:bhy2_get_kernel_version	0	static
../Application/User/Core/bhy2.c:550:8:bhy2_get_user_version	0	static
../Application/User/Core/bhy2.c:566:8:bhy2_get_boot_status	0	static
../Application/User/Core/bhy2.c:582:8:bhy2_get_host_status	0	static
../Application/User/Core/bhy2.c:598:8:bhy2_get_feature_status	0	static
../Application/User/Core/bhy2.c:614:8:bhy2_get_virt_sensor_list	24	static
../Application/User/Core/bhy2.c:632:8:bhy2_upload_firmware_to_ram	0	static
../Application/User/Core/bhy2.c:648:8:bhy2_upload_firmware_to_ram_partly	8	static
../Application/User/Core/bhy2.c:668:8:bhy2_boot_from_ram	0	static
../Application/User/Core/bhy2.c:684:8:bhy2_erase_flash	0	static
../Application/User/Core/bhy2.c:700:8:bhy2_upload_firmware_to_flash	56	static
../Application/User/Core/bhy2.c:718:8:bhy2_upload_firmware_to_flash_partly	4	static
../Application/User/Core/bhy2.c:737:8:bhy2_boot_from_flash	0	static
../Application/User/Core/bhy2.c:753:8:bhy2_set_host_interrupt_ctrl	16	static
../Application/User/Core/bhy2.c:769:8:bhy2_get_host_interrupt_ctrl	0	static
../Application/User/Core/bhy2.c:785:8:bhy2_get_interrupt_status	0	static
../Application/User/Core/bhy2.c:801:8:bhy2_set_host_intf_ctrl	16	static
../Application/User/Core/bhy2.c:817:8:bhy2_get_host_intf_ctrl	0	static
../Application/User/Core/bhy2.c:833:8:bhy2_set_fifo_format_ctrl	16	static
../Application/User/Core/bhy2.c:851:8:bhy2_set_timestamp_event_req	16	static
../Application/User/Core/bhy2.c:877:8:bhy2_get_hw_timestamp_ns	16	static
../Application/User/Core/bhy2.c:894:8:bhy2_set_host_ctrl	16	static
../Application/User/Core/bhy2.c:910:8:bhy2_get_host_ctrl	0	static
../Application/User/Core/bhy2.c:926:8:bhy2_soft_passthrough_transfer	320	static
../Application/User/Core/bhy2.c:999:8:bhy2_flush_fifo	0	static
../Application/User/Core/bhy2.c:1015:8:bhy2_soft_reset	0	static
../Application/User/Core/bhy2.c:1031:8:bhy2_perform_self_test	0	static
../Application/User/Core/bhy2.c:1047:8:bhy2_perform_foc	0	static
../Application/User/Core/bhy2.c:1063:8:bhy2_set_orientation_matrix	24	static
../Application/User/Core/bhy2.c:1080:8:bhy2_get_phys_sensor_info	0	static
../Application/User/Core/bhy2.c:1098:8:bhy2_get_orientation_matrix	32	static
../Application/User/Core/bhy2.c:1130:8:bhy2_get_sic_matrix	16	static
../Application/User/Core/bhy2.c:1146:8:bhy2_set_sic_matrix	0	static
../Application/User/Core/bhy2.c:1162:8:bhy2_get_calibration_profile	12	static
../Application/User/Core/bhy2.c:1186:8:bhy2_set_calibration_profile	4	static
../Application/User/Core/bhy2.c:1208:8:bhy2_get_post_mortem_data	24	static
../Application/User/Core/bhy2.c:1225:8:bhy2_init	40	static
../Application/User/Core/bhy2.c:1249:8:bhy2_register_fifo_parse_callback	20	static
../Application/User/Core/bhy2.c:1283:8:bhy2_deregister_fifo_parse_callback	12	static
../Application/User/Core/bhy2.c:1309:8:bhy2_update_virtual_sensor_list	48	static
../Application/User/Core/bhy2.c:1363:8:bhy2_get_sensor_info	0	static
../Application/User/Core/bhy2.c:1379:8:bhy2_set_parameter	4	static
../Application/User/Core/bhy2.c:1395:8:bhy2_get_parameter	12	static
../Application/User/Core/bhy2.c:1411:8:bhy2_get_error_value	0	static
../Application/User/Core/bhy2.c:1427:8:bhy2_set_data_injection_mode	296	static
../Application/User/Core/bhy2.c:1475:8:bhy2_inject_data	0	static
../Application/User/Core/bhy2.c:1480:9:bhy2_is_sensor_available	0	static
../Application/User/Core/bhy2.c:1497:8:bhy2_get_variant_id	152	static
../Application/User/Core/bhy2.c:1743:8:bhy2_clear_fifo	16	static
../Application/User/Core/bhy2.c:1761:8:bhy2_read_status	32	static
