../Application/User/Core/bhy2_hif.c:386:8:bhy2_hif_init	12	static
../Application/User/Core/bhy2_hif.c:421:8:bhy2_hif_get_regs	16	static
../Application/User/Core/bhy2_hif.c:322:15:bhy2_hif_get_fifo	48	static
../Application/User/Core/bhy2_hif.c:446:8:bhy2_hif_set_regs	16	static
../Application/User/Core/bhy2_hif.c:110:15:bhy2_hif_exec_cmd_generic	312	static
../Application/User/Core/bhy2_hif.c:471:8:bhy2_hif_delay_us	8	static
../Application/User/Core/bhy2_hif.c:248:15:bhy2_hif_check_boot_status_ram	24	static
../Application/User/Core/bhy2_hif.c:487:8:bhy2_hif_exec_cmd	24	static
../Application/User/Core/bhy2_hif.c:559:8:bhy2_hif_set_parameter	0	static
../Application/User/Core/bhy2_hif.c:564:8:bhy2_hif_get_product_id	0	static
../Application/User/Core/bhy2_hif.c:569:8:bhy2_hif_get_chip_id	0	static
../Application/User/Core/bhy2_hif.c:574:8:bhy2_hif_get_rom_version	16	static
../Application/User/Core/bhy2_hif.c:592:8:bhy2_hif_get_kernel_version	16	static
../Application/User/Core/bhy2_hif.c:610:8:bhy2_hif_get_user_version	16	static
../Application/User/Core/bhy2_hif.c:628:8:bhy2_hif_get_boot_status	0	static
../Application/User/Core/bhy2_hif.c:633:8:bhy2_hif_get_host_status	0	static
../Application/User/Core/bhy2_hif.c:638:8:bhy2_hif_get_feature_status	0	static
../Application/User/Core/bhy2_hif.c:643:8:bhy2_hif_get_interrupt_status	0	static
../Application/User/Core/bhy2_hif.c:214:8:bhy2_hif_wait_status_ready	24	static
../Application/User/Core/bhy2_hif.c:648:8:bhy2_hif_get_fw_error	0	static
../Application/User/Core/bhy2_hif.c:653:8:bhy2_hif_reset	24	static
../Application/User/Core/bhy2_hif.c:690:8:bhy2_hif_upload_firmware_to_ram	8	static
../Application/User/Core/bhy2_hif.c:719:8:bhy2_hif_upload_firmware_to_ram_partly	32	static
../Application/User/Core/bhy2_hif.c:762:8:bhy2_hif_boot_program_ram	8	static
../Application/User/Core/bhy2_hif.c:775:8:bhy2_hif_get_wakeup_fifo	16	static
../Application/User/Core/bhy2_hif.c:784:8:bhy2_hif_get_nonwakeup_fifo	16	static
../Application/User/Core/bhy2_hif.c:793:8:bhy2_hif_get_status_fifo	32	static
../Application/User/Core/bhy2_hif.c:492:8:bhy2_hif_get_parameter	48	static
../Application/User/Core/bhy2_hif.c:823:8:bhy2_hif_get_status_fifo_async	16	static
../Application/User/Core/bhy2_hif.c:832:8:bhy2_hif_exec_sensor_conf_cmd	24	static
../Application/User/Core/bhy2_hif.c:855:8:bhy2_hif_set_fifo_flush	16	static
../Application/User/Core/bhy2_hif.c:862:8:bhy2_hif_exec_soft_passthrough	48	static
../Application/User/Core/bhy2_hif.c:912:8:bhy2_hif_get_post_mortem	48	static
../Application/User/Core/bhy2_hif.c:963:8:bhy2_hif_do_self_test	64	static
../Application/User/Core/bhy2_hif.c:1031:8:bhy2_hif_do_foc	64	static
../Application/User/Core/bhy2_hif.c:1096:8:bhy2_hif_get_sensor_ctrl	56	static
../Application/User/Core/bhy2_hif.c:1168:8:bhy2_hif_set_sensor_ctrl	32	static
../Application/User/Core/bhy2_hif.c:1184:8:bhy2_hif_get_bsx_state	120	static
../Application/User/Core/bhy2_hif.c:1236:8:bhy2_hif_set_bsx_state	112	static
../Application/User/Core/bhy2_hif.c:1271:8:bhy2_hif_erase_flash	40	static
../Application/User/Core/bhy2_hif.c:1346:8:bhy2_hif_upload_to_flash	64	static
../Application/User/Core/bhy2_hif.c:1434:8:bhy2_hif_upload_to_flash_partly	80	static
../Application/User/Core/bhy2_hif.c:1493:8:bhy2_hif_boot_from_flash	24	static
../Application/User/Core/bhy2_hif.c:1506:8:bhy2_hif_request_hw_timestamp	16	static
../Application/User/Core/bhy2_hif.c:1513:8:bhy2_hif_get_hw_timestamp	16	static
../Application/User/Core/bhy2_hif.c:1534:8:bhy2_hif_req_and_get_hw_timestamp	32	static
../Application/User/Core/bhy2_hif.c:1585:8:bhy2_hif_get_sensor_info	48	static
../Application/User/Core/bhy2_hif.c:1652:8:bhy2_hif_get_phys_sensor_info	40	static
../Application/User/Core/bhy2_hif.c:1702:8:bhy2_hif_set_orientation_matrix	32	static
../Application/User/Core/bhy2_hif.c:1724:8:bhy2_hif_set_inject_data_mode	32	static
../Application/User/Core/bhy2_hif.c:1753:8:bhy2_hif_inject_data	0	static
