../Application/User/Core/common.c:52:6:parse_meta_event	16	static
../Application/User/Core/common.c:350:7:get_api_error	0	static
../Application/User/Core/common.c:137:6:print_api_error	8	static
../Application/User/Core/common.c:392:7:get_sensor_error_text	0	static
../Application/User/Core/common.c:146:6:upload_firmware	32	static
../Application/User/Core/common.c:635:7:get_sensor_name	0	static
../Application/User/Core/common.c:203:9:printInfo	104	static
../Application/User/Core/common.c:913:7:get_sensor_default_scaling	0	static
../Application/User/Core/common.c:1007:7:get_sensor_parse_format	0	static
../Application/User/Core/common.c:1142:7:get_sensor_axis_names	0	static
../Application/User/Core/common.c:1282:7:get_klio_error	0	static
