Archive member included to satisfy reference by file (symbol)

c:/st/stm32cubeide_1.9.0/stm32cubeide/plugins/com.st.stm32cube.ide.mcu.externaltools.gnu-tools-for-stm32.10.3-2021.10.win32_1.0.0.202111181127/tools/bin/../lib/gcc/arm-none-eabi/10.3.1/../../../../arm-none-eabi/lib/thumb/v7e-m+fp/hard\libc_nano.a(lib_a-errno.o)
                              ./Application/User/Core/syscalls.o (__errno)
c:/st/stm32cubeide_1.9.0/stm32cubeide/plugins/com.st.stm32cube.ide.mcu.externaltools.gnu-tools-for-stm32.10.3-2021.10.win32_1.0.0.202111181127/tools/bin/../lib/gcc/arm-none-eabi/10.3.1/../../../../arm-none-eabi/lib/thumb/v7e-m+fp/hard\libc_nano.a(lib_a-exit.o)
                              c:/st/stm32cubeide_1.9.0/stm32cubeide/plugins/com.st.stm32cube.ide.mcu.externaltools.gnu-tools-for-stm32.10.3-2021.10.win32_1.0.0.202111181127/tools/bin/../lib/gcc/arm-none-eabi/10.3.1/../../../../arm-none-eabi/lib/thumb/v7e-m+fp/hard/crt0.o (exit)
c:/st/stm32cubeide_1.9.0/stm32cubeide/plugins/com.st.stm32cube.ide.mcu.externaltools.gnu-tools-for-stm32.10.3-2021.10.win32_1.0.0.202111181127/tools/bin/../lib/gcc/arm-none-eabi/10.3.1/../../../../arm-none-eabi/lib/thumb/v7e-m+fp/hard\libc_nano.a(lib_a-impure.o)
                              c:/st/stm32cubeide_1.9.0/stm32cubeide/plugins/com.st.stm32cube.ide.mcu.externaltools.gnu-tools-for-stm32.10.3-2021.10.win32_1.0.0.202111181127/tools/bin/../lib/gcc/arm-none-eabi/10.3.1/../../../../arm-none-eabi/lib/thumb/v7e-m+fp/hard\libc_nano.a(lib_a-exit.o) (_global_impure_ptr)
c:/st/stm32cubeide_1.9.0/stm32cubeide/plugins/com.st.stm32cube.ide.mcu.externaltools.gnu-tools-for-stm32.10.3-2021.10.win32_1.0.0.202111181127/tools/bin/../lib/gcc/arm-none-eabi/10.3.1/../../../../arm-none-eabi/lib/thumb/v7e-m+fp/hard\libc_nano.a(lib_a-init.o)
                              c:/st/stm32cubeide_1.9.0/stm32cubeide/plugins/com.st.stm32cube.ide.mcu.externaltools.gnu-tools-for-stm32.10.3-2021.10.win32_1.0.0.202111181127/tools/bin/../lib/gcc/arm-none-eabi/10.3.1/../../../../arm-none-eabi/lib/thumb/v7e-m+fp/hard/crt0.o (__libc_init_array)
c:/st/stm32cubeide_1.9.0/stm32cubeide/plugins/com.st.stm32cube.ide.mcu.externaltools.gnu-tools-for-stm32.10.3-2021.10.win32_1.0.0.202111181127/tools/bin/../lib/gcc/arm-none-eabi/10.3.1/../../../../arm-none-eabi/lib/thumb/v7e-m+fp/hard\libc_nano.a(lib_a-memcpy-stub.o)
                              ./Application/User/Core/bhy2.o (memcpy)
c:/st/stm32cubeide_1.9.0/stm32cubeide/plugins/com.st.stm32cube.ide.mcu.externaltools.gnu-tools-for-stm32.10.3-2021.10.win32_1.0.0.202111181127/tools/bin/../lib/gcc/arm-none-eabi/10.3.1/../../../../arm-none-eabi/lib/thumb/v7e-m+fp/hard\libc_nano.a(lib_a-memset.o)
                              c:/st/stm32cubeide_1.9.0/stm32cubeide/plugins/com.st.stm32cube.ide.mcu.externaltools.gnu-tools-for-stm32.10.3-2021.10.win32_1.0.0.202111181127/tools/bin/../lib/gcc/arm-none-eabi/10.3.1/../../../../arm-none-eabi/lib/thumb/v7e-m+fp/hard/crt0.o (memset)
c:/st/stm32cubeide_1.9.0/stm32cubeide/plugins/com.st.stm32cube.ide.mcu.externaltools.gnu-tools-for-stm32.10.3-2021.10.win32_1.0.0.202111181127/tools/bin/../lib/gcc/arm-none-eabi/10.3.1/../../../../arm-none-eabi/lib/thumb/v7e-m+fp/hard\libc_nano.a(lib_a-vsprintf.o)
                              ./Application/User/Core/main.o (vsprintf)
c:/st/stm32cubeide_1.9.0/stm32cubeide/plugins/com.st.stm32cube.ide.mcu.externaltools.gnu-tools-for-stm32.10.3-2021.10.win32_1.0.0.202111181127/tools/bin/../lib/gcc/arm-none-eabi/10.3.1/../../../../arm-none-eabi/lib/thumb/v7e-m+fp/hard\libc_nano.a(lib_a-nano-svfprintf.o)
                              c:/st/stm32cubeide_1.9.0/stm32cubeide/plugins/com.st.stm32cube.ide.mcu.externaltools.gnu-tools-for-stm32.10.3-2021.10.win32_1.0.0.202111181127/tools/bin/../lib/gcc/arm-none-eabi/10.3.1/../../../../arm-none-eabi/lib/thumb/v7e-m+fp/hard\libc_nano.a(lib_a-vsprintf.o) (_svfprintf_r)
c:/st/stm32cubeide_1.9.0/stm32cubeide/plugins/com.st.stm32cube.ide.mcu.externaltools.gnu-tools-for-stm32.10.3-2021.10.win32_1.0.0.202111181127/tools/bin/../lib/gcc/arm-none-eabi/10.3.1/../../../../arm-none-eabi/lib/thumb/v7e-m+fp/hard\libc_nano.a(lib_a-nano-vfprintf_i.o)
                              c:/st/stm32cubeide_1.9.0/stm32cubeide/plugins/com.st.stm32cube.ide.mcu.externaltools.gnu-tools-for-stm32.10.3-2021.10.win32_1.0.0.202111181127/tools/bin/../lib/gcc/arm-none-eabi/10.3.1/../../../../arm-none-eabi/lib/thumb/v7e-m+fp/hard\libc_nano.a(lib_a-nano-svfprintf.o) (_printf_i)
c:/st/stm32cubeide_1.9.0/stm32cubeide/plugins/com.st.stm32cube.ide.mcu.externaltools.gnu-tools-for-stm32.10.3-2021.10.win32_1.0.0.202111181127/tools/bin/../lib/gcc/arm-none-eabi/10.3.1/../../../../arm-none-eabi/lib/thumb/v7e-m+fp/hard\libc_nano.a(lib_a-memchr.o)
[...]
Memory Configuration

Name             Origin             Length             Attributes
RAM              0x0000000020000000 0x0000000000020000 xrw
FLASH            0x0000000008000000 0x0000000000080000 xr
*default*        0x0000000000000000 0xffffffffffffffff

Linker script and memory map

LOAD c:/st/stm32cubeide_1.9.0/stm32cubeide/plugins/com.st.stm32cube.ide.mcu.externaltools.gnu-tools-for-stm32.10.3-2021.10.win32_1.0.0.202111181127/tools/bin/../lib/gcc/arm-none-eabi/10.3.1/thumb/v7e-m+fp/hard/crti.o
LOAD c:/st/stm32cubeide_1.9.0/stm32cubeide/plugins/com.st.stm32cube.ide.mcu.externaltools.gnu-tools-for-stm32.10.3-2021.10.win32_1.0.0.202111181127/tools/bin/../lib/gcc/arm-none-eabi/10.3.1/thumb/v7e-m+fp/hard/crtbegin.o
LOAD c:/st/stm32cubeide_1.9.0/stm32cubeide/plugins/com.st.stm32cube.ide.mcu.externaltools.gnu-tools-for-stm32.10.3-2021.10.win32_1.0.0.202111181127/tools/bin/../lib/gcc/arm-none-eabi/10.3.1/../../../../arm-none-eabi/lib/thumb/v7e-m+fp/hard/crt0.o
LOAD ./Application/User/Core/bhy2.o
LOAD ./Application/User/Core/bhy2_hif.o
LOAD ./Application/User/Core/bhy2_parse.o
LOAD ./Application/User/Core/bosch_imu.o
LOAD ./Application/User/Core/common.o
LOAD ./Application/User/Core/main.o
LOAD ./Application/User/Core/stm32f4xx_hal_msp.o
LOAD ./Application/User/Core/stm32f4xx_it.o
LOAD ./Application/User/Core/syscalls.o
LOAD ./Application/User/Core/sysmem.o
LOAD ./Application/User/Startup/startup_stm32f446retx.o
LOAD ./Drivers/CMSIS/system_stm32f4xx.o
LOAD ./Drivers/STM32F4xx_HAL_Driver/stm32f4xx_hal.o
LOAD ./Drivers/STM32F4xx_HAL_Driver/stm32f4xx_hal_cortex.o
LOAD ./Drivers/STM32F4xx_HAL_Driver/stm32f4xx_hal_dma.o
LOAD ./Drivers/STM32F4xx_HAL_Driver/stm32f4xx_hal_dma_ex.o
LOAD ./Drivers/STM32F4xx_HAL_Driver/stm32f4xx_hal_exti.o
LOAD ./Drivers/STM32F4xx_HAL_Driver/stm32f4xx_hal_flash.o
LOAD ./Drivers/STM32F4xx_HAL_Driver/stm32f4xx_hal_flash_ex.o
LOAD ./Drivers/STM32F4xx_HAL_Driver/stm32f4xx_hal_flash_ramfunc.o
LOAD ./Drivers/STM32F4xx_HAL_Driver/stm32f4xx_hal_gpio.o
LOAD ./Drivers/STM32F4xx_HAL_Driver/stm32f4xx_hal_i2c.o
LOAD ./Drivers/STM32F4xx_HAL_Driver/stm32f4xx_hal_i2c_ex.o
LOAD ./Drivers/STM32F4xx_HAL_Driver/stm32f4xx_hal_pwr.o
LOAD ./Drivers/STM32F4xx_HAL_Driver/stm32f4xx_hal_pwr_ex.o
LOAD ./Drivers/STM32F4xx_HAL_Driver/stm32f4xx_hal_rcc.o
LOAD ./Drivers/STM32F4xx_HAL_Driver/stm32f4xx_hal_rcc_ex.o
LOAD ./Drivers/STM32F4xx_HAL_Driver/stm32f4xx_hal_tim.o
LOAD ./Drivers/STM32F4xx_HAL_Driver/stm32f4xx_hal_tim_ex.o
LOAD ./Drivers/STM32F4xx_HAL_Driver/stm32f4xx_hal_uart.o
LOAD ./bosch/bhi3.o
LOAD ./bosch/bhi3_multi_tap.o
LOAD ./bosch/bhy2_bsec.o
LOAD ./bosch/bhy2_head_tracker.o
LOAD ./bosch/bhy2_klio.o
LOAD ./bosch/bhy2_swim.o
START GROUP
LOAD c:/st/stm32cubeide_1.9.0/stm32cubeide/plugins/com.st.stm32cube.ide.mcu.externaltools.gnu-tools-for-stm32.10.3-2021.10.win32_1.0.0.202111181127/tools/bin/../lib/gcc/arm-none-eabi/10.3.1/../../../../arm-none-eabi/lib/thumb/v7e-m+fp/hard\libc_nano.a
LOAD c:/st/stm32cubeide_1.9.0/stm32cubeide/plugins/com.st.stm32cube.ide.mcu.externaltools.gnu-tools-for-stm32.10.3-2021.10.win32_1.0.0.202111181127/tools/bin/../lib/gcc/arm-none-eabi/10.3.1/../../../../arm-none-eabi/lib/thumb/v7e-m+fp/hard\libm.a
END GROUP
START GROUP
LOAD c:/st/stm32cubeide_1.9.0/stm32cubeide/plugins/com.st.stm32cube.ide.mcu.externaltools.gnu-tools-for-stm32.10.3-2021.10.win32_1.0.0.202111181127/tools/bin/../lib/gcc/arm-none-eabi/10.3.1/thumb/v7e-m+fp/hard\libgcc.a
LOAD c:/st/stm32cubeide_1.9.0/stm32cubeide/plugins/com.st.stm32cube.ide.mcu.externaltools.gnu-tools-for-stm32.10.3-2021.10.win32_1.0.0.202111181127/tools/bin/../lib/gcc/arm-none-eabi/10.3.1/../../../../arm-none-eabi/lib/thumb/v7e-m+fp/hard\libc_nano.a
END GROUP
START GROUP
LOAD c:/st/stm32cubeide_1.9.0/stm32cubeide/plugins/com.st.stm32cube.ide.mcu.externaltools.gnu-tools-for-stm32.10.3-2021.10.win32_1.0.0.202111181127/tools/bin/../lib/gcc/arm-none-eabi/10.3.1/thumb/v7e-m+fp/hard\libgcc.a
LOAD c:/st/stm32cubeide_1.9.0/stm32cubeide/plugins/com.st.stm32cube.ide.mcu.externaltools.gnu-tools-for-stm32.10.3-2021.10.win32_1.0.0.202111181127/tools/bin/../lib/gcc/arm-none-eabi/10.3.1/../../../../arm-none-eabi/lib/thumb/v7e-m+fp/hard\libc_nano.a
LOAD c:/st/stm32cubeide_1.9.0/stm32cubeide/plugins/com.st.stm32cube.ide.mcu.externaltools.gnu-tools-for-stm32.10.3-2021.10.win32_1.0.0.202111181127/tools/bin/../lib/gcc/arm-none-eabi/10.3.1/../../../../arm-none-eabi/lib/thumb/v7e-m+fp/hard\libnosys.a
END GROUP
START GROUP
LOAD c:/st/stm32cubeide_1.9.0/stm32cubeide/plugins/com.st.stm32cube.ide.mcu.externaltools.gnu-tools-for-stm32.10.3-2021.10.win32_1.0.0.202111181127/tools/bin/../lib/gcc/arm-none-eabi/10.3.1/thumb/v7e-m+fp/hard\libgcc.a
LOAD c:/st/stm32cubeide_1.9.0/stm32cubeide/plugins/com.st.stm32cube.ide.mcu.externaltools.gnu-tools-for-stm32.10.3-2021.10.win32_1.0.0.202111181127/tools/bin/../lib/gcc/arm-none-eabi/10.3.1/../../../../arm-none-eabi/lib/thumb/v7e-m+fp/hard\libc_nano.a
LOAD c:/st/stm32cubeide_1.9.0/stm32cubeide/plugins/com.st.stm32cube.ide.mcu.externaltools.gnu-tools-for-stm32.10.3-2021.10.win32_1.0.0.202111181127/tools/bin/../lib/gcc/arm-none-eabi/10.3.1/../../../../arm-none-eabi/lib/thumb/v7e-m+fp/hard\libnosys.a
END GROUP
LOAD c:/st/stm32cubeide_1.9.0/stm32cubeide/plugins/com.st.stm32cube.ide.mcu.externaltools.gnu-tools-for-stm32.10.3-2021.10.win32_1.0.0.202111181127/tools/bin/../lib/gcc/arm-none-eabi/10.3.1/thumb/v7e-m+fp/hard/crtend.o
LOAD c:/st/stm32cubeide_1.9.0/stm32cubeide/plugins/com.st.stm32cube.ide.mcu.externaltools.gnu-tools-for-stm32.10.3-2021.10.win32_1.0.0.202111181127/tools/bin/../lib/gcc/arm-none-eabi/10.3.1/thumb/v7e-m+fp/hard/crtn.o
                0x0000000020020000                _estack = (ORIGIN (RAM) + LENGTH (RAM))
                0x0000000000000200                _Min_Heap_Size = 0x200
                0x0000000000000400                _Min_Stack_Size = 0x400

.isr_vector     0x0000000008000000      0x1c4
                0x0000000008000000                . = ALIGN (0x4)
 *(.isr_vector)
 .isr_vector    0x0000000008000000      0x1c4 ./Application/User/Startup/startup_stm32f446retx.o
                0x0000000008000000                g_pfnVectors
                0x00000000080001c4                . = ALIGN (0x4)

.text           0x00000000080001d0     0x8520
                0x00000000080001d0                . = ALIGN (0x4)
 *(.text)
 .text          0x00000000080001d0       0x40 c:/st/stm32cubeide_1.9.0/stm32cubeide/plugins/com.st.stm32cube.ide.mcu.externaltools.gnu-tools-for-stm32.10.3-2021.10.win32_1.0.0.202111181127/tools/bin/../lib/gcc/arm-none-eabi/10.3.1/thumb/v7e-m+fp/hard/crtbegin.o
 .text          0x0000000008000210       0xa0 c:/st/stm32cubeide_1.9.0/stm32cubeide/plugins/com.st.stm32cube.ide.mcu.externaltools.gnu-tools-for-stm32.10.3-2021.10.win32_1.0.0.202111181127/tools/bin/../lib/gcc/arm-none-eabi/10.3.1/../../../../arm-none-eabi/lib/thumb/v7e-m+fp/hard\libc_nano.a(lib_a-memchr.o)
                0x0000000008000210                memchr
 .text          0x00000000080002b0      0x378 c:/st/stm32cubeide_1.9.0/stm32cubeide/plugins/com.st.stm32cube.ide.mcu.externaltools.gnu-tools-for-stm32.10.3-2021.10.win32_1.0.0.202111181127/tools/bin/../lib/gcc/arm-none-eabi/10.3.1/thumb/v7e-m+fp/hard\libgcc.a(_arm_addsubdf3.o)
                0x00000000080002b0                __aeabi_drsub
                0x00000000080002b8                __aeabi_dsub
                0x00000000080002b8                __subdf3
                0x00000000080002bc                __aeabi_dadd
                0x00000000080002bc                __adddf3
                0x0000000008000534                __floatunsidf
                0x0000000008000534                __aeabi_ui2d
                0x0000000008000554                __floatsidf
                0x0000000008000554                __aeabi_i2d
                0x0000000008000578                __aeabi_f2d
                0x0000000008000578                __extendsfdf2
                0x00000000080005bc                __floatundidf
                0x00000000080005bc                __aeabi_ul2d
                0x00000000080005cc                __floatdidf
                0x00000000080005cc                __aeabi_l2d
 .text          0x0000000008000628       0x30 c:/st/stm32cubeide_1.9.0/stm32cubeide/plugins/com.st.stm32cube.ide.mcu.externaltools.gnu-tools-for-stm32.10.3-2021.10.win32_1.0.0.202111181127/tools/bin/../lib/gcc/arm-none-eabi/10.3.1/thumb/v7e-m+fp/hard\libgcc.a(_aeabi_uldivmod.o)
                0x0000000008000628                __aeabi_uldivmod
 .text          0x0000000008000658      0x2d0 c:/st/stm32cubeide_1.9.0/stm32cubeide/plugins/com.st.stm32cube.ide.mcu.externaltools.gnu-tools-for-stm32.10.3-2021.10.win32_1.0.0.202111181127/tools/bin/../lib/gcc/arm-none-eabi/10.3.1/thumb/v7e-m+fp/hard\libgcc.a(_udivmoddi4.o)
                0x0000000008000658                __udivmoddi4
 .text          0x0000000008000928        0x4 c:/st/stm32cubeide_1.9.0/stm32cubeide/plugins/com.st.stm32cube.ide.mcu.externaltools.gnu-tools-for-stm32.10.3-2021.10.win32_1.0.0.202111181127/tools/bin/../lib/gcc/arm-none-eabi/10.3.1/thumb/v7e-m+fp/hard\libgcc.a(_dvmd_tls.o)
                0x0000000008000928                __aeabi_idiv0
                0x0000000008000928                __aeabi_ldiv0
 *(.text*)
 .text.check_return_value
                0x000000000800092c       0x26 ./Application/User/Core/bhy2.o
 .text.bhy2_get_regs
                0x0000000008000952       0x3e ./Application/User/Core/bhy2.o
                0x0000000008000952                bhy2_get_regs
 .text.bhy2_get_and_process_fifo_support
                0x0000000008000990       0xd6 ./Application/User/Core/bhy2.o
 .text.bhy2_get_and_process_fifo
                0x0000000008000a66      0x1ea ./Application/User/Core/bhy2.o
                0x0000000008000a66                bhy2_get_and_process_fifo
 .text.bhy2_set_virt_sensor_cfg
                0x0000000008000c50       0x42 ./Application/User/Core/bhy2.o
                0x0000000008000c50                bhy2_set_virt_sensor_cfg
 .text.bhy2_get_product_id
                0x0000000008000c92       0x34 ./Application/User/Core/bhy2.o
                0x0000000008000c92                bhy2_get_product_id
 .text.bhy2_get_rom_version
                0x0000000008000cc6       0x3a ./Application/User/Core/bhy2.o
                0x0000000008000cc6                bhy2_get_rom_version
 .text.bhy2_get_kernel_version
                0x0000000008000d00       0x34 ./Application/User/Core/bhy2.o
                0x0000000008000d00                bhy2_get_kernel_version
 .text.bhy2_get_user_version
                0x0000000008000d34       0x34 ./Application/User/Core/bhy2.o
                0x0000000008000d34                bhy2_get_user_version
 .text.bhy2_get_boot_status
                0x0000000008000d68       0x34 ./Application/User/Core/bhy2.o
                0x0000000008000d68                bhy2_get_boot_status
 .text.bhy2_get_host_status
                0x0000000008000d9c       0x34 ./Application/User/Core/bhy2.o
                0x0000000008000d9c                bhy2_get_host_status
 .text.bhy2_get_feature_status
                0x0000000008000dd0       0x34 ./Application/User/Core/bhy2.o
                0x0000000008000dd0                bhy2_get_feature_status
 .text.bhy2_get_virt_sensor_list
                0x0000000008000e04       0x46 ./Application/User/Core/bhy2.o
                0x0000000008000e04                bhy2_get_virt_sensor_list
 .text.bhy2_upload_firmware_to_ram
                0x0000000008000e4a       0x3e ./Application/User/Core/bhy2.o
                0x0000000008000e4a                bhy2_upload_firmware_to_ram
 .text.bhy2_boot_from_ram
                0x0000000008000e88       0x30 ./Application/User/Core/bhy2.o
                0x0000000008000e88                bhy2_boot_from_ram
 .text.bhy2_set_host_interrupt_ctrl
                0x0000000008000eb8       0x38 ./Application/User/Core/bhy2.o
                0x0000000008000eb8                bhy2_set_host_interrupt_ctrl
 .text.bhy2_get_host_interrupt_ctrl
                0x0000000008000ef0       0x36 ./Application/User/Core/bhy2.o
                0x0000000008000ef0                bhy2_get_host_interrupt_ctrl
 .text.bhy2_set_host_intf_ctrl
                0x0000000008000f26       0x38 ./Application/User/Core/bhy2.o
                0x0000000008000f26                bhy2_set_host_intf_ctrl
 .text.bhy2_soft_reset
                0x0000000008000f5e       0x30 ./Application/User/Core/bhy2.o
                0x0000000008000f5e                bhy2_soft_reset
 .text.bhy2_init
                0x0000000008000f8e       0x54 ./Application/User/Core/bhy2.o
                0x0000000008000f8e                bhy2_init
 .text.bhy2_register_fifo_parse_callback
                0x0000000008000fe2       0xa6 ./Application/User/Core/bhy2.o
                0x0000000008000fe2                bhy2_register_fifo_parse_callback
 .text.bhy2_update_virtual_sensor_list
                0x0000000008001088      0x108 ./Application/User/Core/bhy2.o
                0x0000000008001088                bhy2_update_virtual_sensor_list
 .text.bhy2_get_sensor_info
                0x0000000008001190       0x3c ./Application/User/Core/bhy2.o
                0x0000000008001190                bhy2_get_sensor_info
 .text.bhy2_get_error_value
                0x00000000080011cc       0x3c ./Application/User/Core/bhy2.o
                0x00000000080011cc                bhy2_get_error_value
 .text.bhy2_is_sensor_available
                0x0000000008001208       0x48 ./Application/User/Core/bhy2.o
                0x0000000008001208                bhy2_is_sensor_available
 .text.get_callback_info
                0x0000000008001250       0xe4 ./Application/User/Core/bhy2.o
 .text.get_buffer_status
                0x0000000008001334       0x3a ./Application/User/Core/bhy2.o
 .text.get_time_stamp
                0x000000000800136e       0x3c ./Application/User/Core/bhy2.o
 .text.parse_fifo_support
                0x00000000080013aa       0x76 ./Application/User/Core/bhy2.o
 .text.parse_fifo
                0x0000000008001420      0x3a0 ./Application/User/Core/bhy2.o
 .text.bhy2_hif_exec_cmd_generic_support
                0x00000000080017c0       0xbe ./Application/User/Core/bhy2_hif.o
 .text.bhy2_hif_exec_cmd_generic
                0x000000000800187e      0x302 ./Application/User/Core/bhy2_hif.o
 .text.bhy2_hif_wait_status_ready
                0x0000000008001b80       0x72 ./Application/User/Core/bhy2_hif.o
                0x0000000008001b80                bhy2_hif_wait_status_ready
 .text.bhy2_hif_check_boot_status_ram
                0x0000000008001bf2       0x8e ./Application/User/Core/bhy2_hif.o
 .text.bhy2_hif_get_fifo
                0x0000000008001c80      0x118 ./Application/User/Core/bhy2_hif.o
 .text.bhy2_hif_init
                0x0000000008001d98       0x7c ./Application/User/Core/bhy2_hif.o
                0x0000000008001d98                bhy2_hif_init
 .text.bhy2_hif_get_regs
                0x0000000008001e14       0x70 ./Application/User/Core/bhy2_hif.o
                0x0000000008001e14                bhy2_hif_get_regs
 .text.bhy2_hif_set_regs
                0x0000000008001e84       0x70 ./Application/User/Core/bhy2_hif.o
                0x0000000008001e84                bhy2_hif_set_regs
 .text.bhy2_hif_delay_us
                0x0000000008001ef4       0x3c ./Application/User/Core/bhy2_hif.o
                0x0000000008001ef4                bhy2_hif_delay_us
 .text.bhy2_hif_exec_cmd
                0x0000000008001f30       0x32 ./Application/User/Core/bhy2_hif.o
                0x0000000008001f30                bhy2_hif_exec_cmd
 .text.bhy2_hif_get_parameter
                0x0000000008001f62      0x110 ./Application/User/Core/bhy2_hif.o
                0x0000000008001f62                bhy2_hif_get_parameter
 .text.bhy2_hif_get_product_id
                0x0000000008002072       0x20 ./Application/User/Core/bhy2_hif.o
                0x0000000008002072                bhy2_hif_get_product_id
 .text.bhy2_hif_get_rom_version
                0x0000000008002092       0x48 ./Application/User/Core/bhy2_hif.o
                0x0000000008002092                bhy2_hif_get_rom_version
 .text.bhy2_hif_get_kernel_version
                0x00000000080020da       0x48 ./Application/User/Core/bhy2_hif.o
                0x00000000080020da                bhy2_hif_get_kernel_version
 .text.bhy2_hif_get_user_version
                0x0000000008002122       0x48 ./Application/User/Core/bhy2_hif.o
                0x0000000008002122                bhy2_hif_get_user_version
 .text.bhy2_hif_get_boot_status
                0x000000000800216a       0x20 ./Application/User/Core/bhy2_hif.o
                0x000000000800216a                bhy2_hif_get_boot_status
 .text.bhy2_hif_get_host_status
                0x000000000800218a       0x20 ./Application/User/Core/bhy2_hif.o
                0x000000000800218a                bhy2_hif_get_host_status
 .text.bhy2_hif_get_feature_status
                0x00000000080021aa       0x20 ./Application/User/Core/bhy2_hif.o
                0x00000000080021aa                bhy2_hif_get_feature_status
 .text.bhy2_hif_get_interrupt_status
                0x00000000080021ca       0x20 ./Application/User/Core/bhy2_hif.o
                0x00000000080021ca                bhy2_hif_get_interrupt_status
 .text.bhy2_hif_reset
                0x00000000080021ea       0x92 ./Application/User/Core/bhy2_hif.o
                0x00000000080021ea                bhy2_hif_reset
 .text.bhy2_hif_upload_firmware_to_ram
                0x000000000800227c       0x7a ./Application/User/Core/bhy2_hif.o
                0x000000000800227c                bhy2_hif_upload_firmware_to_ram
 .text.bhy2_hif_boot_program_ram
                0x00000000080022f6       0x36 ./Application/User/Core/bhy2_hif.o
                0x00000000080022f6                bhy2_hif_boot_program_ram
 .text.bhy2_hif_get_wakeup_fifo
                0x000000000800232c       0x2c ./Application/User/Core/bhy2_hif.o
                0x000000000800232c                bhy2_hif_get_wakeup_fifo
 .text.bhy2_hif_get_nonwakeup_fifo
                0x0000000008002358       0x2c ./Application/User/Core/bhy2_hif.o
                0x0000000008002358                bhy2_hif_get_nonwakeup_fifo
 .text.bhy2_hif_get_status_fifo
                0x0000000008002384       0x96 ./Application/User/Core/bhy2_hif.o
                0x0000000008002384                bhy2_hif_get_status_fifo
 .text.bhy2_hif_get_status_fifo_async
                0x000000000800241a       0x2c ./Application/User/Core/bhy2_hif.o
                0x000000000800241a                bhy2_hif_get_status_fifo_async
 .text.bhy2_hif_exec_sensor_conf_cmd
                0x0000000008002446       0x66 ./Application/User/Core/bhy2_hif.o
                0x0000000008002446                bhy2_hif_exec_sensor_conf_cmd
 .text.bhy2_hif_get_sensor_info
                0x00000000080024ac      0x1dc ./Application/User/Core/bhy2_hif.o
                0x00000000080024ac                bhy2_hif_get_sensor_info
 .text.bhy2_parse_xyz
                0x0000000008002688       0x62 ./Application/User/Core/bhy2_parse.o
                0x0000000008002688                bhy2_parse_xyz
 .text.bhy2_parse_orientation
                0x00000000080026ea       0x62 ./Application/User/Core/bhy2_parse.o
                0x00000000080026ea                bhy2_parse_orientation
 .text.bosch_imu_setup
                0x000000000800274c      0x3bc ./Application/User/Core/bosch_imu.o
                0x000000000800274c                bosch_imu_setup
 .text.bosch_imu_run
                0x0000000008002b08       0x38 ./Application/User/Core/bosch_imu.o
                0x0000000008002b08                bosch_imu_run
 .text.parse_euler
                0x0000000008002b40      0x1f0 ./Application/User/Core/bosch_imu.o
                0x0000000008002b40                parse_euler
 .text.parse_accell
                0x0000000008002d30      0x1bc ./Application/User/Core/bosch_imu.o
                0x0000000008002d30                parse_accell
 *fill*         0x0000000008002eec        0x4 
 .text.parse_gyro
                0x0000000008002ef0      0x1f0 ./Application/User/Core/bosch_imu.o
                0x0000000008002ef0                parse_gyro
 .text.parse_meta_event
                0x00000000080030e0      0x200 ./Application/User/Core/common.o
                0x00000000080030e0                parse_meta_event
 .text.print_api_error
                0x00000000080032e0       0x40 ./Application/User/Core/common.o
                0x00000000080032e0                print_api_error
 .text.upload_firmware
                0x0000000008003320       0xdc ./Application/User/Core/common.o
                0x0000000008003320                upload_firmware
 .text.printInfo
                0x00000000080033fc      0x3e4 ./Application/User/Core/common.o
                0x00000000080033fc                printInfo
 .text.get_api_error
                0x00000000080037e0       0xc0 ./Application/User/Core/common.o
                0x00000000080037e0                get_api_error
 .text.get_sensor_error_text
                0x00000000080038a0      0x6b8 ./Application/User/Core/common.o
                0x00000000080038a0                get_sensor_error_text
 .text.get_sensor_name
                0x0000000008003f58      0x620 ./Application/User/Core/common.o
                0x0000000008003f58                get_sensor_name
 .text.main     0x0000000008004578      0x1a0 ./Application/User/Core/main.o
                0x0000000008004578                main
 .text.SystemClock_Config
                0x0000000008004718       0xd8 ./Application/User/Core/main.o
                0x0000000008004718                SystemClock_Config
 .text.MX_I2C1_Init
                0x00000000080047f0       0x60 ./Application/User/Core/main.o
 .text.MX_TIM2_Init
                0x0000000008004850       0x98 ./Application/User/Core/main.o
 .text.MX_USART2_UART_Init
                0x00000000080048e8       0x54 ./Application/User/Core/main.o
 .text.MX_GPIO_Init
                0x000000000800493c       0xa0 ./Application/User/Core/main.o
 .text.bhy2_i2c_read
                0x00000000080049dc       0x44 ./Application/User/Core/main.o
                0x00000000080049dc                bhy2_i2c_read
 .text.bhy2_i2c_write
                0x0000000008004a20       0x44 ./Application/User/Core/main.o
                0x0000000008004a20                bhy2_i2c_write
 .text.bhy2_delay_us
                0x0000000008004a64       0x22 ./Application/User/Core/main.o
                0x0000000008004a64                bhy2_delay_us
 *fill*         0x0000000008004a86        0x2 
 .text.micros   0x0000000008004a88       0x2c ./Application/User/Core/main.o
                0x0000000008004a88                micros
 .text.micros_delay
                0x0000000008004ab4       0x38 ./Application/User/Core/main.o
                0x0000000008004ab4                micros_delay
 .text.UART2_printf
                0x0000000008004aec       0x6c ./Application/User/Core/main.o
                0x0000000008004aec                UART2_printf
 .text.Error_Handler
                0x0000000008004b58        0xa ./Application/User/Core/main.o
                0x0000000008004b58                Error_Handler
 *fill*         0x0000000008004b62        0x2 
 .text.HAL_MspInit
                0x0000000008004b64       0x50 ./Application/User/Core/stm32f4xx_hal_msp.o
                0x0000000008004b64                HAL_MspInit
 .text.HAL_I2C_MspInit
                0x0000000008004bb4       0x90 ./Application/User/Core/stm32f4xx_hal_msp.o
                0x0000000008004bb4                HAL_I2C_MspInit
 .text.HAL_TIM_Base_MspInit
                0x0000000008004c44       0x40 ./Application/User/Core/stm32f4xx_hal_msp.o
                0x0000000008004c44                HAL_TIM_Base_MspInit
 .text.HAL_UART_MspInit
                0x0000000008004c84       0x90 ./Application/User/Core/stm32f4xx_hal_msp.o
                0x0000000008004c84                HAL_UART_MspInit
 .text.NMI_Handler
                0x0000000008004d14        0x6 ./Application/User/Core/stm32f4xx_it.o
                0x0000000008004d14                NMI_Handler
 .text.HardFault_Handler
                0x0000000008004d1a        0x6 ./Application/User/Core/stm32f4xx_it.o
                0x0000000008004d1a                HardFault_Handler
 .text.MemManage_Handler
                0x0000000008004d20        0x6 ./Application/User/Core/stm32f4xx_it.o
                0x0000000008004d20                MemManage_Handler
 .text.BusFault_Handler
                0x0000000008004d26        0x6 ./Application/User/Core/stm32f4xx_it.o
                0x0000000008004d26                BusFault_Handler
 .text.UsageFault_Handler
                0x0000000008004d2c        0x6 ./Application/User/Core/stm32f4xx_it.o
                0x0000000008004d2c                UsageFault_Handler
 .text.SVC_Handler
                0x0000000008004d32        0xe ./Application/User/Core/stm32f4xx_it.o
                0x0000000008004d32                SVC_Handler
 .text.DebugMon_Handler
                0x0000000008004d40        0xe ./Application/User/Core/stm32f4xx_it.o
                0x0000000008004d40                DebugMon_Handler
 .text.PendSV_Handler
                0x0000000008004d4e        0xe ./Application/User/Core/stm32f4xx_it.o
                0x0000000008004d4e                PendSV_Handler
 .text.SysTick_Handler
                0x0000000008004d5c        0xc ./Application/User/Core/stm32f4xx_it.o
                0x0000000008004d5c                SysTick_Handler
 .text._sbrk    0x0000000008004d68       0x6c ./Application/User/Core/sysmem.o
                0x0000000008004d68                _sbrk
 .text.Reset_Handler
                0x0000000008004dd4       0x50 ./Application/User/Startup/startup_stm32f446retx.o
                0x0000000008004dd4                Reset_Handler
 .text.Default_Handler
                0x0000000008004e24        0x2 ./Application/User/Startup/startup_stm32f446retx.o
                0x0000000008004e24                RTC_Alarm_IRQHandler
                0x0000000008004e24                EXTI2_IRQHandler
                0x0000000008004e24                TIM8_CC_IRQHandler
                0x0000000008004e24                FMPI2C1_EV_IRQHandler
                0x0000000008004e24                SPI4_IRQHandler
                0x0000000008004e24                TIM1_CC_IRQHandler
                0x0000000008004e24                DMA2_Stream5_IRQHandler
                0x0000000008004e24                DMA1_Stream5_IRQHandler
                0x0000000008004e24                PVD_IRQHandler
                0x0000000008004e24                SDIO_IRQHandler
                0x0000000008004e24                TAMP_STAMP_IRQHandler
                0x0000000008004e24                CAN2_RX1_IRQHandler
                0x0000000008004e24                EXTI3_IRQHandler
                0x0000000008004e24                TIM8_TRG_COM_TIM14_IRQHandler
                0x0000000008004e24                TIM1_UP_TIM10_IRQHandler
                0x0000000008004e24                TIM8_UP_TIM13_IRQHandler
                0x0000000008004e24                I2C3_ER_IRQHandler
                0x0000000008004e24                EXTI0_IRQHandler
                0x0000000008004e24                I2C2_EV_IRQHandler
                0x0000000008004e24                DMA1_Stream2_IRQHandler
                0x0000000008004e24                CAN1_RX0_IRQHandler
                0x0000000008004e24                FPU_IRQHandler
                0x0000000008004e24                OTG_HS_WKUP_IRQHandler
                0x0000000008004e24                CAN2_SCE_IRQHandler
                0x0000000008004e24                DMA2_Stream2_IRQHandler
                0x0000000008004e24                SPI1_IRQHandler
                0x0000000008004e24                TIM6_DAC_IRQHandler
                0x0000000008004e24                TIM1_BRK_TIM9_IRQHandler
                0x0000000008004e24                DCMI_IRQHandler
                0x0000000008004e24                CAN2_RX0_IRQHandler
                0x0000000008004e24                DMA2_Stream3_IRQHandler
                0x0000000008004e24                SAI2_IRQHandler
                0x0000000008004e24                USART6_IRQHandler
                0x0000000008004e24                USART3_IRQHandler
                0x0000000008004e24                CAN1_RX1_IRQHandler
                0x0000000008004e24                UART5_IRQHandler
                0x0000000008004e24                DMA2_Stream0_IRQHandler
                0x0000000008004e24                TIM4_IRQHandler
                0x0000000008004e24                QUADSPI_IRQHandler
                0x0000000008004e24                I2C1_EV_IRQHandler
                0x0000000008004e24                DMA1_Stream6_IRQHandler
                0x0000000008004e24                DMA1_Stream1_IRQHandler
                0x0000000008004e24                UART4_IRQHandler
                0x0000000008004e24                TIM3_IRQHandler
                0x0000000008004e24                RCC_IRQHandler
                0x0000000008004e24                TIM8_BRK_TIM12_IRQHandler
                0x0000000008004e24                Default_Handler
                0x0000000008004e24                CEC_IRQHandler
                0x0000000008004e24                EXTI15_10_IRQHandler
                0x0000000008004e24                ADC_IRQHandler
                0x0000000008004e24                DMA1_Stream7_IRQHandler
                0x0000000008004e24                TIM7_IRQHandler
                0x0000000008004e24                CAN2_TX_IRQHandler
                0x0000000008004e24                TIM5_IRQHandler
                0x0000000008004e24                DMA2_Stream7_IRQHandler
                0x0000000008004e24                I2C3_EV_IRQHandler
                0x0000000008004e24                EXTI9_5_IRQHandler
                0x0000000008004e24                RTC_WKUP_IRQHandler
                0x0000000008004e24                SPDIF_RX_IRQHandler
                0x0000000008004e24                SPI2_IRQHandler
                0x0000000008004e24                OTG_HS_EP1_IN_IRQHandler
                0x0000000008004e24                DMA1_Stream0_IRQHandler
                0x0000000008004e24                CAN1_TX_IRQHandler
                0x0000000008004e24                FMPI2C1_ER_IRQHandler
                0x0000000008004e24                EXTI4_IRQHandler
                0x0000000008004e24                OTG_HS_EP1_OUT_IRQHandler
                0x0000000008004e24                WWDG_IRQHandler
                0x0000000008004e24                TIM2_IRQHandler
                0x0000000008004e24                OTG_FS_WKUP_IRQHandler
                0x0000000008004e24                TIM1_TRG_COM_TIM11_IRQHandler
                0x0000000008004e24                OTG_HS_IRQHandler
                0x0000000008004e24                EXTI1_IRQHandler
                0x0000000008004e24                USART2_IRQHandler
                0x0000000008004e24                I2C2_ER_IRQHandler
                0x0000000008004e24                DMA2_Stream1_IRQHandler
                0x0000000008004e24                CAN1_SCE_IRQHandler
                0x0000000008004e24                FLASH_IRQHandler
                0x0000000008004e24                DMA2_Stream4_IRQHandler
                0x0000000008004e24                USART1_IRQHandler
                0x0000000008004e24                OTG_FS_IRQHandler
                0x0000000008004e24                SPI3_IRQHandler
                0x0000000008004e24                DMA1_Stream4_IRQHandler
                0x0000000008004e24                I2C1_ER_IRQHandler
                0x0000000008004e24                FMC_IRQHandler
                0x0000000008004e24                DMA2_Stream6_IRQHandler
                0x0000000008004e24                SAI1_IRQHandler
                0x0000000008004e24                DMA1_Stream3_IRQHandler
 *fill*         0x0000000008004e26        0x2 
 .text.SystemInit
                0x0000000008004e28       0x24 ./Drivers/CMSIS/system_stm32f4xx.o
                0x0000000008004e28                SystemInit
 .text.HAL_Init
                0x0000000008004e4c       0x44 ./Drivers/STM32F4xx_HAL_Driver/stm32f4xx_hal.o
                0x0000000008004e4c                HAL_Init
 .text.HAL_InitTick
                0x0000000008004e90       0x60 ./Drivers/STM32F4xx_HAL_Driver/stm32f4xx_hal.o
                0x0000000008004e90                HAL_InitTick
 .text.HAL_IncTick
                0x0000000008004ef0       0x28 ./Drivers/STM32F4xx_HAL_Driver/stm32f4xx_hal.o
                0x0000000008004ef0                HAL_IncTick
 .text.HAL_GetTick
                0x0000000008004f18       0x18 ./Drivers/STM32F4xx_HAL_Driver/stm32f4xx_hal.o
                0x0000000008004f18                HAL_GetTick
 .text.__NVIC_SetPriorityGrouping
                0x0000000008004f30       0x48 ./Drivers/STM32F4xx_HAL_Driver/stm32f4xx_hal_cortex.o
 .text.__NVIC_GetPriorityGrouping
                0x0000000008004f78       0x1c ./Drivers/STM32F4xx_HAL_Driver/stm32f4xx_hal_cortex.o
 .text.__NVIC_SetPriority
                0x0000000008004f94       0x54 ./Drivers/STM32F4xx_HAL_Driver/stm32f4xx_hal_cortex.o
 .text.NVIC_EncodePriority
                0x0000000008004fe8       0x66 ./Drivers/STM32F4xx_HAL_Driver/stm32f4xx_hal_cortex.o
 *fill*         0x000000000800504e        0x2 
 .text.SysTick_Config
                0x0000000008005050       0x44 ./Drivers/STM32F4xx_HAL_Driver/stm32f4xx_hal_cortex.o
 .text.HAL_NVIC_SetPriorityGrouping
                0x0000000008005094       0x16 ./Drivers/STM32F4xx_HAL_Driver/stm32f4xx_hal_cortex.o
                0x0000000008005094                HAL_NVIC_SetPriorityGrouping
 .text.HAL_NVIC_SetPriority
                0x00000000080050aa       0x38 ./Drivers/STM32F4xx_HAL_Driver/stm32f4xx_hal_cortex.o
                0x00000000080050aa                HAL_NVIC_SetPriority
 .text.HAL_SYSTICK_Config
                0x00000000080050e2       0x18 ./Drivers/STM32F4xx_HAL_Driver/stm32f4xx_hal_cortex.o
                0x00000000080050e2                HAL_SYSTICK_Config
 *fill*         0x00000000080050fa        0x2 
 .text.HAL_GPIO_Init
                0x00000000080050fc      0x328 ./Drivers/STM32F4xx_HAL_Driver/stm32f4xx_hal_gpio.o
                0x00000000080050fc                HAL_GPIO_Init
 .text.HAL_GPIO_WritePin
                0x0000000008005424       0x32 ./Drivers/STM32F4xx_HAL_Driver/stm32f4xx_hal_gpio.o
                0x0000000008005424                HAL_GPIO_WritePin
 *fill*         0x0000000008005456        0x2 
 .text.HAL_I2C_Init
                0x0000000008005458      0x288 ./Drivers/STM32F4xx_HAL_Driver/stm32f4xx_hal_i2c.o
                0x0000000008005458                HAL_I2C_Init
 .text.HAL_I2C_Mem_Write
                0x00000000080056e0      0x1f4 ./Drivers/STM32F4xx_HAL_Driver/stm32f4xx_hal_i2c.o
                0x00000000080056e0                HAL_I2C_Mem_Write
 .text.HAL_I2C_Mem_Read
                0x00000000080058d4      0x44c ./Drivers/STM32F4xx_HAL_Driver/stm32f4xx_hal_i2c.o
                0x00000000080058d4                HAL_I2C_Mem_Read
 .text.I2C_RequestMemoryWrite
                0x0000000008005d20      0x12c ./Drivers/STM32F4xx_HAL_Driver/stm32f4xx_hal_i2c.o
 .text.I2C_RequestMemoryRead
                0x0000000008005e4c      0x1d0 ./Drivers/STM32F4xx_HAL_Driver/stm32f4xx_hal_i2c.o
 .text.I2C_WaitOnFlagUntilTimeout
                0x000000000800601c       0xae ./Drivers/STM32F4xx_HAL_Driver/stm32f4xx_hal_i2c.o
 .text.I2C_WaitOnMasterAddressFlagUntilTimeout
                0x00000000080060ca       0xfe ./Drivers/STM32F4xx_HAL_Driver/stm32f4xx_hal_i2c.o
 .text.I2C_WaitOnTXEFlagUntilTimeout
                0x00000000080061c8       0x82 ./Drivers/STM32F4xx_HAL_Driver/stm32f4xx_hal_i2c.o
 .text.I2C_WaitOnBTFFlagUntilTimeout
                0x000000000800624a       0x82 ./Drivers/STM32F4xx_HAL_Driver/stm32f4xx_hal_i2c.o
 .text.I2C_WaitOnRXNEFlagUntilTimeout
                0x00000000080062cc       0xac ./Drivers/STM32F4xx_HAL_Driver/stm32f4xx_hal_i2c.o
 .text.I2C_IsAcknowledgeFailed
                0x0000000008006378       0x5e ./Drivers/STM32F4xx_HAL_Driver/stm32f4xx_hal_i2c.o
 *fill*         0x00000000080063d6        0x2 
 .text.HAL_RCC_ClockConfig
                0x00000000080063d8      0x1cc ./Drivers/STM32F4xx_HAL_Driver/stm32f4xx_hal_rcc.o
                0x00000000080063d8                HAL_RCC_ClockConfig
 .text.HAL_RCC_GetHCLKFreq
                0x00000000080065a4       0x18 ./Drivers/STM32F4xx_HAL_Driver/stm32f4xx_hal_rcc.o
                0x00000000080065a4                HAL_RCC_GetHCLKFreq
 .text.HAL_RCC_GetPCLK1Freq
                0x00000000080065bc       0x28 ./Drivers/STM32F4xx_HAL_Driver/stm32f4xx_hal_rcc.o
                0x00000000080065bc                HAL_RCC_GetPCLK1Freq
 .text.HAL_RCC_GetPCLK2Freq
                0x00000000080065e4       0x28 ./Drivers/STM32F4xx_HAL_Driver/stm32f4xx_hal_rcc.o
                0x00000000080065e4                HAL_RCC_GetPCLK2Freq
 .text.HAL_RCC_GetSysClockFreq
                0x000000000800660c      0x460 ./Drivers/STM32F4xx_HAL_Driver/stm32f4xx_hal_rcc_ex.o
                0x000000000800660c                HAL_RCC_GetSysClockFreq
 .text.HAL_RCC_OscConfig
                0x0000000008006a6c      0x53c ./Drivers/STM32F4xx_HAL_Driver/stm32f4xx_hal_rcc_ex.o
                0x0000000008006a6c                HAL_RCC_OscConfig
 .text.HAL_TIM_Base_Init
                0x0000000008006fa8       0x9e ./Drivers/STM32F4xx_HAL_Driver/stm32f4xx_hal_tim.o
                0x0000000008006fa8                HAL_TIM_Base_Init
 *fill*         0x0000000008007046        0x2 
 .text.HAL_TIM_Base_Start
                0x0000000008007048       0xd0 ./Drivers/STM32F4xx_HAL_Driver/stm32f4xx_hal_tim.o
                0x0000000008007048                HAL_TIM_Base_Start
 .text.HAL_TIM_ConfigClockSource
                0x0000000008007118      0x18e ./Drivers/STM32F4xx_HAL_Driver/stm32f4xx_hal_tim.o
                0x0000000008007118                HAL_TIM_ConfigClockSource
 *fill*         0x00000000080072a6        0x2 
 .text.TIM_Base_SetConfig
                0x00000000080072a8      0x140 ./Drivers/STM32F4xx_HAL_Driver/stm32f4xx_hal_tim.o
                0x00000000080072a8                TIM_Base_SetConfig
 .text.TIM_TI1_ConfigInputStage
                0x00000000080073e8       0x5e ./Drivers/STM32F4xx_HAL_Driver/stm32f4xx_hal_tim.o
 .text.TIM_TI2_ConfigInputStage
                0x0000000008007446       0x60 ./Drivers/STM32F4xx_HAL_Driver/stm32f4xx_hal_tim.o
 .text.TIM_ITRx_SetConfig
                0x00000000080074a6       0x36 ./Drivers/STM32F4xx_HAL_Driver/stm32f4xx_hal_tim.o
 .text.TIM_ETR_SetConfig
                0x00000000080074dc       0x40 ./Drivers/STM32F4xx_HAL_Driver/stm32f4xx_hal_tim.o
                0x00000000080074dc                TIM_ETR_SetConfig
 .text.HAL_TIMEx_MasterConfigSynchronization
                0x000000000800751c       0xf8 ./Drivers/STM32F4xx_HAL_Driver/stm32f4xx_hal_tim_ex.o
                0x000000000800751c                HAL_TIMEx_MasterConfigSynchronization
 .text.HAL_UART_Init
                0x0000000008007614       0x9a ./Drivers/STM32F4xx_HAL_Driver/stm32f4xx_hal_uart.o
                0x0000000008007614                HAL_UART_Init
 .text.HAL_UART_Transmit
                0x00000000080076ae      0x124 ./Drivers/STM32F4xx_HAL_Driver/stm32f4xx_hal_uart.o
                0x00000000080076ae                HAL_UART_Transmit
 .text.UART_WaitOnFlagUntilTimeout
                0x00000000080077d2       0xdc ./Drivers/STM32F4xx_HAL_Driver/stm32f4xx_hal_uart.o
 *fill*         0x00000000080078ae        0x2 
 .text.UART_SetConfig
                0x00000000080078b0      0x4e8 ./Drivers/STM32F4xx_HAL_Driver/stm32f4xx_hal_uart.o
 .text.__errno  0x0000000008007d98        0xc c:/st/stm32cubeide_1.9.0/stm32cubeide/plugins/com.st.stm32cube.ide.mcu.externaltools.gnu-tools-for-stm32.10.3-2021.10.win32_1.0.0.202111181127/tools/bin/../lib/gcc/arm-none-eabi/10.3.1/../../../../arm-none-eabi/lib/thumb/v7e-m+fp/hard\libc_nano.a(lib_a-errno.o)
                0x0000000008007d98                __errno
 .text.__libc_init_array
                0x0000000008007da4       0x48 c:/st/stm32cubeide_1.9.0/stm32cubeide/plugins/com.st.stm32cube.ide.mcu.externaltools.gnu-tools-for-stm32.10.3-2021.10.win32_1.0.0.202111181127/tools/bin/../lib/gcc/arm-none-eabi/10.3.1/../../../../arm-none-eabi/lib/thumb/v7e-m+fp/hard\libc_nano.a(lib_a-init.o)
                0x0000000008007da4                __libc_init_array
 .text.memcpy   0x0000000008007dec       0x1c c:/st/stm32cubeide_1.9.0/stm32cubeide/plugins/com.st.stm32cube.ide.mcu.externaltools.gnu-tools-for-stm32.10.3-2021.10.win32_1.0.0.202111181127/tools/bin/../lib/gcc/arm-none-eabi/10.3.1/../../../../arm-none-eabi/lib/thumb/v7e-m+fp/hard\libc_nano.a(lib_a-memcpy-stub.o)
                0x0000000008007dec                memcpy
 .text.memset   0x0000000008007e08       0x10 c:/st/stm32cubeide_1.9.0/stm32cubeide/plugins/com.st.stm32cube.ide.mcu.externaltools.gnu-tools-for-stm32.10.3-2021.10.win32_1.0.0.202111181127/tools/bin/../lib/gcc/arm-none-eabi/10.3.1/../../../../arm-none-eabi/lib/thumb/v7e-m+fp/hard\libc_nano.a(lib_a-memset.o)
                0x0000000008007e08                memset
 .text._vsprintf_r
                0x0000000008007e18       0x2c c:/st/stm32cubeide_1.9.0/stm32cubeide/plugins/com.st.stm32cube.ide.mcu.externaltools.gnu-tools-for-stm32.10.3-2021.10.win32_1.0.0.202111181127/tools/bin/../lib/gcc/arm-none-eabi/10.3.1/../../../../arm-none-eabi/lib/thumb/v7e-m+fp/hard\libc_nano.a(lib_a-vsprintf.o)
                0x0000000008007e18                _vsprintf_r
                0x0000000008007e18                _vsiprintf_r
 .text.vsprintf
                0x0000000008007e44       0x14 c:/st/stm32cubeide_1.9.0/stm32cubeide/plugins/com.st.stm32cube.ide.mcu.externaltools.gnu-tools-for-stm32.10.3-2021.10.win32_1.0.0.202111181127/tools/bin/../lib/gcc/arm-none-eabi/10.3.1/../../../../arm-none-eabi/lib/thumb/v7e-m+fp/hard\libc_nano.a(lib_a-vsprintf.o)
                0x0000000008007e44                vsiprintf
                0x0000000008007e44                vsprintf
 .text.__ssputs_r
                0x0000000008007e58       0xb6 c:/st/stm32cubeide_1.9.0/stm32cubeide/plugins/com.st.stm32cube.ide.mcu.externaltools.gnu-tools-for-stm32.10.3-2021.10.win32_1.0.0.202111181127/tools/bin/../lib/gcc/arm-none-eabi/10.3.1/../../../../arm-none-eabi/lib/thumb/v7e-m+fp/hard\libc_nano.a(lib_a-nano-svfprintf.o)
                0x0000000008007e58                __ssputs_r
 *fill*         0x0000000008007f0e        0x2 
 .text._svfprintf_r
                0x0000000008007f10      0x200 c:/st/stm32cubeide_1.9.0/stm32cubeide/plugins/com.st.stm32cube.ide.mcu.externaltools.gnu-tools-for-stm32.10.3-2021.10.win32_1.0.0.202111181127/tools/bin/../lib/gcc/arm-none-eabi/10.3.1/../../../../arm-none-eabi/lib/thumb/v7e-m+fp/hard\libc_nano.a(lib_a-nano-svfprintf.o)
                0x0000000008007f10                _svfiprintf_r
                0x0000000008007f10                _svfprintf_r
 .text._printf_common
                0x0000000008008110       0xda c:/st/stm32cubeide_1.9.0/stm32cubeide/plugins/com.st.stm32cube.ide.mcu.externaltools.gnu-tools-for-stm32.10.3-2021.10.win32_1.0.0.202111181127/tools/bin/../lib/gcc/arm-none-eabi/10.3.1/../../../../arm-none-eabi/lib/thumb/v7e-m+fp/hard\libc_nano.a(lib_a-nano-vfprintf_i.o)
                0x0000000008008110                _printf_common
 *fill*         0x00000000080081ea        0x2 
 .text._printf_i
                0x00000000080081ec      0x24c c:/st/stm32cubeide_1.9.0/stm32cubeide/plugins/com.st.stm32cube.ide.mcu.externaltools.gnu-tools-for-stm32.10.3-2021.10.win32_1.0.0.202111181127/tools/bin/../lib/gcc/arm-none-eabi/10.3.1/../../../../arm-none-eabi/lib/thumb/v7e-m+fp/hard\libc_nano.a(lib_a-nano-vfprintf_i.o)
                0x00000000080081ec                _printf_i
 .text.memmove  0x0000000008008438       0x34 c:/st/stm32cubeide_1.9.0/stm32cubeide/plugins/com.st.stm32cube.ide.mcu.externaltools.gnu-tools-for-stm32.10.3-2021.10.win32_1.0.0.202111181127/tools/bin/../lib/gcc/arm-none-eabi/10.3.1/../../../../arm-none-eabi/lib/thumb/v7e-m+fp/hard\libc_nano.a(lib_a-memmove.o)
                0x0000000008008438                memmove
 .text._free_r  0x000000000800846c       0x98 c:/st/stm32cubeide_1.9.0/stm32cubeide/plugins/com.st.stm32cube.ide.mcu.externaltools.gnu-tools-for-stm32.10.3-2021.10.win32_1.0.0.202111181127/tools/bin/../lib/gcc/arm-none-eabi/10.3.1/../../../../arm-none-eabi/lib/thumb/v7e-m+fp/hard\libc_nano.a(lib_a-nano-freer.o)
                0x000000000800846c                _free_r
 .text.sbrk_aligned
                0x0000000008008504       0x40 c:/st/stm32cubeide_1.9.0/stm32cubeide/plugins/com.st.stm32cube.ide.mcu.externaltools.gnu-tools-for-stm32.10.3-2021.10.win32_1.0.0.202111181127/tools/bin/../lib/gcc/arm-none-eabi/10.3.1/../../../../arm-none-eabi/lib/thumb/v7e-m+fp/hard\libc_nano.a(lib_a-nano-mallocr.o)
 .text._malloc_r
                0x0000000008008544       0xe8 c:/st/stm32cubeide_1.9.0/stm32cubeide/plugins/com.st.stm32cube.ide.mcu.externaltools.gnu-tools-for-stm32.10.3-2021.10.win32_1.0.0.202111181127/tools/bin/../lib/gcc/arm-none-eabi/10.3.1/../../../../arm-none-eabi/lib/thumb/v7e-m+fp/hard\libc_nano.a(lib_a-nano-mallocr.o)
                0x0000000008008544                _malloc_r
 .text._realloc_r
                0x000000000800862c       0x5e c:/st/stm32cubeide_1.9.0/stm32cubeide/plugins/com.st.stm32cube.ide.mcu.externaltools.gnu-tools-for-stm32.10.3-2021.10.win32_1.0.0.202111181127/tools/bin/../lib/gcc/arm-none-eabi/10.3.1/../../../../arm-none-eabi/lib/thumb/v7e-m+fp/hard\libc_nano.a(lib_a-nano-reallocr.o)
                0x000000000800862c                _realloc_r
 *fill*         0x000000000800868a        0x2 
 .text._sbrk_r  0x000000000800868c       0x20 c:/st/stm32cubeide_1.9.0/stm32cubeide/plugins/com.st.stm32cube.ide.mcu.externaltools.gnu-tools-for-stm32.10.3-2021.10.win32_1.0.0.202111181127/tools/bin/../lib/gcc/arm-none-eabi/10.3.1/../../../../arm-none-eabi/lib/thumb/v7e-m+fp/hard\libc_nano.a(lib_a-sbrkr.o)
                0x000000000800868c                _sbrk_r
 .text.__malloc_lock
                0x00000000080086ac        0xc c:/st/stm32cubeide_1.9.0/stm32cubeide/plugins/com.st.stm32cube.ide.mcu.externaltools.gnu-tools-for-stm32.10.3-2021.10.win32_1.0.0.202111181127/tools/bin/../lib/gcc/arm-none-eabi/10.3.1/../../../../arm-none-eabi/lib/thumb/v7e-m+fp/hard\libc_nano.a(lib_a-mlock.o)
                0x00000000080086ac                __malloc_lock
 .text.__malloc_unlock
                0x00000000080086b8        0xc c:/st/stm32cubeide_1.9.0/stm32cubeide/plugins/com.st.stm32cube.ide.mcu.externaltools.gnu-tools-for-stm32.10.3-2021.10.win32_1.0.0.202111181127/tools/bin/../lib/gcc/arm-none-eabi/10.3.1/../../../../arm-none-eabi/lib/thumb/v7e-m+fp/hard\libc_nano.a(lib_a-mlock.o)
                0x00000000080086b8                __malloc_unlock
 .text._malloc_usable_size_r
                0x00000000080086c4       0x10 c:/st/stm32cubeide_1.9.0/stm32cubeide/plugins/com.st.stm32cube.ide.mcu.externaltools.gnu-tools-for-stm32.10.3-2021.10.win32_1.0.0.202111181127/tools/bin/../lib/gcc/arm-none-eabi/10.3.1/../../../../arm-none-eabi/lib/thumb/v7e-m+fp/hard\libc_nano.a(lib_a-nano-msizer.o)
                0x00000000080086c4                _malloc_usable_size_r
 .text.__retarget_lock_acquire_recursive
                0x00000000080086d4        0x2 c:/st/stm32cubeide_1.9.0/stm32cubeide/plugins/com.st.stm32cube.ide.mcu.externaltools.gnu-tools-for-stm32.10.3-2021.10.win32_1.0.0.202111181127/tools/bin/../lib/gcc/arm-none-eabi/10.3.1/../../../../arm-none-eabi/lib/thumb/v7e-m+fp/hard\libc_nano.a(lib_a-lock.o)
                0x00000000080086d4                __retarget_lock_acquire_recursive
 .text.__retarget_lock_release_recursive
                0x00000000080086d6        0x2 c:/st/stm32cubeide_1.9.0/stm32cubeide/plugins/com.st.stm32cube.ide.mcu.externaltools.gnu-tools-for-stm32.10.3-2021.10.win32_1.0.0.202111181127/tools/bin/../lib/gcc/arm-none-eabi/10.3.1/../../../../arm-none-eabi/lib/thumb/v7e-m+fp/hard\libc_nano.a(lib_a-lock.o)
                0x00000000080086d6                __retarget_lock_release_recursive
 *(.glue_7)
 .glue_7        0x00000000080086d8        0x0 linker stubs
 *(.glue_7t)
 .glue_7t       0x00000000080086d8        0x0 linker stubs
 *(.eh_frame)
 .eh_frame      0x00000000080086d8        0x0 c:/st/stm32cubeide_1.9.0/stm32cubeide/plugins/com.st.stm32cube.ide.mcu.externaltools.gnu-tools-for-stm32.10.3-2021.10.win32_1.0.0.202111181127/tools/bin/../lib/gcc/arm-none-eabi/10.3.1/thumb/v7e-m+fp/hard/crtbegin.o
 *(.init)
 .init          0x00000000080086d8        0x4 c:/st/stm32cubeide_1.9.0/stm32cubeide/plugins/com.st.stm32cube.ide.mcu.externaltools.gnu-tools-for-stm32.10.3-2021.10.win32_1.0.0.202111181127/tools/bin/../lib/gcc/arm-none-eabi/10.3.1/thumb/v7e-m+fp/hard/crti.o
                0x00000000080086d8                _init
 .init          0x00000000080086dc        0x8 c:/st/stm32cubeide_1.9.0/stm32cubeide/plugins/com.st.stm32cube.ide.mcu.externaltools.gnu-tools-for-stm32.10.3-2021.10.win32_1.0.0.202111181127/tools/bin/../lib/gcc/arm-none-eabi/10.3.1/thumb/v7e-m+fp/hard/crtn.o
 *(.fini)
 .fini          0x00000000080086e4        0x4 c:/st/stm32cubeide_1.9.0/stm32cubeide/plugins/com.st.stm32cube.ide.mcu.externaltools.gnu-tools-for-stm32.10.3-2021.10.win32_1.0.0.202111181127/tools/bin/../lib/gcc/arm-none-eabi/10.3.1/thumb/v7e-m+fp/hard/crti.o
                0x00000000080086e4                _fini
 .fini          0x00000000080086e8        0x8 c:/st/stm32cubeide_1.9.0/stm32cubeide/plugins/com.st.stm32cube.ide.mcu.externaltools.gnu-tools-for-stm32.10.3-2021.10.win32_1.0.0.202111181127/tools/bin/../lib/gcc/arm-none-eabi/10.3.1/thumb/v7e-m+fp/hard/crtn.o
                0x00000000080086f0                . = ALIGN (0x4)
                0x00000000080086f0                _etext = .

.vfp11_veneer   0x00000000080086f0        0x0
 .vfp11_veneer  0x00000000080086f0        0x0 linker stubs

.v4_bx          0x00000000080086f0        0x0
 .v4_bx         0x00000000080086f0        0x0 linker stubs

.iplt           0x00000000080086f0        0x0
 .iplt          0x00000000080086f0        0x0 c:/st/stm32cubeide_1.9.0/stm32cubeide/plugins/com.st.stm32cube.ide.mcu.externaltools.gnu-tools-for-stm32.10.3-2021.10.win32_1.0.0.202111181127/tools/bin/../lib/gcc/arm-none-eabi/10.3.1/thumb/v7e-m+fp/hard/crtbegin.o

.rodata         0x00000000080086f0    0x21630
                0x00000000080086f0                . = ALIGN (0x4)
 *(.rodata)
 .rodata        0x00000000080086f0      0x18f ./Application/User/Core/bosch_imu.o
 *fill*         0x000000000800887f        0x1 
 .rodata        0x0000000008008880     0x2214 ./Application/User/Core/common.o
 .rodata        0x000000000800aa94      0x137 ./Application/User/Core/main.o
 *(.rodata*)
 *fill*         0x000000000800abcb        0x1 
 .rodata.bhy2_sysid_event_size
                0x000000000800abcc        0xb ./Application/User/Core/bhy2.o
 *fill*         0x000000000800abd7        0x1 
 .rodata.bhy2_firmware_image
                0x000000000800abd8    0x1f0fc ./Application/User/Core/common.o
                0x000000000800abd8                bhy2_firmware_image
 .rodata.AHBPrescTable
                0x0000000008029cd4       0x10 ./Drivers/CMSIS/system_stm32f4xx.o
                0x0000000008029cd4                AHBPrescTable
 .rodata.APBPrescTable
                0x0000000008029ce4        0x8 ./Drivers/CMSIS/system_stm32f4xx.o
                0x0000000008029ce4                APBPrescTable
 .rodata._svfprintf_r.str1.1
                0x0000000008029cec       0x11 c:/st/stm32cubeide_1.9.0/stm32cubeide/plugins/com.st.stm32cube.ide.mcu.externaltools.gnu-tools-for-stm32.10.3-2021.10.win32_1.0.0.202111181127/tools/bin/../lib/gcc/arm-none-eabi/10.3.1/../../../../arm-none-eabi/lib/thumb/v7e-m+fp/hard\libc_nano.a(lib_a-nano-svfprintf.o)
 .rodata._printf_i.str1.1
                0x0000000008029cfd       0x22 c:/st/stm32cubeide_1.9.0/stm32cubeide/plugins/com.st.stm32cube.ide.mcu.externaltools.gnu-tools-for-stm32.10.3-2021.10.win32_1.0.0.202111181127/tools/bin/../lib/gcc/arm-none-eabi/10.3.1/../../../../arm-none-eabi/lib/thumb/v7e-m+fp/hard\libc_nano.a(lib_a-nano-vfprintf_i.o)
                0x0000000008029d20                . = ALIGN (0x4)
 *fill*         0x0000000008029d1f        0x1 

.ARM.extab      0x0000000008029d20        0x0
                0x0000000008029d20                . = ALIGN (0x4)
 *(.ARM.extab* .gnu.linkonce.armextab.*)
                0x0000000008029d20                . = ALIGN (0x4)

.ARM            0x0000000008029d20        0x8
                0x0000000008029d20                . = ALIGN (0x4)
                0x0000000008029d20                __exidx_start = .
 *(.ARM.exidx*)
 .ARM.exidx     0x0000000008029d20        0x8 c:/st/stm32cubeide_1.9.0/stm32cubeide/plugins/com.st.stm32cube.ide.mcu.externaltools.gnu-tools-for-stm32.10.3-2021.10.win32_1.0.0.202111181127/tools/bin/../lib/gcc/arm-none-eabi/10.3.1/thumb/v7e-m+fp/hard\libgcc.a(_udivmoddi4.o)
                0x0000000008029d28                __exidx_end = .
                0x0000000008029d28                . = ALIGN (0x4)

.rel.dyn        0x0000000008029d28        0x0
 .rel.iplt      0x0000000008029d28        0x0 c:/st/stm32cubeide_1.9.0/stm32cubeide/plugins/com.st.stm32cube.ide.mcu.externaltools.gnu-tools-for-stm32.10.3-2021.10.win32_1.0.0.202111181127/tools/bin/../lib/gcc/arm-none-eabi/10.3.1/thumb/v7e-m+fp/hard/crtbegin.o

.preinit_array  0x0000000008029d28        0x0
                0x0000000008029d28                . = ALIGN (0x4)
                0x0000000008029d28                PROVIDE (__preinit_array_start = .)
 *(.preinit_array*)
                0x0000000008029d28                PROVIDE (__preinit_array_end = .)
                0x0000000008029d28                . = ALIGN (0x4)

.init_array     0x0000000008029d28        0x4
                0x0000000008029d28                . = ALIGN (0x4)
                0x0000000008029d28                PROVIDE (__init_array_start = .)
 *(SORT_BY_NAME(.init_array.*))
 *(.init_array*)
 .init_array    0x0000000008029d28        0x4 c:/st/stm32cubeide_1.9.0/stm32cubeide/plugins/com.st.stm32cube.ide.mcu.externaltools.gnu-tools-for-stm32.10.3-2021.10.win32_1.0.0.202111181127/tools/bin/../lib/gcc/arm-none-eabi/10.3.1/thumb/v7e-m+fp/hard/crtbegin.o
                0x0000000008029d2c                PROVIDE (__init_array_end = .)
                0x0000000008029d2c                . = ALIGN (0x4)

.fini_array     0x0000000008029d2c        0x4
                0x0000000008029d2c                . = ALIGN (0x4)
                [!provide]                        PROVIDE (__fini_array_start = .)
 *(SORT_BY_NAME(.fini_array.*))
 *(.fini_array*)
 .fini_array    0x0000000008029d2c        0x4 c:/st/stm32cubeide_1.9.0/stm32cubeide/plugins/com.st.stm32cube.ide.mcu.externaltools.gnu-tools-for-stm32.10.3-2021.10.win32_1.0.0.202111181127/tools/bin/../lib/gcc/arm-none-eabi/10.3.1/thumb/v7e-m+fp/hard/crtbegin.o
                [!provide]                        PROVIDE (__fini_array_end = .)
                0x0000000008029d30                . = ALIGN (0x4)
                0x0000000008029d30                _sidata = LOADADDR (.data)

.data           0x0000000020000000       0x70 load address 0x0000000008029d30
                0x0000000020000000                . = ALIGN (0x4)
                0x0000000020000000                _sdata = .
 *(.data)
 *(.data*)
 .data.SystemCoreClock
                0x0000000020000000        0x4 ./Drivers/CMSIS/system_stm32f4xx.o
                0x0000000020000000                SystemCoreClock
 .data.uwTickPrio
                0x0000000020000004        0x4 ./Drivers/STM32F4xx_HAL_Driver/stm32f4xx_hal.o
                0x0000000020000004                uwTickPrio
 .data.uwTickFreq
                0x0000000020000008        0x1 ./Drivers/STM32F4xx_HAL_Driver/stm32f4xx_hal.o
                0x0000000020000008                uwTickFreq
 *fill*         0x0000000020000009        0x3 
 .data._impure_ptr
                0x000000002000000c        0x4 c:/st/stm32cubeide_1.9.0/stm32cubeide/plugins/com.st.stm32cube.ide.mcu.externaltools.gnu-tools-for-stm32.10.3-2021.10.win32_1.0.0.202111181127/tools/bin/../lib/gcc/arm-none-eabi/10.3.1/../../../../arm-none-eabi/lib/thumb/v7e-m+fp/hard\libc_nano.a(lib_a-impure.o)
                0x000000002000000c                _impure_ptr
 .data.impure_data
                0x0000000020000010       0x60 c:/st/stm32cubeide_1.9.0/stm32cubeide/plugins/com.st.stm32cube.ide.mcu.externaltools.gnu-tools-for-stm32.10.3-2021.10.win32_1.0.0.202111181127/tools/bin/../lib/gcc/arm-none-eabi/10.3.1/../../../../arm-none-eabi/lib/thumb/v7e-m+fp/hard\libc_nano.a(lib_a-impure.o)
 *(.RamFunc)
 *(.RamFunc*)
                0x0000000020000070                . = ALIGN (0x4)
                0x0000000020000070                _edata = .

.igot.plt       0x0000000020000070        0x0 load address 0x0000000008029da0
 .igot.plt      0x0000000020000070        0x0 c:/st/stm32cubeide_1.9.0/stm32cubeide/plugins/com.st.stm32cube.ide.mcu.externaltools.gnu-tools-for-stm32.10.3-2021.10.win32_1.0.0.202111181127/tools/bin/../lib/gcc/arm-none-eabi/10.3.1/thumb/v7e-m+fp/hard/crtbegin.o
                0x0000000020000070                . = ALIGN (0x4)

.bss            0x0000000020000070      0xc64 load address 0x0000000008029da0
                0x0000000020000070                _sbss = .
                0x0000000020000070                __bss_start__ = _sbss
 *(.bss)
 .bss           0x0000000020000070       0x1c c:/st/stm32cubeide_1.9.0/stm32cubeide/plugins/com.st.stm32cube.ide.mcu.externaltools.gnu-tools-for-stm32.10.3-2021.10.win32_1.0.0.202111181127/tools/bin/../lib/gcc/arm-none-eabi/10.3.1/thumb/v7e-m+fp/hard/crtbegin.o
 *(.bss*)
 .bss.intf      0x000000002000008c        0x1 ./Application/User/Core/bosch_imu.o
                0x000000002000008c                intf
 .bss.product_id
                0x000000002000008d        0x1 ./Application/User/Core/bosch_imu.o
                0x000000002000008d                product_id
 .bss.version   0x000000002000008e        0x2 ./Application/User/Core/bosch_imu.o
                0x000000002000008e                version
 .bss.rslt      0x0000000020000090        0x1 ./Application/User/Core/bosch_imu.o
                0x0000000020000090                rslt
 *fill*         0x0000000020000091        0x7 
 .bss.bhy2      0x0000000020000098      0x308 ./Application/User/Core/bosch_imu.o
                0x0000000020000098                bhy2
 .bss.work_buffer
                0x00000000200003a0      0x800 ./Application/User/Core/bosch_imu.o
                0x00000000200003a0                work_buffer
 .bss.hintr_ctrl
                0x0000000020000ba0        0x1 ./Application/User/Core/bosch_imu.o
                0x0000000020000ba0                hintr_ctrl
 .bss.hif_ctrl  0x0000000020000ba1        0x1 ./Application/User/Core/bosch_imu.o
                0x0000000020000ba1                hif_ctrl
 .bss.boot_status
                0x0000000020000ba2        0x1 ./Application/User/Core/bosch_imu.o
                0x0000000020000ba2                boot_status
 .bss.accuracy  0x0000000020000ba3        0x1 ./Application/User/Core/bosch_imu.o
                0x0000000020000ba3                accuracy
 .bss.Heading   0x0000000020000ba4        0x4 ./Application/User/Core/bosch_imu.o
                0x0000000020000ba4                Heading
 .bss.Pitch     0x0000000020000ba8        0x4 ./Application/User/Core/bosch_imu.o
                0x0000000020000ba8                Pitch
 .bss.Roll      0x0000000020000bac        0x4 ./Application/User/Core/bosch_imu.o
                0x0000000020000bac                Roll
 .bss.acc_x     0x0000000020000bb0        0x4 ./Application/User/Core/bosch_imu.o
                0x0000000020000bb0                acc_x
 .bss.acc_y     0x0000000020000bb4        0x4 ./Application/User/Core/bosch_imu.o
                0x0000000020000bb4                acc_y
 .bss.acc_z     0x0000000020000bb8        0x4 ./Application/User/Core/bosch_imu.o
                0x0000000020000bb8                acc_z
 .bss.gyr_x     0x0000000020000bbc        0x4 ./Application/User/Core/bosch_imu.o
                0x0000000020000bbc                gyr_x
 .bss.gyr_y     0x0000000020000bc0        0x4 ./Application/User/Core/bosch_imu.o
                0x0000000020000bc0                gyr_y
 .bss.gyr_z     0x0000000020000bc4        0x4 ./Application/User/Core/bosch_imu.o
                0x0000000020000bc4                gyr_z
 .bss.hi2c1     0x0000000020000bc8       0x54 ./Application/User/Core/main.o
                0x0000000020000bc8                hi2c1
 .bss.htim2     0x0000000020000c1c       0x48 ./Application/User/Core/main.o
                0x0000000020000c1c                htim2
 .bss.huart2    0x0000000020000c64       0x44 ./Application/User/Core/main.o
                0x0000000020000c64                huart2
 .bss.my_printf
                0x0000000020000ca8        0x4 ./Application/User/Core/main.o
                0x0000000020000ca8                my_printf
 *fill*         0x0000000020000cac        0x4 
 .bss.last_result
                0x0000000020000cb0        0x8 ./Application/User/Core/main.o
                0x0000000020000cb0                last_result
 .bss.sensor_reports
                0x0000000020000cb8        0x1 ./Application/User/Core/main.o
                0x0000000020000cb8                sensor_reports
 *fill*         0x0000000020000cb9        0x3 
 .bss.__sbrk_heap_end
                0x0000000020000cbc        0x4 ./Application/User/Core/sysmem.o
 .bss.uwTick    0x0000000020000cc0        0x4 ./Drivers/STM32F4xx_HAL_Driver/stm32f4xx_hal.o
                0x0000000020000cc0                uwTick
 .bss.__malloc_free_list
                0x0000000020000cc4        0x4 c:/st/stm32cubeide_1.9.0/stm32cubeide/plugins/com.st.stm32cube.ide.mcu.externaltools.gnu-tools-for-stm32.10.3-2021.10.win32_1.0.0.202111181127/tools/bin/../lib/gcc/arm-none-eabi/10.3.1/../../../../arm-none-eabi/lib/thumb/v7e-m+fp/hard\libc_nano.a(lib_a-nano-mallocr.o)
                0x0000000020000cc4                __malloc_free_list
 .bss.__malloc_sbrk_start
                0x0000000020000cc8        0x4 c:/st/stm32cubeide_1.9.0/stm32cubeide/plugins/com.st.stm32cube.ide.mcu.externaltools.gnu-tools-for-stm32.10.3-2021.10.win32_1.0.0.202111181127/tools/bin/../lib/gcc/arm-none-eabi/10.3.1/../../../../arm-none-eabi/lib/thumb/v7e-m+fp/hard\libc_nano.a(lib_a-nano-mallocr.o)
                0x0000000020000cc8                __malloc_sbrk_start
 .bss.errno     0x0000000020000ccc        0x4 c:/st/stm32cubeide_1.9.0/stm32cubeide/plugins/com.st.stm32cube.ide.mcu.externaltools.gnu-tools-for-stm32.10.3-2021.10.win32_1.0.0.202111181127/tools/bin/../lib/gcc/arm-none-eabi/10.3.1/../../../../arm-none-eabi/lib/thumb/v7e-m+fp/hard\libc_nano.a(lib_a-reent.o)
                0x0000000020000ccc                errno
 .bss.__lock___malloc_recursive_mutex
                0x0000000020000cd0        0x1 c:/st/stm32cubeide_1.9.0/stm32cubeide/plugins/com.st.stm32cube.ide.mcu.externaltools.gnu-tools-for-stm32.10.3-2021.10.win32_1.0.0.202111181127/tools/bin/../lib/gcc/arm-none-eabi/10.3.1/../../../../arm-none-eabi/lib/thumb/v7e-m+fp/hard\libc_nano.a(lib_a-lock.o)
                0x0000000020000cd0                __lock___malloc_recursive_mutex
 *(COMMON)
                0x0000000020000cd4                . = ALIGN (0x4)
 *fill*         0x0000000020000cd1        0x3 
                0x0000000020000cd4                _ebss = .
                0x0000000020000cd4                __bss_end__ = _ebss

._user_heap_stack
                0x0000000020000cd4      0x604 load address 0x0000000008029da0
                0x0000000020000cd8                . = ALIGN (0x8)
 *fill*         0x0000000020000cd4        0x4 
                [!provide]                        PROVIDE (end = .)
                0x0000000020000cd8                PROVIDE (_end = .)
                0x0000000020000ed8                . = (. + _Min_Heap_Size)
 *fill*         0x0000000020000cd8      0x200 
                0x00000000200012d8                . = (. + _Min_Stack_Size)
 *fill*         0x0000000020000ed8      0x400 
                0x00000000200012d8                . = ALIGN (0x8)

/DISCARD/
 libc.a(*)
 libm.a(*)
 libgcc.a(*)

.ARM.attributes
                0x0000000000000000       0x30
 *(.ARM.attributes)
 .ARM.attributes
                0x0000000000000000       0x1e c:/st/stm32cubeide_1.9.0/stm32cubeide/plugins/com.st.stm32cube.ide.mcu.externaltools.gnu-tools-for-stm32.10.3-2021.10.win32_1.0.0.202111181127/tools/bin/../lib/gcc/arm-none-eabi/10.3.1/thumb/v7e-m+fp/hard/crti.o
 .ARM.attributes
                0x000000000000001e       0x34 c:/st/stm32cubeide_1.9.0/stm32cubeide/plugins/com.st.stm32cube.ide.mcu.externaltools.gnu-tools-for-stm32.10.3-2021.10.win32_1.0.0.202111181127/tools/bin/../lib/gcc/arm-none-eabi/10.3.1/thumb/v7e-m+fp/hard/crtbegin.o
 .ARM.attributes
                0x0000000000000052       0x34 ./Application/User/Core/bhy2.o
 .ARM.attributes
                0x0000000000000086       0x34 ./Application/User/Core/bhy2_hif.o
 .ARM.attributes
                0x00000000000000ba       0x34 ./Application/User/Core/bhy2_parse.o
 .ARM.attributes
                0x00000000000000ee       0x34 ./Application/User/Core/bosch_imu.o
 .ARM.attributes
                0x0000000000000122       0x34 ./Application/User/Core/common.o
 .ARM.attributes
                0x0000000000000156       0x34 ./Application/User/Core/main.o
 .ARM.attributes
                0x000000000000018a       0x34 ./Application/User/Core/stm32f4xx_hal_msp.o
 .ARM.attributes
                0x00000000000001be       0x34 ./Application/User/Core/stm32f4xx_it.o
 .ARM.attributes
                0x00000000000001f2       0x34 ./Application/User/Core/sysmem.o
 .ARM.attributes
                0x0000000000000226       0x21 ./Application/User/Startup/startup_stm32f446retx.o
 .ARM.attributes
                0x0000000000000247       0x34 ./Drivers/CMSIS/system_stm32f4xx.o
 .ARM.attributes
                0x000000000000027b       0x34 ./Drivers/STM32F4xx_HAL_Driver/stm32f4xx_hal.o
 .ARM.attributes
                0x00000000000002af       0x34 ./Drivers/STM32F4xx_HAL_Driver/stm32f4xx_hal_cortex.o
 .ARM.attributes
                0x00000000000002e3       0x34 ./Drivers/STM32F4xx_HAL_Driver/stm32f4xx_hal_gpio.o
 .ARM.attributes
                0x0000000000000317       0x34 ./Drivers/STM32F4xx_HAL_Driver/stm32f4xx_hal_i2c.o
 .ARM.attributes
                0x000000000000034b       0x34 ./Drivers/STM32F4xx_HAL_Driver/stm32f4xx_hal_rcc.o
 .ARM.attributes
                0x000000000000037f       0x34 ./Drivers/STM32F4xx_HAL_Driver/stm32f4xx_hal_rcc_ex.o
 .ARM.attributes
                0x00000000000003b3       0x34 ./Drivers/STM32F4xx_HAL_Driver/stm32f4xx_hal_tim.o
 .ARM.attributes
                0x00000000000003e7       0x34 ./Drivers/STM32F4xx_HAL_Driver/stm32f4xx_hal_tim_ex.o
 .ARM.attributes
                0x000000000000041b       0x34 ./Drivers/STM32F4xx_HAL_Driver/stm32f4xx_hal_uart.o
 .ARM.attributes
                0x000000000000044f       0x34 c:/st/stm32cubeide_1.9.0/stm32cubeide/plugins/com.st.stm32cube.ide.mcu.externaltools.gnu-tools-for-stm32.10.3-2021.10.win32_1.0.0.202111181127/tools/bin/../lib/gcc/arm-none-eabi/10.3.1/../../../../arm-none-eabi/lib/thumb/v7e-m+fp/hard\libc_nano.a(lib_a-errno.o)
 .ARM.attributes
                0x0000000000000483       0x34 c:/st/stm32cubeide_1.9.0/stm32cubeide/plugins/com.st.stm32cube.ide.mcu.externaltools.gnu-tools-for-stm32.10.3-2021.10.win32_1.0.0.202111181127/tools/bin/../lib/gcc/arm-none-eabi/10.3.1/../../../../arm-none-eabi/lib/thumb/v7e-m+fp/hard\libc_nano.a(lib_a-impure.o)
 .ARM.attributes
                0x00000000000004b7       0x34 c:/st/stm32cubeide_1.9.0/stm32cubeide/plugins/com.st.stm32cube.ide.mcu.externaltools.gnu-tools-for-stm32.10.3-2021.10.win32_1.0.0.202111181127/tools/bin/../lib/gcc/arm-none-eabi/10.3.1/../../../../arm-none-eabi/lib/thumb/v7e-m+fp/hard\libc_nano.a(lib_a-init.o)
 .ARM.attributes
                0x00000000000004eb       0x34 c:/st/stm32cubeide_1.9.0/stm32cubeide/plugins/com.st.stm32cube.ide.mcu.externaltools.gnu-tools-for-stm32.10.3-2021.10.win32_1.0.0.202111181127/tools/bin/../lib/gcc/arm-none-eabi/10.3.1/../../../../arm-none-eabi/lib/thumb/v7e-m+fp/hard\libc_nano.a(lib_a-memcpy-stub.o)
 .ARM.attributes
                0x000000000000051f       0x34 c:/st/stm32cubeide_1.9.0/stm32cubeide/plugins/com.st.stm32cube.ide.mcu.externaltools.gnu-tools-for-stm32.10.3-2021.10.win32_1.0.0.202111181127/tools/bin/../lib/gcc/arm-none-eabi/10.3.1/../../../../arm-none-eabi/lib/thumb/v7e-m+fp/hard\libc_nano.a(lib_a-memset.o)
 .ARM.attributes
                0x0000000000000553       0x34 c:/st/stm32cubeide_1.9.0/stm32cubeide/plugins/com.st.stm32cube.ide.mcu.externaltools.gnu-tools-for-stm32.10.3-2021.10.win32_1.0.0.202111181127/tools/bin/../lib/gcc/arm-none-eabi/10.3.1/../../../../arm-none-eabi/lib/thumb/v7e-m+fp/hard\libc_nano.a(lib_a-vsprintf.o)
 .ARM.attributes
                0x0000000000000587       0x34 c:/st/stm32cubeide_1.9.0/stm32cubeide/plugins/com.st.stm32cube.ide.mcu.externaltools.gnu-tools-for-stm32.10.3-2021.10.win32_1.0.0.202111181127/tools/bin/../lib/gcc/arm-none-eabi/10.3.1/../../../../arm-none-eabi/lib/thumb/v7e-m+fp/hard\libc_nano.a(lib_a-nano-svfprintf.o)
 .ARM.attributes
                0x00000000000005bb       0x34 c:/st/stm32cubeide_1.9.0/stm32cubeide/plugins/com.st.stm32cube.ide.mcu.externaltools.gnu-tools-for-stm32.10.3-2021.10.win32_1.0.0.202111181127/tools/bin/../lib/gcc/arm-none-eabi/10.3.1/../../../../arm-none-eabi/lib/thumb/v7e-m+fp/hard\libc_nano.a(lib_a-nano-vfprintf_i.o)
 .ARM.attributes
                0x00000000000005ef       0x1c c:/st/stm32cubeide_1.9.0/stm32cubeide/plugins/com.st.stm32cube.ide.mcu.externaltools.gnu-tools-for-stm32.10.3-2021.10.win32_1.0.0.202111181127/tools/bin/../lib/gcc/arm-none-eabi/10.3.1/../../../../arm-none-eabi/lib/thumb/v7e-m+fp/hard\libc_nano.a(lib_a-memchr.o)
 .ARM.attributes
                0x000000000000060b       0x34 c:/st/stm32cubeide_1.9.0/stm32cubeide/plugins/com.st.stm32cube.ide.mcu.externaltools.gnu-tools-for-stm32.10.3-2021.10.win32_1.0.0.202111181127/tools/bin/../lib/gcc/arm-none-eabi/10.3.1/../../../../arm-none-eabi/lib/thumb/v7e-m+fp/hard\libc_nano.a(lib_a-memmove.o)
 .ARM.attributes
                0x000000000000063f       0x34 c:/st/stm32cubeide_1.9.0/stm32cubeide/plugins/com.st.stm32cube.ide.mcu.externaltools.gnu-tools-for-stm32.10.3-2021.10.win32_1.0.0.202111181127/tools/bin/../lib/gcc/arm-none-eabi/10.3.1/../../../../arm-none-eabi/lib/thumb/v7e-m+fp/hard\libc_nano.a(lib_a-nano-freer.o)
 .ARM.attributes
                0x0000000000000673       0x34 c:/st/stm32cubeide_1.9.0/stm32cubeide/plugins/com.st.stm32cube.ide.mcu.externaltools.gnu-tools-for-stm32.10.3-2021.10.win32_1.0.0.202111181127/tools/bin/../lib/gcc/arm-none-eabi/10.3.1/../../../../arm-none-eabi/lib/thumb/v7e-m+fp/hard\libc_nano.a(lib_a-nano-mallocr.o)
 .ARM.attributes
                0x00000000000006a7       0x34 c:/st/stm32cubeide_1.9.0/stm32cubeide/plugins/com.st.stm32cube.ide.mcu.externaltools.gnu-tools-for-stm32.10.3-2021.10.win32_1.0.0.202111181127/tools/bin/../lib/gcc/arm-none-eabi/10.3.1/../../../../arm-none-eabi/lib/thumb/v7e-m+fp/hard\libc_nano.a(lib_a-nano-reallocr.o)
 .ARM.attributes
                0x00000000000006db       0x34 c:/st/stm32cubeide_1.9.0/stm32cubeide/plugins/com.st.stm32cube.ide.mcu.externaltools.gnu-tools-for-stm32.10.3-2021.10.win32_1.0.0.202111181127/tools/bin/../lib/gcc/arm-none-eabi/10.3.1/../../../../arm-none-eabi/lib/thumb/v7e-m+fp/hard\libc_nano.a(lib_a-sbrkr.o)
 .ARM.attributes
                0x000000000000070f       0x34 c:/st/stm32cubeide_1.9.0/stm32cubeide/plugins/com.st.stm32cube.ide.mcu.externaltools.gnu-tools-for-stm32.10.3-2021.10.win32_1.0.0.202111181127/tools/bin/../lib/gcc/arm-none-eabi/10.3.1/../../../../arm-none-eabi/lib/thumb/v7e-m+fp/hard\libc_nano.a(lib_a-mlock.o)
 .ARM.attributes
                0x0000000000000743       0x34 c:/st/stm32cubeide_1.9.0/stm32cubeide/plugins/com.st.stm32cube.ide.mcu.externaltools.gnu-tools-for-stm32.10.3-2021.10.win32_1.0.0.202111181127/tools/bin/../lib/gcc/arm-none-eabi/10.3.1/../../../../arm-none-eabi/lib/thumb/v7e-m+fp/hard\libc_nano.a(lib_a-nano-msizer.o)
 .ARM.attributes
                0x0000000000000777       0x34 c:/st/stm32cubeide_1.9.0/stm32cubeide/plugins/com.st.stm32cube.ide.mcu.externaltools.gnu-tools-for-stm32.10.3-2021.10.win32_1.0.0.202111181127/tools/bin/../lib/gcc/arm-none-eabi/10.3.1/../../../../arm-none-eabi/lib/thumb/v7e-m+fp/hard\libc_nano.a(lib_a-reent.o)
 .ARM.attributes
                0x00000000000007ab       0x34 c:/st/stm32cubeide_1.9.0/stm32cubeide/plugins/com.st.stm32cube.ide.mcu.externaltools.gnu-tools-for-stm32.10.3-2021.10.win32_1.0.0.202111181127/tools/bin/../lib/gcc/arm-none-eabi/10.3.1/../../../../arm-none-eabi/lib/thumb/v7e-m+fp/hard\libc_nano.a(lib_a-lock.o)
 .ARM.attributes
                0x00000000000007df       0x1e c:/st/stm32cubeide_1.9.0/stm32cubeide/plugins/com.st.stm32cube.ide.mcu.externaltools.gnu-tools-for-stm32.10.3-2021.10.win32_1.0.0.202111181127/tools/bin/../lib/gcc/arm-none-eabi/10.3.1/thumb/v7e-m+fp/hard\libgcc.a(_arm_addsubdf3.o)
 .ARM.attributes
                0x00000000000007fd       0x1e c:/st/stm32cubeide_1.9.0/stm32cubeide/plugins/com.st.stm32cube.ide.mcu.externaltools.gnu-tools-for-stm32.10.3-2021.10.win32_1.0.0.202111181127/tools/bin/../lib/gcc/arm-none-eabi/10.3.1/thumb/v7e-m+fp/hard\libgcc.a(_aeabi_uldivmod.o)
 .ARM.attributes
                0x000000000000081b       0x34 c:/st/stm32cubeide_1.9.0/stm32cubeide/plugins/com.st.stm32cube.ide.mcu.externaltools.gnu-tools-for-stm32.10.3-2021.10.win32_1.0.0.202111181127/tools/bin/../lib/gcc/arm-none-eabi/10.3.1/thumb/v7e-m+fp/hard\libgcc.a(_udivmoddi4.o)
 .ARM.attributes
                0x000000000000084f       0x1e c:/st/stm32cubeide_1.9.0/stm32cubeide/plugins/com.st.stm32cube.ide.mcu.externaltools.gnu-tools-for-stm32.10.3-2021.10.win32_1.0.0.202111181127/tools/bin/../lib/gcc/arm-none-eabi/10.3.1/thumb/v7e-m+fp/hard\libgcc.a(_dvmd_tls.o)
 .ARM.attributes
                0x000000000000086d       0x1e c:/st/stm32cubeide_1.9.0/stm32cubeide/plugins/com.st.stm32cube.ide.mcu.externaltools.gnu-tools-for-stm32.10.3-2021.10.win32_1.0.0.202111181127/tools/bin/../lib/gcc/arm-none-eabi/10.3.1/thumb/v7e-m+fp/hard/crtn.o
OUTPUT(STM32-HAL-BHI360.elf elf32-littlearm)
LOAD linker stubs
LOAD c:/st/stm32cubeide_1.9.0/stm32cubeide/plugins/com.st.stm32cube.ide.mcu.externaltools.gnu-tools-for-stm32.10.3-2021.10.win32_1.0.0.202111181127/tools/bin/../lib/gcc/arm-none-eabi/10.3.1/../../../../arm-none-eabi/lib/thumb/v7e-m+fp/hard\libc.a
LOAD c:/st/stm32cubeide_1.9.0/stm32cubeide/plugins/com.st.stm32cube.ide.mcu.externaltools.gnu-tools-for-stm32.10.3-2021.10.win32_1.0.0.202111181127/tools/bin/../lib/gcc/arm-none-eabi/10.3.1/../../../../arm-none-eabi/lib/thumb/v7e-m+fp/hard\libm.a
LOAD c:/st/stm32cubeide_1.9.0/stm32cubeide/plugins/com.st.stm32cube.ide.mcu.externaltools.gnu-tools-for-stm32.10.3-2021.10.win32_1.0.0.202111181127/tools/bin/../lib/gcc/arm-none-eabi/10.3.1/thumb/v7e-m+fp/hard\libgcc.a

.debug_info     0x0000000000000000    0x165b3
 .debug_info    0x0000000000000000     0x2bc4 ./Application/User/Core/bhy2.o
 .debug_info    0x0000000000002bc4     0x1fcd ./Application/User/Core/bhy2_hif.o
 .debug_info    0x0000000000004b91      0x35d ./Application/User/Core/bhy2_parse.o
 .debug_info    0x0000000000004eee      0xb87 ./Application/User/Core/bosch_imu.o
 .debug_info    0x0000000000005a75      0xc2a ./Application/User/Core/common.o
 .debug_info    0x000000000000669f     0x1989 ./Application/User/Core/main.o
 .debug_info    0x0000000000008028     0x10a4 ./Application/User/Core/stm32f4xx_hal_msp.o
 .debug_info    0x00000000000090cc      0x128 ./Application/User/Core/stm32f4xx_it.o
 .debug_info    0x00000000000091f4      0x171 ./Application/User/Core/sysmem.o
 .debug_info    0x0000000000009365       0x22 ./Application/User/Startup/startup_stm32f446retx.o
 .debug_info    0x0000000000009387      0x55b ./Drivers/CMSIS/system_stm32f4xx.o
 .debug_info    0x00000000000098e2      0x9d2 ./Drivers/STM32F4xx_HAL_Driver/stm32f4xx_hal.o
 .debug_info    0x000000000000a2b4      0xe39 ./Drivers/STM32F4xx_HAL_Driver/stm32f4xx_hal_cortex.o
 .debug_info    0x000000000000b0ed      0x7be ./Drivers/STM32F4xx_HAL_Driver/stm32f4xx_hal_gpio.o
 .debug_info    0x000000000000b8ab     0x2617 ./Drivers/STM32F4xx_HAL_Driver/stm32f4xx_hal_i2c.o
 .debug_info    0x000000000000dec2      0x9ab ./Drivers/STM32F4xx_HAL_Driver/stm32f4xx_hal_rcc.o
 .debug_info    0x000000000000e86d      0x9ec ./Drivers/STM32F4xx_HAL_Driver/stm32f4xx_hal_rcc_ex.o
 .debug_info    0x000000000000f259     0x2bbe ./Drivers/STM32F4xx_HAL_Driver/stm32f4xx_hal_tim.o
 .debug_info    0x0000000000011e17     0x15e0 ./Drivers/STM32F4xx_HAL_Driver/stm32f4xx_hal_tim_ex.o
 .debug_info    0x00000000000133f7     0x31bc ./Drivers/STM32F4xx_HAL_Driver/stm32f4xx_hal_uart.o

.debug_abbrev   0x0000000000000000     0x2899
 .debug_abbrev  0x0000000000000000      0x2ed ./Application/User/Core/bhy2.o
 .debug_abbrev  0x00000000000002ed      0x27f ./Application/User/Core/bhy2_hif.o
 .debug_abbrev  0x000000000000056c       0xd7 ./Application/User/Core/bhy2_parse.o
 .debug_abbrev  0x0000000000000643      0x239 ./Application/User/Core/bosch_imu.o
 .debug_abbrev  0x000000000000087c      0x2a0 ./Application/User/Core/common.o
 .debug_abbrev  0x0000000000000b1c      0x383 ./Application/User/Core/main.o
 .debug_abbrev  0x0000000000000e9f      0x1ca ./Application/User/Core/stm32f4xx_hal_msp.o
 .debug_abbrev  0x0000000000001069       0x74 ./Application/User/Core/stm32f4xx_it.o
 .debug_abbrev  0x00000000000010dd       0xbb ./Application/User/Core/sysmem.o
 .debug_abbrev  0x0000000000001198       0x12 ./Application/User/Startup/startup_stm32f446retx.o
 .debug_abbrev  0x00000000000011aa      0x116 ./Drivers/CMSIS/system_stm32f4xx.o
 .debug_abbrev  0x00000000000012c0      0x20d ./Drivers/STM32F4xx_HAL_Driver/stm32f4xx_hal.o
 .debug_abbrev  0x00000000000014cd      0x316 ./Drivers/STM32F4xx_HAL_Driver/stm32f4xx_hal_cortex.o
 .debug_abbrev  0x00000000000017e3      0x1c4 ./Drivers/STM32F4xx_HAL_Driver/stm32f4xx_hal_gpio.o
 .debug_abbrev  0x00000000000019a7      0x297 ./Drivers/STM32F4xx_HAL_Driver/stm32f4xx_hal_i2c.o
 .debug_abbrev  0x0000000000001c3e      0x2aa ./Drivers/STM32F4xx_HAL_Driver/stm32f4xx_hal_rcc.o
 .debug_abbrev  0x0000000000001ee8      0x1fb ./Drivers/STM32F4xx_HAL_Driver/stm32f4xx_hal_rcc_ex.o
 .debug_abbrev  0x00000000000020e3      0x25d ./Drivers/STM32F4xx_HAL_Driver/stm32f4xx_hal_tim.o
 .debug_abbrev  0x0000000000002340      0x265 ./Drivers/STM32F4xx_HAL_Driver/stm32f4xx_hal_tim_ex.o
 .debug_abbrev  0x00000000000025a5      0x2f4 ./Drivers/STM32F4xx_HAL_Driver/stm32f4xx_hal_uart.o

.debug_aranges  0x0000000000000000     0x13f8
 .debug_aranges
                0x0000000000000000      0x258 ./Application/User/Core/bhy2.o
 .debug_aranges
                0x0000000000000258      0x1c0 ./Application/User/Core/bhy2_hif.o
 .debug_aranges
                0x0000000000000418       0x50 ./Application/User/Core/bhy2_parse.o
 .debug_aranges
                0x0000000000000468       0x40 ./Application/User/Core/bosch_imu.o
 .debug_aranges
                0x00000000000004a8       0x70 ./Application/User/Core/common.o
 .debug_aranges
                0x0000000000000518       0x88 ./Application/User/Core/main.o
 .debug_aranges
                0x00000000000005a0       0x50 ./Application/User/Core/stm32f4xx_hal_msp.o
 .debug_aranges
                0x00000000000005f0       0x60 ./Application/User/Core/stm32f4xx_it.o
 .debug_aranges
                0x0000000000000650       0x20 ./Application/User/Core/sysmem.o
 .debug_aranges
                0x0000000000000670       0x28 ./Application/User/Startup/startup_stm32f446retx.o
 .debug_aranges
                0x0000000000000698       0x28 ./Drivers/CMSIS/system_stm32f4xx.o
 .debug_aranges
                0x00000000000006c0       0xf0 ./Drivers/STM32F4xx_HAL_Driver/stm32f4xx_hal.o
 .debug_aranges
                0x00000000000007b0      0x118 ./Drivers/STM32F4xx_HAL_Driver/stm32f4xx_hal_cortex.o
 .debug_aranges
                0x00000000000008c8       0x58 ./Drivers/STM32F4xx_HAL_Driver/stm32f4xx_hal_gpio.o
 .debug_aranges
                0x0000000000000920      0x2a0 ./Drivers/STM32F4xx_HAL_Driver/stm32f4xx_hal_i2c.o
 .debug_aranges
                0x0000000000000bc0       0x88 ./Drivers/STM32F4xx_HAL_Driver/stm32f4xx_hal_rcc.o
 .debug_aranges
                0x0000000000000c48       0x78 ./Drivers/STM32F4xx_HAL_Driver/stm32f4xx_hal_rcc_ex.o
 .debug_aranges
                0x0000000000000cc0      0x3d0 ./Drivers/STM32F4xx_HAL_Driver/stm32f4xx_hal_tim.o
 .debug_aranges
                0x0000000000001090      0x168 ./Drivers/STM32F4xx_HAL_Driver/stm32f4xx_hal_tim_ex.o
 .debug_aranges
                0x00000000000011f8      0x200 ./Drivers/STM32F4xx_HAL_Driver/stm32f4xx_hal_uart.o

.debug_ranges   0x0000000000000000     0x1308
 .debug_ranges  0x0000000000000000      0x248 ./Application/User/Core/bhy2.o
 .debug_ranges  0x0000000000000248      0x1b0 ./Application/User/Core/bhy2_hif.o
 .debug_ranges  0x00000000000003f8       0x40 ./Application/User/Core/bhy2_parse.o
 .debug_ranges  0x0000000000000438       0x30 ./Application/User/Core/bosch_imu.o
 .debug_ranges  0x0000000000000468       0x60 ./Application/User/Core/common.o
 .debug_ranges  0x00000000000004c8       0x78 ./Application/User/Core/main.o
 .debug_ranges  0x0000000000000540       0x40 ./Application/User/Core/stm32f4xx_hal_msp.o
 .debug_ranges  0x0000000000000580       0x50 ./Application/User/Core/stm32f4xx_it.o
 .debug_ranges  0x00000000000005d0       0x10 ./Application/User/Core/sysmem.o
 .debug_ranges  0x00000000000005e0       0x20 ./Application/User/Startup/startup_stm32f446retx.o
 .debug_ranges  0x0000000000000600       0x18 ./Drivers/CMSIS/system_stm32f4xx.o
 .debug_ranges  0x0000000000000618       0xe0 ./Drivers/STM32F4xx_HAL_Driver/stm32f4xx_hal.o
 .debug_ranges  0x00000000000006f8      0x108 ./Drivers/STM32F4xx_HAL_Driver/stm32f4xx_hal_cortex.o
 .debug_ranges  0x0000000000000800       0x48 ./Drivers/STM32F4xx_HAL_Driver/stm32f4xx_hal_gpio.o
 .debug_ranges  0x0000000000000848      0x2a8 ./Drivers/STM32F4xx_HAL_Driver/stm32f4xx_hal_i2c.o
 .debug_ranges  0x0000000000000af0       0x78 ./Drivers/STM32F4xx_HAL_Driver/stm32f4xx_hal_rcc.o
 .debug_ranges  0x0000000000000b68       0x68 ./Drivers/STM32F4xx_HAL_Driver/stm32f4xx_hal_rcc_ex.o
 .debug_ranges  0x0000000000000bd0      0x3c0 ./Drivers/STM32F4xx_HAL_Driver/stm32f4xx_hal_tim.o
 .debug_ranges  0x0000000000000f90      0x158 ./Drivers/STM32F4xx_HAL_Driver/stm32f4xx_hal_tim_ex.o
 .debug_ranges  0x00000000000010e8      0x220 ./Drivers/STM32F4xx_HAL_Driver/stm32f4xx_hal_uart.o

.debug_macro    0x0000000000000000    0x24aa2
 .debug_macro   0x0000000000000000      0x157 ./Application/User/Core/bhy2.o
 .debug_macro   0x0000000000000157      0xa78 ./Application/User/Core/bhy2.o
 .debug_macro   0x0000000000000bcf       0x22 ./Application/User/Core/bhy2.o
 .debug_macro   0x0000000000000bf1       0x4c ./Application/User/Core/bhy2.o
 .debug_macro   0x0000000000000c3d       0x1e ./Application/User/Core/bhy2.o
 .debug_macro   0x0000000000000c5b       0x94 ./Application/User/Core/bhy2.o
 .debug_macro   0x0000000000000cef       0x3c ./Application/User/Core/bhy2.o
 .debug_macro   0x0000000000000d2b       0x34 ./Application/User/Core/bhy2.o
 .debug_macro   0x0000000000000d5f      0x174 ./Application/User/Core/bhy2.o
 .debug_macro   0x0000000000000ed3       0x16 ./Application/User/Core/bhy2.o
 .debug_macro   0x0000000000000ee9       0x43 ./Application/User/Core/bhy2.o
 .debug_macro   0x0000000000000f2c       0x57 ./Application/User/Core/bhy2.o
 .debug_macro   0x0000000000000f83       0x34 ./Application/User/Core/bhy2.o
 .debug_macro   0x0000000000000fb7       0x10 ./Application/User/Core/bhy2.o
 .debug_macro   0x0000000000000fc7       0x58 ./Application/User/Core/bhy2.o
 .debug_macro   0x000000000000101f       0x71 ./Application/User/Core/bhy2.o
 .debug_macro   0x0000000000001090       0x1c ./Application/User/Core/bhy2.o
 .debug_macro   0x00000000000010ac      0x12a ./Application/User/Core/bhy2.o
 .debug_macro   0x00000000000011d6      0x341 ./Application/User/Core/bhy2.o
 .debug_macro   0x0000000000001517       0x10 ./Application/User/Core/bhy2.o
 .debug_macro   0x0000000000001527       0x35 ./Application/User/Core/bhy2.o
 .debug_macro   0x000000000000155c       0x20 ./Application/User/Core/bhy2.o
 .debug_macro   0x000000000000157c      0x103 ./Application/User/Core/bhy2.o
 .debug_macro   0x000000000000167f       0x6a ./Application/User/Core/bhy2.o
 .debug_macro   0x00000000000016e9      0x1df ./Application/User/Core/bhy2.o
 .debug_macro   0x00000000000018c8      0xa62 ./Application/User/Core/bhy2.o
 .debug_macro   0x000000000000232a      0x155 ./Application/User/Core/bhy2_hif.o
 .debug_macro   0x000000000000247f      0x157 ./Application/User/Core/bhy2_parse.o
 .debug_macro   0x00000000000025d6      0x3a5 ./Application/User/Core/bosch_imu.o
 .debug_macro   0x000000000000297b      0x130 ./Application/User/Core/bosch_imu.o
 .debug_macro   0x0000000000002aab       0x16 ./Application/User/Core/bosch_imu.o
 .debug_macro   0x0000000000002ac1       0x16 ./Application/User/Core/bosch_imu.o
 .debug_macro   0x0000000000002ad7       0x29 ./Application/User/Core/bosch_imu.o
 .debug_macro   0x0000000000002b00       0xdc ./Application/User/Core/bosch_imu.o
 .debug_macro   0x0000000000002bdc       0x22 ./Application/User/Core/bosch_imu.o
 .debug_macro   0x0000000000002bfe       0x4c ./Application/User/Core/bosch_imu.o
 .debug_macro   0x0000000000002c4a       0x10 ./Application/User/Core/bosch_imu.o
 .debug_macro   0x0000000000002c5a       0xbe ./Application/User/Core/bosch_imu.o
 .debug_macro   0x0000000000002d18      0x2a1 ./Application/User/Core/bosch_imu.o
 .debug_macro   0x0000000000002fb9       0x2e ./Application/User/Core/bosch_imu.o
 .debug_macro   0x0000000000002fe7       0x28 ./Application/User/Core/bosch_imu.o
 .debug_macro   0x000000000000300f       0x1c ./Application/User/Core/bosch_imu.o
 .debug_macro   0x000000000000302b       0x22 ./Application/User/Core/bosch_imu.o
 .debug_macro   0x000000000000304d       0xd9 ./Application/User/Core/bosch_imu.o
 .debug_macro   0x0000000000003126     0x102d ./Application/User/Core/bosch_imu.o
 .debug_macro   0x0000000000004153      0x11f ./Application/User/Core/bosch_imu.o
 .debug_macro   0x0000000000004272    0x16749 ./Application/User/Core/bosch_imu.o
 .debug_macro   0x000000000001a9bb       0x6d ./Application/User/Core/bosch_imu.o
 .debug_macro   0x000000000001aa28     0x367e ./Application/User/Core/bosch_imu.o
 .debug_macro   0x000000000001e0a6       0x56 ./Application/User/Core/bosch_imu.o
 .debug_macro   0x000000000001e0fc      0xc90 ./Application/User/Core/bosch_imu.o
 .debug_macro   0x000000000001ed8c      0x9fe ./Application/User/Core/bosch_imu.o
 .debug_macro   0x000000000001f78a      0x115 ./Application/User/Core/bosch_imu.o
 .debug_macro   0x000000000001f89f      0x1a0 ./Application/User/Core/bosch_imu.o
 .debug_macro   0x000000000001fa3f       0xa5 ./Application/User/Core/bosch_imu.o
 .debug_macro   0x000000000001fae4      0x16d ./Application/User/Core/bosch_imu.o
 .debug_macro   0x000000000001fc51      0x287 ./Application/User/Core/bosch_imu.o
 .debug_macro   0x000000000001fed8       0x5f ./Application/User/Core/bosch_imu.o
 .debug_macro   0x000000000001ff37      0x236 ./Application/User/Core/bosch_imu.o
 .debug_macro   0x000000000002016d      0x132 ./Application/User/Core/bosch_imu.o
 .debug_macro   0x000000000002029f      0x29c ./Application/User/Core/bosch_imu.o
 .debug_macro   0x000000000002053b       0x2e ./Application/User/Core/bosch_imu.o
 .debug_macro   0x0000000000020569      0x1b5 ./Application/User/Core/bosch_imu.o
 .debug_macro   0x000000000002071e       0x22 ./Application/User/Core/bosch_imu.o
 .debug_macro   0x0000000000020740       0xd6 ./Application/User/Core/bosch_imu.o
 .debug_macro   0x0000000000020816      0x11a ./Application/User/Core/bosch_imu.o
 .debug_macro   0x0000000000020930       0xe8 ./Application/User/Core/bosch_imu.o
 .debug_macro   0x0000000000020a18       0x89 ./Application/User/Core/bosch_imu.o
 .debug_macro   0x0000000000020aa1      0x8e6 ./Application/User/Core/bosch_imu.o
 .debug_macro   0x0000000000021387       0x4d ./Application/User/Core/bosch_imu.o
 .debug_macro   0x00000000000213d4      0x295 ./Application/User/Core/bosch_imu.o
 .debug_macro   0x0000000000021669      0x126 ./Application/User/Core/bosch_imu.o
 .debug_macro   0x000000000002178f       0x10 ./Application/User/Core/bosch_imu.o
 .debug_macro   0x000000000002179f      0x399 ./Application/User/Core/common.o
 .debug_macro   0x0000000000021b38      0x465 ./Application/User/Core/main.o
 .debug_macro   0x0000000000021f9d       0x8e ./Application/User/Core/main.o
 .debug_macro   0x000000000002202b       0x51 ./Application/User/Core/main.o
 .debug_macro   0x000000000002207c       0x5c ./Application/User/Core/main.o
 .debug_macro   0x00000000000220d8       0x52 ./Application/User/Core/main.o
 .debug_macro   0x000000000002212a       0x16 ./Application/User/Core/main.o
 .debug_macro   0x0000000000022140       0x10 ./Application/User/Core/main.o
 .debug_macro   0x0000000000022150       0x10 ./Application/User/Core/main.o
 .debug_macro   0x0000000000022160       0x1c ./Application/User/Core/main.o
 .debug_macro   0x000000000002217c       0x52 ./Application/User/Core/main.o
 .debug_macro   0x00000000000221ce       0x22 ./Application/User/Core/main.o
 .debug_macro   0x00000000000221f0       0x10 ./Application/User/Core/main.o
 .debug_macro   0x0000000000022200       0x52 ./Application/User/Core/main.o
 .debug_macro   0x0000000000022252       0xd5 ./Application/User/Core/main.o
 .debug_macro   0x0000000000022327       0x1c ./Application/User/Core/main.o
 .debug_macro   0x0000000000022343       0x3d ./Application/User/Core/main.o
 .debug_macro   0x0000000000022380       0x16 ./Application/User/Core/main.o
 .debug_macro   0x0000000000022396      0x145 ./Application/User/Core/main.o
 .debug_macro   0x00000000000224db       0x4c ./Application/User/Core/main.o
 .debug_macro   0x0000000000022527       0x16 ./Application/User/Core/main.o
 .debug_macro   0x000000000002253d      0xa5c ./Application/User/Core/main.o
 .debug_macro   0x0000000000022f99      0x1f6 ./Application/User/Core/stm32f4xx_hal_msp.o
 .debug_macro   0x000000000002318f      0x200 ./Application/User/Core/stm32f4xx_it.o
 .debug_macro   0x000000000002338f       0xff ./Application/User/Core/sysmem.o
 .debug_macro   0x000000000002348e      0x23b ./Application/User/Core/sysmem.o
 .debug_macro   0x00000000000236c9      0x1e7 ./Drivers/CMSIS/system_stm32f4xx.o
 .debug_macro   0x00000000000238b0      0x247 ./Drivers/STM32F4xx_HAL_Driver/stm32f4xx_hal.o
 .debug_macro   0x0000000000023af7      0x1e7 ./Drivers/STM32F4xx_HAL_Driver/stm32f4xx_hal_cortex.o
 .debug_macro   0x0000000000023cde      0x1ed ./Drivers/STM32F4xx_HAL_Driver/stm32f4xx_hal_gpio.o
 .debug_macro   0x0000000000023ecb      0x22e ./Drivers/STM32F4xx_HAL_Driver/stm32f4xx_hal_i2c.o
 .debug_macro   0x00000000000240f9      0x20b ./Drivers/STM32F4xx_HAL_Driver/stm32f4xx_hal_rcc.o
 .debug_macro   0x0000000000024304      0x1e7 ./Drivers/STM32F4xx_HAL_Driver/stm32f4xx_hal_rcc_ex.o
 .debug_macro   0x00000000000244eb      0x1e8 ./Drivers/STM32F4xx_HAL_Driver/stm32f4xx_hal_tim.o
 .debug_macro   0x00000000000246d3      0x1e7 ./Drivers/STM32F4xx_HAL_Driver/stm32f4xx_hal_tim_ex.o
 .debug_macro   0x00000000000248ba      0x1e8 ./Drivers/STM32F4xx_HAL_Driver/stm32f4xx_hal_uart.o

.debug_line     0x0000000000000000    0x17850
 .debug_line    0x0000000000000000     0x1772 ./Application/User/Core/bhy2.o
 .debug_line    0x0000000000001772     0x1654 ./Application/User/Core/bhy2_hif.o
 .debug_line    0x0000000000002dc6      0x668 ./Application/User/Core/bhy2_parse.o
 .debug_line    0x000000000000342e      0xce2 ./Application/User/Core/bosch_imu.o
 .debug_line    0x0000000000004110     0x1331 ./Application/User/Core/common.o
 .debug_line    0x0000000000005441      0xd7f ./Application/User/Core/main.o
 .debug_line    0x00000000000061c0      0x7fb ./Application/User/Core/stm32f4xx_hal_msp.o
 .debug_line    0x00000000000069bb      0x7ea ./Application/User/Core/stm32f4xx_it.o
 .debug_line    0x00000000000071a5      0x4f2 ./Application/User/Core/sysmem.o
 .debug_line    0x0000000000007697       0x94 ./Application/User/Startup/startup_stm32f446retx.o
 .debug_line    0x000000000000772b      0x7a9 ./Drivers/CMSIS/system_stm32f4xx.o
 .debug_line    0x0000000000007ed4      0xa0f ./Drivers/STM32F4xx_HAL_Driver/stm32f4xx_hal.o
 .debug_line    0x00000000000088e3      0xcbe ./Drivers/STM32F4xx_HAL_Driver/stm32f4xx_hal_cortex.o
 .debug_line    0x00000000000095a1      0xb6f ./Drivers/STM32F4xx_HAL_Driver/stm32f4xx_hal_gpio.o
 .debug_line    0x000000000000a110     0x39c4 ./Drivers/STM32F4xx_HAL_Driver/stm32f4xx_hal_i2c.o
 .debug_line    0x000000000000dad4      0xd97 ./Drivers/STM32F4xx_HAL_Driver/stm32f4xx_hal_rcc.o
 .debug_line    0x000000000000e86b     0x1422 ./Drivers/STM32F4xx_HAL_Driver/stm32f4xx_hal_rcc_ex.o